[2024-12-15T22:49:08.468+0700][gc,init] CardTable entry size: 512
[2024-12-15T22:49:08.468+0700][gc     ] Using G1
[2024-12-15T22:49:08.473+0700][gc,init] Version: 23.0.1+11-39 (release)
[2024-12-15T22:49:08.473+0700][gc,init] CPUs: 12 total, 12 available
[2024-12-15T22:49:08.473+0700][gc,init] Memory: 15766M
[2024-12-15T22:49:08.473+0700][gc,init] Large Page Support: Disabled
[2024-12-15T22:49:08.473+0700][gc,init] NUMA Support: Disabled
[2024-12-15T22:49:08.473+0700][gc,init] Compressed Oops: Enabled (32-bit)
[2024-12-15T22:49:08.473+0700][gc,init] Heap Region Size: 1M
[2024-12-15T22:49:08.473+0700][gc,init] Heap Min Capacity: 1G
[2024-12-15T22:49:08.473+0700][gc,init] Heap Initial Capacity: 1G
[2024-12-15T22:49:08.473+0700][gc,init] Heap Max Capacity: 1G
[2024-12-15T22:49:08.473+0700][gc,init] Pre-touch: Disabled
[2024-12-15T22:49:08.473+0700][gc,init] Parallel Workers: 10
[2024-12-15T22:49:08.473+0700][gc,init] Concurrent Workers: 3
[2024-12-15T22:49:08.473+0700][gc,init] Concurrent Refinement Workers: 10
[2024-12-15T22:49:08.473+0700][gc,init] Periodic GC: Disabled
[2024-12-15T22:49:08.478+0700][gc,metaspace] CDS archive(s) mapped at: [0x0000782406000000-0x0000782406d91000-0x0000782406d91000), size 14225408, SharedBaseAddress: 0x0000782406000000, ArchiveRelocationMode: 1.
[2024-12-15T22:49:08.478+0700][gc,metaspace] Compressed class space mapped at: 0x0000782407000000-0x0000782447000000, reserved size: 1073741824
[2024-12-15T22:49:08.478+0700][gc,metaspace] Narrow klass base: 0x0000782406000000, Narrow klass shift: 0, Narrow klass range: 0x100000000
[2024-12-15T22:49:09.213+0700][gc,start    ] GC(0) Pause Young (Normal) (G1 Evacuation Pause)
[2024-12-15T22:49:09.214+0700][gc,task     ] GC(0) Using 10 workers of 10 for evacuation
[2024-12-15T22:49:09.217+0700][gc,phases   ] GC(0)   Pre Evacuate Collection Set: 0.12ms
[2024-12-15T22:49:09.217+0700][gc,phases   ] GC(0)   Merge Heap Roots: 0.04ms
[2024-12-15T22:49:09.217+0700][gc,phases   ] GC(0)   Evacuate Collection Set: 2.01ms
[2024-12-15T22:49:09.217+0700][gc,phases   ] GC(0)   Post Evacuate Collection Set: 0.52ms
[2024-12-15T22:49:09.217+0700][gc,phases   ] GC(0)   Other: 0.95ms
[2024-12-15T22:49:09.217+0700][gc,heap     ] GC(0) Eden regions: 51->0(44)
[2024-12-15T22:49:09.217+0700][gc,heap     ] GC(0) Survivor regions: 0->7(7)
[2024-12-15T22:49:09.217+0700][gc,heap     ] GC(0) Old regions: 2->4
[2024-12-15T22:49:09.217+0700][gc,heap     ] GC(0) Humongous regions: 0->0
[2024-12-15T22:49:09.217+0700][gc,metaspace] GC(0) Metaspace: 17312K(17536K)->17312K(17536K) NonClass: 15239K(15360K)->15239K(15360K) Class: 2072K(2176K)->2072K(2176K)
[2024-12-15T22:49:09.217+0700][gc          ] GC(0) Pause Young (Normal) (G1 Evacuation Pause) 52M->9M(1024M) 3.828ms
[2024-12-15T22:49:09.217+0700][gc,cpu      ] GC(0) User=0.02s Sys=0.00s Real=0.00s
[2024-12-15T22:49:09.371+0700][gc,start    ] GC(1) Pause Young (Concurrent Start) (Metadata GC Threshold)
[2024-12-15T22:49:09.371+0700][gc,task     ] GC(1) Using 10 workers of 10 for evacuation
[2024-12-15T22:49:09.375+0700][gc,phases   ] GC(1)   Pre Evacuate Collection Set: 0.23ms
[2024-12-15T22:49:09.375+0700][gc,phases   ] GC(1)   Merge Heap Roots: 0.03ms
[2024-12-15T22:49:09.375+0700][gc,phases   ] GC(1)   Evacuate Collection Set: 3.23ms
[2024-12-15T22:49:09.375+0700][gc,phases   ] GC(1)   Post Evacuate Collection Set: 0.55ms
[2024-12-15T22:49:09.375+0700][gc,phases   ] GC(1)   Other: 0.07ms
[2024-12-15T22:49:09.375+0700][gc,heap     ] GC(1) Eden regions: 15->0(49)
[2024-12-15T22:49:09.375+0700][gc,heap     ] GC(1) Survivor regions: 7->2(7)
[2024-12-15T22:49:09.375+0700][gc,heap     ] GC(1) Old regions: 4->10
[2024-12-15T22:49:09.375+0700][gc,heap     ] GC(1) Humongous regions: 0->0
[2024-12-15T22:49:09.375+0700][gc,metaspace] GC(1) Metaspace: 21244K(21504K)->21244K(21504K) NonClass: 18677K(18816K)->18677K(18816K) Class: 2566K(2688K)->2566K(2688K)
[2024-12-15T22:49:09.375+0700][gc          ] GC(1) Pause Young (Concurrent Start) (Metadata GC Threshold) 24M->10M(1024M) 4.402ms
[2024-12-15T22:49:09.375+0700][gc,cpu      ] GC(1) User=0.02s Sys=0.00s Real=0.00s
[2024-12-15T22:49:09.375+0700][gc          ] GC(2) Concurrent Mark Cycle
[2024-12-15T22:49:09.375+0700][gc,marking  ] GC(2) Concurrent Scan Root Regions
[2024-12-15T22:49:09.376+0700][gc,marking  ] GC(2) Concurrent Scan Root Regions 1.224ms
[2024-12-15T22:49:09.376+0700][gc,marking  ] GC(2) Concurrent Mark
[2024-12-15T22:49:09.376+0700][gc,marking  ] GC(2) Concurrent Mark From Roots
[2024-12-15T22:49:09.376+0700][gc,task     ] GC(2) Using 3 workers of 3 for marking
[2024-12-15T22:49:09.378+0700][gc,marking  ] GC(2) Concurrent Mark From Roots 1.684ms
[2024-12-15T22:49:09.378+0700][gc,marking  ] GC(2) Concurrent Preclean
[2024-12-15T22:49:09.378+0700][gc,marking  ] GC(2) Concurrent Preclean 0.007ms
[2024-12-15T22:49:09.378+0700][gc,start    ] GC(2) Pause Remark
[2024-12-15T22:49:09.379+0700][gc          ] GC(2) Pause Remark 11M->11M(1024M) 1.139ms
[2024-12-15T22:49:09.379+0700][gc,cpu      ] GC(2) User=0.00s Sys=0.00s Real=0.00s
[2024-12-15T22:49:09.379+0700][gc,marking  ] GC(2) Concurrent Mark 2.922ms
[2024-12-15T22:49:09.379+0700][gc,marking  ] GC(2) Concurrent Rebuild Remembered Sets and Scrub Regions
[2024-12-15T22:49:09.380+0700][gc,marking  ] GC(2) Concurrent Rebuild Remembered Sets and Scrub Regions 1.164ms
[2024-12-15T22:49:09.380+0700][gc,start    ] GC(2) Pause Cleanup
[2024-12-15T22:49:09.380+0700][gc          ] GC(2) Pause Cleanup 11M->11M(1024M) 0.024ms
[2024-12-15T22:49:09.380+0700][gc,cpu      ] GC(2) User=0.00s Sys=0.00s Real=0.00s
[2024-12-15T22:49:09.380+0700][gc,marking  ] GC(2) Concurrent Clear Claimed Marks
[2024-12-15T22:49:09.380+0700][gc,marking  ] GC(2) Concurrent Clear Claimed Marks 0.010ms
[2024-12-15T22:49:09.380+0700][gc,marking  ] GC(2) Concurrent Cleanup for Next Mark
[2024-12-15T22:49:09.383+0700][gc,marking  ] GC(2) Concurrent Cleanup for Next Mark 2.315ms
[2024-12-15T22:49:09.383+0700][gc          ] GC(2) Concurrent Mark Cycle 7.809ms
[2024-12-15T22:49:09.879+0700][gc,start    ] GC(3) Pause Young (Prepare Mixed) (G1 Evacuation Pause)
[2024-12-15T22:49:09.879+0700][gc,task     ] GC(3) Using 10 workers of 10 for evacuation
[2024-12-15T22:49:09.882+0700][gc,phases   ] GC(3)   Pre Evacuate Collection Set: 0.19ms
[2024-12-15T22:49:09.882+0700][gc,phases   ] GC(3)   Merge Heap Roots: 0.04ms
[2024-12-15T22:49:09.882+0700][gc,phases   ] GC(3)   Evacuate Collection Set: 2.91ms
[2024-12-15T22:49:09.882+0700][gc,phases   ] GC(3)   Post Evacuate Collection Set: 0.36ms
[2024-12-15T22:49:09.882+0700][gc,phases   ] GC(3)   Other: 0.04ms
[2024-12-15T22:49:09.882+0700][gc,heap     ] GC(3) Eden regions: 49->0(44)
[2024-12-15T22:49:09.882+0700][gc,heap     ] GC(3) Survivor regions: 2->7(7)
[2024-12-15T22:49:09.882+0700][gc,heap     ] GC(3) Old regions: 10->10
[2024-12-15T22:49:09.882+0700][gc,heap     ] GC(3) Humongous regions: 129->129
[2024-12-15T22:49:09.882+0700][gc,metaspace] GC(3) Metaspace: 32660K(32960K)->32660K(32960K) NonClass: 28959K(29120K)->28959K(29120K) Class: 3701K(3840K)->3701K(3840K)
[2024-12-15T22:49:09.882+0700][gc          ] GC(3) Pause Young (Prepare Mixed) (G1 Evacuation Pause) 188M->144M(1024M) 3.654ms
[2024-12-15T22:49:09.882+0700][gc,cpu      ] GC(3) User=0.03s Sys=0.00s Real=0.01s
[2024-12-15T22:49:10.057+0700][gc,start    ] GC(4) Pause Young (Mixed) (Metadata GC Threshold)
[2024-12-15T22:49:10.057+0700][gc,task     ] GC(4) Using 10 workers of 10 for evacuation
[2024-12-15T22:49:10.060+0700][gc,phases   ] GC(4)   Pre Evacuate Collection Set: 0.18ms
[2024-12-15T22:49:10.060+0700][gc,phases   ] GC(4)   Merge Heap Roots: 0.03ms
[2024-12-15T22:49:10.060+0700][gc,phases   ] GC(4)   Evacuate Collection Set: 2.40ms
[2024-12-15T22:49:10.060+0700][gc,phases   ] GC(4)   Post Evacuate Collection Set: 0.29ms
[2024-12-15T22:49:10.060+0700][gc,phases   ] GC(4)   Other: 0.05ms
[2024-12-15T22:49:10.060+0700][gc,heap     ] GC(4) Eden regions: 14->0(49)
[2024-12-15T22:49:10.060+0700][gc,heap     ] GC(4) Survivor regions: 7->2(7)
[2024-12-15T22:49:10.060+0700][gc,heap     ] GC(4) Old regions: 10->16
[2024-12-15T22:49:10.060+0700][gc,heap     ] GC(4) Humongous regions: 129->129
[2024-12-15T22:49:10.060+0700][gc,metaspace] GC(4) Metaspace: 35707K(35968K)->35707K(35968K) NonClass: 31613K(31744K)->31613K(31744K) Class: 4094K(4224K)->4094K(4224K)
[2024-12-15T22:49:10.060+0700][gc          ] GC(4) Pause Young (Mixed) (Metadata GC Threshold) 157M->145M(1024M) 3.081ms
[2024-12-15T22:49:10.060+0700][gc,cpu      ] GC(4) User=0.02s Sys=0.00s Real=0.01s
[2024-12-15T22:49:10.077+0700][gc,start    ] GC(5) Pause Young (Concurrent Start) (Metadata GC Threshold)
[2024-12-15T22:49:10.077+0700][gc,task     ] GC(5) Using 10 workers of 10 for evacuation
[2024-12-15T22:49:10.079+0700][gc,phases   ] GC(5)   Pre Evacuate Collection Set: 0.18ms
[2024-12-15T22:49:10.079+0700][gc,phases   ] GC(5)   Merge Heap Roots: 0.03ms
[2024-12-15T22:49:10.079+0700][gc,phases   ] GC(5)   Evacuate Collection Set: 0.73ms
[2024-12-15T22:49:10.079+0700][gc,phases   ] GC(5)   Post Evacuate Collection Set: 0.34ms
[2024-12-15T22:49:10.079+0700][gc,phases   ] GC(5)   Other: 0.10ms
[2024-12-15T22:49:10.079+0700][gc,heap     ] GC(5) Eden regions: 2->0(50)
[2024-12-15T22:49:10.079+0700][gc,heap     ] GC(5) Survivor regions: 2->1(7)
[2024-12-15T22:49:10.079+0700][gc,heap     ] GC(5) Old regions: 16->16
[2024-12-15T22:49:10.079+0700][gc,heap     ] GC(5) Humongous regions: 129->129
[2024-12-15T22:49:10.079+0700][gc,metaspace] GC(5) Metaspace: 36033K(36288K)->36033K(36288K) NonClass: 31884K(32000K)->31884K(32000K) Class: 4148K(4288K)->4148K(4288K)
[2024-12-15T22:49:10.079+0700][gc          ] GC(5) Pause Young (Concurrent Start) (Metadata GC Threshold) 147M->145M(1024M) 1.590ms
[2024-12-15T22:49:10.079+0700][gc          ] GC(6) Concurrent Mark Cycle
[2024-12-15T22:49:10.079+0700][gc,marking  ] GC(6) Concurrent Scan Root Regions
[2024-12-15T22:49:10.079+0700][gc,cpu      ] GC(5) User=0.01s Sys=0.00s Real=0.00s
[2024-12-15T22:49:10.080+0700][gc,marking  ] GC(6) Concurrent Scan Root Regions 1.035ms
[2024-12-15T22:49:10.080+0700][gc,marking  ] GC(6) Concurrent Mark
[2024-12-15T22:49:10.080+0700][gc,marking  ] GC(6) Concurrent Mark From Roots
[2024-12-15T22:49:10.080+0700][gc,task     ] GC(6) Using 3 workers of 3 for marking
[2024-12-15T22:49:10.091+0700][gc,marking  ] GC(6) Concurrent Mark From Roots 10.712ms
[2024-12-15T22:49:10.091+0700][gc,marking  ] GC(6) Concurrent Preclean
[2024-12-15T22:49:10.091+0700][gc,marking  ] GC(6) Concurrent Preclean 0.046ms
[2024-12-15T22:49:10.091+0700][gc,start    ] GC(6) Pause Remark
[2024-12-15T22:49:10.092+0700][gc          ] GC(6) Pause Remark 146M->146M(1024M) 1.731ms
[2024-12-15T22:49:10.093+0700][gc,cpu      ] GC(6) User=0.01s Sys=0.00s Real=0.00s
[2024-12-15T22:49:10.093+0700][gc,marking  ] GC(6) Concurrent Mark 12.647ms
[2024-12-15T22:49:10.093+0700][gc,marking  ] GC(6) Concurrent Rebuild Remembered Sets and Scrub Regions
[2024-12-15T22:49:10.096+0700][gc,marking  ] GC(6) Concurrent Rebuild Remembered Sets and Scrub Regions 3.234ms
[2024-12-15T22:49:10.096+0700][gc,start    ] GC(6) Pause Cleanup
[2024-12-15T22:49:10.096+0700][gc          ] GC(6) Pause Cleanup 146M->146M(1024M) 0.080ms
[2024-12-15T22:49:10.096+0700][gc,cpu      ] GC(6) User=0.00s Sys=0.00s Real=0.00s
[2024-12-15T22:49:10.096+0700][gc,marking  ] GC(6) Concurrent Clear Claimed Marks
[2024-12-15T22:49:10.096+0700][gc,marking  ] GC(6) Concurrent Clear Claimed Marks 0.027ms
[2024-12-15T22:49:10.096+0700][gc,marking  ] GC(6) Concurrent Cleanup for Next Mark
[2024-12-15T22:49:10.097+0700][gc,marking  ] GC(6) Concurrent Cleanup for Next Mark 0.650ms
[2024-12-15T22:49:10.097+0700][gc          ] GC(6) Concurrent Mark Cycle 17.904ms
[2024-12-15T23:11:31.143+0700][gc,start    ] GC(7) Pause Young (Prepare Mixed) (G1 Evacuation Pause)
[2024-12-15T23:11:31.144+0700][gc,task     ] GC(7) Using 10 workers of 10 for evacuation
[2024-12-15T23:11:31.146+0700][gc,phases   ] GC(7)   Pre Evacuate Collection Set: 0.19ms
[2024-12-15T23:11:31.146+0700][gc,phases   ] GC(7)   Merge Heap Roots: 0.05ms
[2024-12-15T23:11:31.146+0700][gc,phases   ] GC(7)   Evacuate Collection Set: 1.76ms
[2024-12-15T23:11:31.146+0700][gc,phases   ] GC(7)   Post Evacuate Collection Set: 0.44ms
[2024-12-15T23:11:31.146+0700][gc,phases   ] GC(7)   Other: 0.06ms
[2024-12-15T23:11:31.146+0700][gc,heap     ] GC(7) Eden regions: 50->0(47)
[2024-12-15T23:11:31.146+0700][gc,heap     ] GC(7) Survivor regions: 1->4(7)
[2024-12-15T23:11:31.146+0700][gc,heap     ] GC(7) Old regions: 16->16
[2024-12-15T23:11:31.146+0700][gc,heap     ] GC(7) Humongous regions: 129->129
[2024-12-15T23:11:31.146+0700][gc,metaspace] GC(7) Metaspace: 41280K(41920K)->41280K(41920K) NonClass: 36286K(36672K)->36286K(36672K) Class: 4993K(5248K)->4993K(5248K)
[2024-12-15T23:11:31.146+0700][gc          ] GC(7) Pause Young (Prepare Mixed) (G1 Evacuation Pause) 195M->148M(1024M) 2.743ms
[2024-12-15T23:11:31.146+0700][gc,cpu      ] GC(7) User=0.01s Sys=0.01s Real=0.00s
[2024-12-15T23:11:40.751+0700][gc,start    ] GC(8) Pause Young (Mixed) (G1 Evacuation Pause)
[2024-12-15T23:11:40.751+0700][gc,task     ] GC(8) Using 10 workers of 10 for evacuation
[2024-12-15T23:11:40.755+0700][gc,phases   ] GC(8)   Pre Evacuate Collection Set: 0.15ms
[2024-12-15T23:11:40.755+0700][gc,phases   ] GC(8)   Merge Heap Roots: 0.04ms
[2024-12-15T23:11:40.755+0700][gc,phases   ] GC(8)   Evacuate Collection Set: 3.01ms
[2024-12-15T23:11:40.755+0700][gc,phases   ] GC(8)   Post Evacuate Collection Set: 0.41ms
[2024-12-15T23:11:40.755+0700][gc,phases   ] GC(8)   Other: 0.05ms
[2024-12-15T23:11:40.755+0700][gc,heap     ] GC(8) Eden regions: 47->0(46)
[2024-12-15T23:11:40.755+0700][gc,heap     ] GC(8) Survivor regions: 4->5(7)
[2024-12-15T23:11:40.755+0700][gc,heap     ] GC(8) Old regions: 16->17
[2024-12-15T23:11:40.755+0700][gc,heap     ] GC(8) Humongous regions: 129->129
[2024-12-15T23:11:40.755+0700][gc,metaspace] GC(8) Metaspace: 42564K(43200K)->42564K(43200K) NonClass: 37543K(37888K)->37543K(37888K) Class: 5021K(5312K)->5021K(5312K)
[2024-12-15T23:11:40.755+0700][gc          ] GC(8) Pause Young (Mixed) (G1 Evacuation Pause) 195M->149M(1024M) 3.780ms
[2024-12-15T23:11:40.755+0700][gc,cpu      ] GC(8) User=0.03s Sys=0.01s Real=0.00s
[2024-12-15T23:11:48.686+0700][gc,start    ] GC(9) Pause Young (Normal) (G1 Evacuation Pause)
[2024-12-15T23:11:48.686+0700][gc,task     ] GC(9) Using 10 workers of 10 for evacuation
[2024-12-15T23:11:48.689+0700][gc,phases   ] GC(9)   Pre Evacuate Collection Set: 0.19ms
[2024-12-15T23:11:48.689+0700][gc,phases   ] GC(9)   Merge Heap Roots: 0.04ms
[2024-12-15T23:11:48.689+0700][gc,phases   ] GC(9)   Evacuate Collection Set: 2.51ms
[2024-12-15T23:11:48.689+0700][gc,phases   ] GC(9)   Post Evacuate Collection Set: 0.25ms
[2024-12-15T23:11:48.689+0700][gc,phases   ] GC(9)   Other: 0.06ms
[2024-12-15T23:11:48.689+0700][gc,heap     ] GC(9) Eden regions: 46->0(49)
[2024-12-15T23:11:48.689+0700][gc,heap     ] GC(9) Survivor regions: 5->2(7)
[2024-12-15T23:11:48.689+0700][gc,heap     ] GC(9) Old regions: 17->20
[2024-12-15T23:11:48.689+0700][gc,heap     ] GC(9) Humongous regions: 129->129
[2024-12-15T23:11:48.689+0700][gc,metaspace] GC(9) Metaspace: 42729K(43328K)->42729K(43328K) NonClass: 37708K(38016K)->37708K(38016K) Class: 5021K(5312K)->5021K(5312K)
[2024-12-15T23:11:48.689+0700][gc          ] GC(9) Pause Young (Normal) (G1 Evacuation Pause) 195M->150M(1024M) 3.174ms
[2024-12-15T23:11:48.689+0700][gc,cpu      ] GC(9) User=0.03s Sys=0.00s Real=0.00s
[2024-12-15T23:11:57.338+0700][gc,start    ] GC(10) Pause Young (Normal) (G1 Evacuation Pause)
[2024-12-15T23:11:57.338+0700][gc,task     ] GC(10) Using 10 workers of 10 for evacuation
[2024-12-15T23:11:57.344+0700][gc,phases   ] GC(10)   Pre Evacuate Collection Set: 0.46ms
[2024-12-15T23:11:57.344+0700][gc,phases   ] GC(10)   Merge Heap Roots: 0.22ms
[2024-12-15T23:11:57.344+0700][gc,phases   ] GC(10)   Evacuate Collection Set: 3.89ms
[2024-12-15T23:11:57.344+0700][gc,phases   ] GC(10)   Post Evacuate Collection Set: 0.82ms
[2024-12-15T23:11:57.344+0700][gc,phases   ] GC(10)   Other: 0.17ms
[2024-12-15T23:11:57.344+0700][gc,heap     ] GC(10) Eden regions: 49->0(48)
[2024-12-15T23:11:57.344+0700][gc,heap     ] GC(10) Survivor regions: 2->3(7)
[2024-12-15T23:11:57.344+0700][gc,heap     ] GC(10) Old regions: 20->20
[2024-12-15T23:11:57.344+0700][gc,heap     ] GC(10) Humongous regions: 129->129
[2024-12-15T23:11:57.344+0700][gc,metaspace] GC(10) Metaspace: 42914K(43520K)->42914K(43520K) NonClass: 37893K(38208K)->37893K(38208K) Class: 5021K(5312K)->5021K(5312K)
[2024-12-15T23:11:57.344+0700][gc          ] GC(10) Pause Young (Normal) (G1 Evacuation Pause) 199M->150M(1024M) 6.061ms
[2024-12-15T23:11:57.344+0700][gc,cpu      ] GC(10) User=0.04s Sys=0.00s Real=0.01s
[2024-12-15T23:12:05.043+0700][gc,start    ] GC(11) Pause Young (Normal) (G1 Evacuation Pause)
[2024-12-15T23:12:05.043+0700][gc,task     ] GC(11) Using 10 workers of 10 for evacuation
[2024-12-15T23:12:05.045+0700][gc,phases   ] GC(11)   Pre Evacuate Collection Set: 0.20ms
[2024-12-15T23:12:05.045+0700][gc,phases   ] GC(11)   Merge Heap Roots: 0.04ms
[2024-12-15T23:12:05.045+0700][gc,phases   ] GC(11)   Evacuate Collection Set: 1.18ms
[2024-12-15T23:12:05.045+0700][gc,phases   ] GC(11)   Post Evacuate Collection Set: 0.36ms
[2024-12-15T23:12:05.045+0700][gc,phases   ] GC(11)   Other: 0.06ms
[2024-12-15T23:12:05.045+0700][gc,heap     ] GC(11) Eden regions: 48->0(57)
[2024-12-15T23:12:05.045+0700][gc,heap     ] GC(11) Survivor regions: 3->3(7)
[2024-12-15T23:12:05.045+0700][gc,heap     ] GC(11) Old regions: 20->20
[2024-12-15T23:12:05.045+0700][gc,heap     ] GC(11) Humongous regions: 129->129
[2024-12-15T23:12:05.045+0700][gc,metaspace] GC(11) Metaspace: 42980K(43584K)->42980K(43584K) NonClass: 37959K(38272K)->37959K(38272K) Class: 5021K(5312K)->5021K(5312K)
[2024-12-15T23:12:05.045+0700][gc          ] GC(11) Pause Young (Normal) (G1 Evacuation Pause) 198M->151M(1024M) 2.041ms
[2024-12-15T23:12:05.046+0700][gc,cpu      ] GC(11) User=0.01s Sys=0.01s Real=0.00s
[2024-12-15T23:12:13.265+0700][gc,start    ] GC(12) Pause Young (Normal) (G1 Evacuation Pause)
[2024-12-15T23:12:13.265+0700][gc,task     ] GC(12) Using 10 workers of 10 for evacuation
[2024-12-15T23:12:13.268+0700][gc,phases   ] GC(12)   Pre Evacuate Collection Set: 0.14ms
[2024-12-15T23:12:13.268+0700][gc,phases   ] GC(12)   Merge Heap Roots: 0.04ms
[2024-12-15T23:12:13.268+0700][gc,phases   ] GC(12)   Evacuate Collection Set: 1.90ms
[2024-12-15T23:12:13.268+0700][gc,phases   ] GC(12)   Post Evacuate Collection Set: 0.45ms
[2024-12-15T23:12:13.268+0700][gc,phases   ] GC(12)   Other: 0.08ms
[2024-12-15T23:12:13.268+0700][gc,heap     ] GC(12) Eden regions: 57->0(55)
[2024-12-15T23:12:13.268+0700][gc,heap     ] GC(12) Survivor regions: 3->4(8)
[2024-12-15T23:12:13.268+0700][gc,heap     ] GC(12) Old regions: 20->20
[2024-12-15T23:12:13.268+0700][gc,heap     ] GC(12) Humongous regions: 129->129
[2024-12-15T23:12:13.268+0700][gc,metaspace] GC(12) Metaspace: 43151K(43776K)->43151K(43776K) NonClass: 38129K(38464K)->38129K(38464K) Class: 5021K(5312K)->5021K(5312K)
[2024-12-15T23:12:13.268+0700][gc          ] GC(12) Pause Young (Normal) (G1 Evacuation Pause) 208M->152M(1024M) 2.749ms
[2024-12-15T23:12:13.268+0700][gc,cpu      ] GC(12) User=0.01s Sys=0.00s Real=0.00s
[2024-12-15T23:12:20.527+0700][gc,start    ] GC(13) Pause Young (Normal) (G1 Evacuation Pause)
[2024-12-15T23:12:20.527+0700][gc,task     ] GC(13) Using 10 workers of 10 for evacuation
[2024-12-15T23:12:20.534+0700][gc,phases   ] GC(13)   Pre Evacuate Collection Set: 0.38ms
[2024-12-15T23:12:20.534+0700][gc,phases   ] GC(13)   Merge Heap Roots: 0.19ms
[2024-12-15T23:12:20.534+0700][gc,phases   ] GC(13)   Evacuate Collection Set: 5.54ms
[2024-12-15T23:12:20.534+0700][gc,phases   ] GC(13)   Post Evacuate Collection Set: 0.87ms
[2024-12-15T23:12:20.534+0700][gc,phases   ] GC(13)   Other: 0.14ms
[2024-12-15T23:12:20.534+0700][gc,heap     ] GC(13) Eden regions: 55->0(59)
[2024-12-15T23:12:20.535+0700][gc,heap     ] GC(13) Survivor regions: 4->5(8)
[2024-12-15T23:12:20.535+0700][gc,heap     ] GC(13) Old regions: 20->20
[2024-12-15T23:12:20.535+0700][gc,heap     ] GC(13) Humongous regions: 129->129
[2024-12-15T23:12:20.535+0700][gc,metaspace] GC(13) Metaspace: 43183K(43776K)->43183K(43776K) NonClass: 38161K(38464K)->38161K(38464K) Class: 5021K(5312K)->5021K(5312K)
[2024-12-15T23:12:20.535+0700][gc          ] GC(13) Pause Young (Normal) (G1 Evacuation Pause) 207M->152M(1024M) 7.471ms
[2024-12-15T23:12:20.535+0700][gc,cpu      ] GC(13) User=0.06s Sys=0.00s Real=0.01s
[2024-12-15T23:12:27.609+0700][gc,start    ] GC(14) Pause Young (Normal) (G1 Evacuation Pause)
[2024-12-15T23:12:27.609+0700][gc,task     ] GC(14) Using 10 workers of 10 for evacuation
[2024-12-15T23:12:27.614+0700][gc,phases   ] GC(14)   Pre Evacuate Collection Set: 0.37ms
[2024-12-15T23:12:27.614+0700][gc,phases   ] GC(14)   Merge Heap Roots: 0.15ms
[2024-12-15T23:12:27.614+0700][gc,phases   ] GC(14)   Evacuate Collection Set: 4.57ms
[2024-12-15T23:12:27.614+0700][gc,phases   ] GC(14)   Post Evacuate Collection Set: 0.48ms
[2024-12-15T23:12:27.614+0700][gc,phases   ] GC(14)   Other: 0.11ms
[2024-12-15T23:12:27.614+0700][gc,heap     ] GC(14) Eden regions: 59->0(63)
[2024-12-15T23:12:27.614+0700][gc,heap     ] GC(14) Survivor regions: 5->5(8)
[2024-12-15T23:12:27.614+0700][gc,heap     ] GC(14) Old regions: 20->20
[2024-12-15T23:12:27.614+0700][gc,heap     ] GC(14) Humongous regions: 129->129
[2024-12-15T23:12:27.614+0700][gc,metaspace] GC(14) Metaspace: 43234K(43840K)->43234K(43840K) NonClass: 38212K(38528K)->38212K(38528K) Class: 5021K(5312K)->5021K(5312K)
[2024-12-15T23:12:27.614+0700][gc          ] GC(14) Pause Young (Normal) (G1 Evacuation Pause) 211M->153M(1024M) 5.912ms
[2024-12-15T23:12:27.614+0700][gc,cpu      ] GC(14) User=0.04s Sys=0.01s Real=0.01s
[2024-12-15T23:12:34.886+0700][gc,start    ] GC(15) Pause Young (Normal) (G1 Evacuation Pause)
[2024-12-15T23:12:34.886+0700][gc,task     ] GC(15) Using 10 workers of 10 for evacuation
[2024-12-15T23:12:34.889+0700][gc,phases   ] GC(15)   Pre Evacuate Collection Set: 0.11ms
[2024-12-15T23:12:34.889+0700][gc,phases   ] GC(15)   Merge Heap Roots: 0.04ms
[2024-12-15T23:12:34.889+0700][gc,phases   ] GC(15)   Evacuate Collection Set: 2.13ms
[2024-12-15T23:12:34.889+0700][gc,phases   ] GC(15)   Post Evacuate Collection Set: 0.68ms
[2024-12-15T23:12:34.889+0700][gc,phases   ] GC(15)   Other: 0.05ms
[2024-12-15T23:12:34.889+0700][gc,heap     ] GC(15) Eden regions: 63->0(68)
[2024-12-15T23:12:34.889+0700][gc,heap     ] GC(15) Survivor regions: 5->5(9)
[2024-12-15T23:12:34.889+0700][gc,heap     ] GC(15) Old regions: 20->20
[2024-12-15T23:12:34.889+0700][gc,heap     ] GC(15) Humongous regions: 129->129
[2024-12-15T23:12:34.889+0700][gc,metaspace] GC(15) Metaspace: 43245K(43840K)->43245K(43840K) NonClass: 38224K(38528K)->38224K(38528K) Class: 5021K(5312K)->5021K(5312K)
[2024-12-15T23:12:34.889+0700][gc          ] GC(15) Pause Young (Normal) (G1 Evacuation Pause) 216M->153M(1024M) 3.114ms
[2024-12-15T23:12:34.889+0700][gc,cpu      ] GC(15) User=0.02s Sys=0.01s Real=0.00s
[2024-12-15T23:12:42.482+0700][gc,start    ] GC(16) Pause Young (Normal) (G1 Evacuation Pause)
[2024-12-15T23:12:42.482+0700][gc,task     ] GC(16) Using 10 workers of 10 for evacuation
[2024-12-15T23:12:42.485+0700][gc,phases   ] GC(16)   Pre Evacuate Collection Set: 0.13ms
[2024-12-15T23:12:42.485+0700][gc,phases   ] GC(16)   Merge Heap Roots: 0.04ms
[2024-12-15T23:12:42.485+0700][gc,phases   ] GC(16)   Evacuate Collection Set: 2.41ms
[2024-12-15T23:12:42.485+0700][gc,phases   ] GC(16)   Post Evacuate Collection Set: 0.24ms
[2024-12-15T23:12:42.485+0700][gc,phases   ] GC(16)   Other: 0.05ms
[2024-12-15T23:12:42.485+0700][gc,heap     ] GC(16) Eden regions: 69->0(75)
[2024-12-15T23:12:42.485+0700][gc,heap     ] GC(16) Survivor regions: 5->6(10)
[2024-12-15T23:12:42.485+0700][gc,heap     ] GC(16) Old regions: 20->20
[2024-12-15T23:12:42.485+0700][gc,heap     ] GC(16) Humongous regions: 129->129
[2024-12-15T23:12:42.485+0700][gc,metaspace] GC(16) Metaspace: 43544K(44096K)->43544K(44096K) NonClass: 38523K(38784K)->38523K(38784K) Class: 5021K(5312K)->5021K(5312K)
[2024-12-15T23:12:42.485+0700][gc          ] GC(16) Pause Young (Normal) (G1 Evacuation Pause) 222M->154M(1024M) 3.028ms
[2024-12-15T23:12:42.485+0700][gc,cpu      ] GC(16) User=0.02s Sys=0.01s Real=0.00s
[2024-12-15T23:12:50.851+0700][gc,start    ] GC(17) Pause Young (Normal) (G1 Evacuation Pause)
[2024-12-15T23:12:50.851+0700][gc,task     ] GC(17) Using 10 workers of 10 for evacuation
[2024-12-15T23:12:50.854+0700][gc,phases   ] GC(17)   Pre Evacuate Collection Set: 0.15ms
[2024-12-15T23:12:50.854+0700][gc,phases   ] GC(17)   Merge Heap Roots: 0.04ms
[2024-12-15T23:12:50.854+0700][gc,phases   ] GC(17)   Evacuate Collection Set: 2.51ms
[2024-12-15T23:12:50.854+0700][gc,phases   ] GC(17)   Post Evacuate Collection Set: 0.30ms
[2024-12-15T23:12:50.854+0700][gc,phases   ] GC(17)   Other: 0.06ms
[2024-12-15T23:12:50.854+0700][gc,heap     ] GC(17) Eden regions: 75->0(83)
[2024-12-15T23:12:50.854+0700][gc,heap     ] GC(17) Survivor regions: 6->7(11)
[2024-12-15T23:12:50.854+0700][gc,heap     ] GC(17) Old regions: 20->20
[2024-12-15T23:12:50.854+0700][gc,heap     ] GC(17) Humongous regions: 129->129
[2024-12-15T23:12:50.854+0700][gc,metaspace] GC(17) Metaspace: 43568K(44224K)->43568K(44224K) NonClass: 38546K(38912K)->38546K(38912K) Class: 5021K(5312K)->5021K(5312K)
[2024-12-15T23:12:50.854+0700][gc          ] GC(17) Pause Young (Normal) (G1 Evacuation Pause) 229M->155M(1024M) 3.196ms
[2024-12-15T23:12:50.854+0700][gc,cpu      ] GC(17) User=0.02s Sys=0.01s Real=0.00s
[2024-12-15T23:13:00.016+0700][gc,start    ] GC(18) Pause Young (Normal) (G1 Evacuation Pause)
[2024-12-15T23:13:00.016+0700][gc,task     ] GC(18) Using 10 workers of 10 for evacuation
[2024-12-15T23:13:00.019+0700][gc,phases   ] GC(18)   Pre Evacuate Collection Set: 0.14ms
[2024-12-15T23:13:00.019+0700][gc,phases   ] GC(18)   Merge Heap Roots: 0.05ms
[2024-12-15T23:13:00.019+0700][gc,phases   ] GC(18)   Evacuate Collection Set: 2.70ms
[2024-12-15T23:13:00.019+0700][gc,phases   ] GC(18)   Post Evacuate Collection Set: 0.20ms
[2024-12-15T23:13:00.019+0700][gc,phases   ] GC(18)   Other: 0.06ms
[2024-12-15T23:13:00.019+0700][gc,heap     ] GC(18) Eden regions: 83->0(94)
[2024-12-15T23:13:00.019+0700][gc,heap     ] GC(18) Survivor regions: 7->7(12)
[2024-12-15T23:13:00.019+0700][gc,heap     ] GC(18) Old regions: 20->20
[2024-12-15T23:13:00.019+0700][gc,heap     ] GC(18) Humongous regions: 129->129
[2024-12-15T23:13:00.019+0700][gc,metaspace] GC(18) Metaspace: 43581K(44224K)->43581K(44224K) NonClass: 38559K(38912K)->38559K(38912K) Class: 5021K(5312K)->5021K(5312K)
[2024-12-15T23:13:00.019+0700][gc          ] GC(18) Pause Young (Normal) (G1 Evacuation Pause) 238M->155M(1024M) 3.277ms
[2024-12-15T23:13:00.019+0700][gc,cpu      ] GC(18) User=0.02s Sys=0.00s Real=0.00s
[2024-12-15T23:13:10.477+0700][gc,start    ] GC(19) Pause Young (Normal) (G1 Evacuation Pause)
[2024-12-15T23:13:10.477+0700][gc,task     ] GC(19) Using 10 workers of 10 for evacuation
[2024-12-15T23:13:10.481+0700][gc,phases   ] GC(19)   Pre Evacuate Collection Set: 0.27ms
[2024-12-15T23:13:10.481+0700][gc,phases   ] GC(19)   Merge Heap Roots: 0.11ms
[2024-12-15T23:13:10.481+0700][gc,phases   ] GC(19)   Evacuate Collection Set: 3.23ms
[2024-12-15T23:13:10.481+0700][gc,phases   ] GC(19)   Post Evacuate Collection Set: 0.22ms
[2024-12-15T23:13:10.481+0700][gc,phases   ] GC(19)   Other: 0.08ms
[2024-12-15T23:13:10.481+0700][gc,heap     ] GC(19) Eden regions: 94->0(105)
[2024-12-15T23:13:10.481+0700][gc,heap     ] GC(19) Survivor regions: 7->8(13)
[2024-12-15T23:13:10.481+0700][gc,heap     ] GC(19) Old regions: 20->20
[2024-12-15T23:13:10.481+0700][gc,heap     ] GC(19) Humongous regions: 129->129
[2024-12-15T23:13:10.481+0700][gc,metaspace] GC(19) Metaspace: 43595K(44224K)->43595K(44224K) NonClass: 38574K(38912K)->38574K(38912K) Class: 5021K(5312K)->5021K(5312K)
[2024-12-15T23:13:10.481+0700][gc          ] GC(19) Pause Young (Normal) (G1 Evacuation Pause) 249M->156M(1024M) 4.051ms
[2024-12-15T23:13:10.481+0700][gc,cpu      ] GC(19) User=0.03s Sys=0.00s Real=0.01s
[2024-12-15T23:13:21.926+0700][gc,start    ] GC(20) Pause Young (Normal) (G1 Evacuation Pause)
[2024-12-15T23:13:21.926+0700][gc,task     ] GC(20) Using 10 workers of 10 for evacuation
[2024-12-15T23:13:21.930+0700][gc,phases   ] GC(20)   Pre Evacuate Collection Set: 0.16ms
[2024-12-15T23:13:21.930+0700][gc,phases   ] GC(20)   Merge Heap Roots: 0.05ms
[2024-12-15T23:13:21.930+0700][gc,phases   ] GC(20)   Evacuate Collection Set: 3.68ms
[2024-12-15T23:13:21.930+0700][gc,phases   ] GC(20)   Post Evacuate Collection Set: 0.33ms
[2024-12-15T23:13:21.930+0700][gc,phases   ] GC(20)   Other: 0.07ms
[2024-12-15T23:13:21.930+0700][gc,heap     ] GC(20) Eden regions: 105->0(117)
[2024-12-15T23:13:21.930+0700][gc,heap     ] GC(20) Survivor regions: 8->9(15)
[2024-12-15T23:13:21.930+0700][gc,heap     ] GC(20) Old regions: 20->20
[2024-12-15T23:13:21.930+0700][gc,heap     ] GC(20) Humongous regions: 129->129
[2024-12-15T23:13:21.930+0700][gc,metaspace] GC(20) Metaspace: 43595K(44224K)->43595K(44224K) NonClass: 38574K(38912K)->38574K(38912K) Class: 5021K(5312K)->5021K(5312K)
[2024-12-15T23:13:21.930+0700][gc          ] GC(20) Pause Young (Normal) (G1 Evacuation Pause) 261M->157M(1024M) 4.470ms
[2024-12-15T23:13:21.930+0700][gc,cpu      ] GC(20) User=0.03s Sys=0.00s Real=0.01s
[2024-12-15T23:13:36.291+0700][gc,start    ] GC(21) Pause Young (Normal) (G1 Evacuation Pause)
[2024-12-15T23:13:36.291+0700][gc,task     ] GC(21) Using 10 workers of 10 for evacuation
[2024-12-15T23:13:36.295+0700][gc,phases   ] GC(21)   Pre Evacuate Collection Set: 0.13ms
[2024-12-15T23:13:36.295+0700][gc,phases   ] GC(21)   Merge Heap Roots: 0.04ms
[2024-12-15T23:13:36.295+0700][gc,phases   ] GC(21)   Evacuate Collection Set: 2.94ms
[2024-12-15T23:13:36.295+0700][gc,phases   ] GC(21)   Post Evacuate Collection Set: 0.28ms
[2024-12-15T23:13:36.295+0700][gc,phases   ] GC(21)   Other: 0.05ms
[2024-12-15T23:13:36.295+0700][gc,heap     ] GC(21) Eden regions: 117->0(131)
[2024-12-15T23:13:36.295+0700][gc,heap     ] GC(21) Survivor regions: 9->10(16)
[2024-12-15T23:13:36.295+0700][gc,heap     ] GC(21) Old regions: 20->20
[2024-12-15T23:13:36.295+0700][gc,heap     ] GC(21) Humongous regions: 129->129
[2024-12-15T23:13:36.295+0700][gc,metaspace] GC(21) Metaspace: 43623K(44224K)->43623K(44224K) NonClass: 38597K(38912K)->38597K(38912K) Class: 5025K(5312K)->5025K(5312K)
[2024-12-15T23:13:36.295+0700][gc          ] GC(21) Pause Young (Normal) (G1 Evacuation Pause) 274M->158M(1024M) 3.537ms
[2024-12-15T23:13:36.295+0700][gc,cpu      ] GC(21) User=0.03s Sys=0.01s Real=0.00s
[2024-12-15T23:13:50.684+0700][gc,start    ] GC(22) Pause Young (Normal) (G1 Evacuation Pause)
[2024-12-15T23:13:50.684+0700][gc,task     ] GC(22) Using 10 workers of 10 for evacuation
[2024-12-15T23:13:50.690+0700][gc,phases   ] GC(22)   Pre Evacuate Collection Set: 0.19ms
[2024-12-15T23:13:50.690+0700][gc,phases   ] GC(22)   Merge Heap Roots: 0.07ms
[2024-12-15T23:13:50.690+0700][gc,phases   ] GC(22)   Evacuate Collection Set: 5.41ms
[2024-12-15T23:13:50.690+0700][gc,phases   ] GC(22)   Post Evacuate Collection Set: 0.47ms
[2024-12-15T23:13:50.690+0700][gc,phases   ] GC(22)   Other: 0.08ms
[2024-12-15T23:13:50.690+0700][gc,heap     ] GC(22) Eden regions: 131->0(140)
[2024-12-15T23:13:50.690+0700][gc,heap     ] GC(22) Survivor regions: 10->11(18)
[2024-12-15T23:13:50.690+0700][gc,heap     ] GC(22) Old regions: 20->20
[2024-12-15T23:13:50.690+0700][gc,heap     ] GC(22) Humongous regions: 129->129
[2024-12-15T23:13:50.690+0700][gc,metaspace] GC(22) Metaspace: 43627K(44224K)->43627K(44224K) NonClass: 38602K(38912K)->38602K(38912K) Class: 5025K(5312K)->5025K(5312K)
[2024-12-15T23:13:50.690+0700][gc          ] GC(22) Pause Young (Normal) (G1 Evacuation Pause) 289M->159M(1024M) 6.366ms
[2024-12-15T23:13:50.690+0700][gc,cpu      ] GC(22) User=0.04s Sys=0.00s Real=0.01s
[2024-12-15T23:14:05.757+0700][gc,start    ] GC(23) Pause Young (Normal) (G1 Evacuation Pause)
[2024-12-15T23:14:05.758+0700][gc,task     ] GC(23) Using 10 workers of 10 for evacuation
[2024-12-15T23:14:05.767+0700][gc,phases   ] GC(23)   Pre Evacuate Collection Set: 0.29ms
[2024-12-15T23:14:05.767+0700][gc,phases   ] GC(23)   Merge Heap Roots: 0.13ms
[2024-12-15T23:14:05.767+0700][gc,phases   ] GC(23)   Evacuate Collection Set: 7.95ms
[2024-12-15T23:14:05.767+0700][gc,phases   ] GC(23)   Post Evacuate Collection Set: 0.44ms
[2024-12-15T23:14:05.767+0700][gc,phases   ] GC(23)   Other: 0.16ms
[2024-12-15T23:14:05.767+0700][gc,heap     ] GC(23) Eden regions: 140->0(142)
[2024-12-15T23:14:05.767+0700][gc,heap     ] GC(23) Survivor regions: 11->12(19)
[2024-12-15T23:14:05.767+0700][gc,heap     ] GC(23) Old regions: 20->21
[2024-12-15T23:14:05.767+0700][gc,heap     ] GC(23) Humongous regions: 129->129
[2024-12-15T23:14:05.767+0700][gc,metaspace] GC(23) Metaspace: 43636K(44224K)->43636K(44224K) NonClass: 38610K(38912K)->38610K(38912K) Class: 5025K(5312K)->5025K(5312K)
[2024-12-15T23:14:05.767+0700][gc          ] GC(23) Pause Young (Normal) (G1 Evacuation Pause) 299M->161M(1024M) 9.250ms
[2024-12-15T23:14:05.767+0700][gc,cpu      ] GC(23) User=0.07s Sys=0.00s Real=0.01s
[2024-12-15T23:14:19.632+0700][gc,start    ] GC(24) Pause Young (Normal) (G1 Evacuation Pause)
[2024-12-15T23:14:19.632+0700][gc,task     ] GC(24) Using 10 workers of 10 for evacuation
[2024-12-15T23:14:19.638+0700][gc,phases   ] GC(24)   Pre Evacuate Collection Set: 0.18ms
[2024-12-15T23:14:19.639+0700][gc,phases   ] GC(24)   Merge Heap Roots: 0.14ms
[2024-12-15T23:14:19.639+0700][gc,phases   ] GC(24)   Evacuate Collection Set: 5.45ms
[2024-12-15T23:14:19.639+0700][gc,phases   ] GC(24)   Post Evacuate Collection Set: 0.30ms
[2024-12-15T23:14:19.639+0700][gc,phases   ] GC(24)   Other: 0.07ms
[2024-12-15T23:14:19.639+0700][gc,heap     ] GC(24) Eden regions: 135->0(161)
[2024-12-15T23:14:19.639+0700][gc,heap     ] GC(24) Survivor regions: 12->12(19)
[2024-12-15T23:14:19.639+0700][gc,heap     ] GC(24) Old regions: 21->23
[2024-12-15T23:14:19.639+0700][gc,heap     ] GC(24) Humongous regions: 129->129
[2024-12-15T23:14:19.639+0700][gc,metaspace] GC(24) Metaspace: 43713K(44288K)->43713K(44288K) NonClass: 38681K(38976K)->38681K(38976K) Class: 5032K(5312K)->5032K(5312K)
[2024-12-15T23:14:19.639+0700][gc          ] GC(24) Pause Young (Normal) (G1 Evacuation Pause) 296M->162M(1024M) 6.277ms
[2024-12-15T23:14:19.639+0700][gc,cpu      ] GC(24) User=0.05s Sys=0.00s Real=0.00s
[2024-12-15T23:52:30.093+0700][gc,start    ] GC(25) Pause Young (Normal) (G1 Evacuation Pause)
[2024-12-15T23:52:30.093+0700][gc,task     ] GC(25) Using 10 workers of 10 for evacuation
[2024-12-15T23:52:30.101+0700][gc,phases   ] GC(25)   Pre Evacuate Collection Set: 0.56ms
[2024-12-15T23:52:30.101+0700][gc,phases   ] GC(25)   Merge Heap Roots: 0.61ms
[2024-12-15T23:52:30.101+0700][gc,phases   ] GC(25)   Evacuate Collection Set: 6.28ms
[2024-12-15T23:52:30.101+0700][gc,phases   ] GC(25)   Post Evacuate Collection Set: 0.52ms
[2024-12-15T23:52:30.101+0700][gc,phases   ] GC(25)   Other: 0.16ms
[2024-12-15T23:52:30.101+0700][gc,heap     ] GC(25) Eden regions: 149->0(154)
[2024-12-15T23:52:30.101+0700][gc,heap     ] GC(25) Survivor regions: 12->14(21)
[2024-12-15T23:52:30.101+0700][gc,heap     ] GC(25) Old regions: 23->23
[2024-12-15T23:52:30.101+0700][gc,heap     ] GC(25) Humongous regions: 129->129
[2024-12-15T23:52:30.101+0700][gc,metaspace] GC(25) Metaspace: 45516K(46208K)->45516K(46208K) NonClass: 40186K(40576K)->40186K(40576K) Class: 5330K(5632K)->5330K(5632K)
[2024-12-15T23:52:30.101+0700][gc          ] GC(25) Pause Young (Normal) (G1 Evacuation Pause) 311M->164M(1024M) 8.353ms
[2024-12-15T23:52:30.101+0700][gc,cpu      ] GC(25) User=0.07s Sys=0.01s Real=0.01s
[2024-12-15T23:55:50.415+0700][gc,heap,exit] Heap
[2024-12-15T23:55:50.415+0700][gc,heap,exit]  garbage-first heap   total reserved 1048576K, committed 1048576K, used 190732K [0x00000000c0000000, 0x0000000100000000)
[2024-12-15T23:55:50.415+0700][gc,heap,exit]   region size 1024K, 36 young (36864K), 14 survivors (14336K)
[2024-12-15T23:55:50.415+0700][gc,heap,exit]  Metaspace       used 46495K, committed 47232K, reserved 1114112K
[2024-12-15T23:55:50.415+0700][gc,heap,exit]   class space    used 5521K, committed 5824K, reserved 1048576K
