[2024-11-13T07:54:29.149+0700][gc] Using G1
[2024-11-13T07:54:29.155+0700][gc,init] Version: 17.0.12+8-LTS-286 (release)
[2024-11-13T07:54:29.155+0700][gc,init] CPUs: 12 total, 12 available
[2024-11-13T07:54:29.155+0700][gc,init] Memory: 15766M
[2024-11-13T07:54:29.155+0700][gc,init] Large Page Support: Disabled
[2024-11-13T07:54:29.155+0700][gc,init] NUMA Support: Disabled
[2024-11-13T07:54:29.155+0700][gc,init] Compressed Oops: Enabled (32-bit)
[2024-11-13T07:54:29.155+0700][gc,init] Heap Region Size: 1M
[2024-11-13T07:54:29.155+0700][gc,init] Heap Min Capacity: 1G
[2024-11-13T07:54:29.156+0700][gc,init] Heap Initial Capacity: 1G
[2024-11-13T07:54:29.156+0700][gc,init] Heap Max Capacity: 1G
[2024-11-13T07:54:29.156+0700][gc,init] Pre-touch: Disabled
[2024-11-13T07:54:29.156+0700][gc,init] Parallel Workers: 10
[2024-11-13T07:54:29.156+0700][gc,init] Concurrent Workers: 3
[2024-11-13T07:54:29.156+0700][gc,init] Concurrent Refinement Workers: 10
[2024-11-13T07:54:29.156+0700][gc,init] Periodic GC: Disabled
[2024-11-13T07:54:29.160+0700][gc,metaspace] CDS archive(s) mapped at: [0x00007939bf000000-0x00007939bfbee000-0x00007939bfbee000), size 12509184, SharedBaseAddress: 0x00007939bf000000, ArchiveRelocationMode: 1.
[2024-11-13T07:54:29.160+0700][gc,metaspace] Compressed class space mapped at: 0x00007939c0000000-0x0000793a00000000, reserved size: 1073741824
[2024-11-13T07:54:29.160+0700][gc,metaspace] Narrow klass base: 0x00007939bf000000, Narrow klass shift: 0, Narrow klass range: 0x100000000
[2024-11-13T07:54:29.842+0700][gc,start    ] GC(0) Pause Young (Normal) (G1 Evacuation Pause)
[2024-11-13T07:54:29.842+0700][gc,task     ] GC(0) Using 10 workers of 10 for evacuation
[2024-11-13T07:54:29.845+0700][gc,phases   ] GC(0)   Pre Evacuate Collection Set: 0.1ms
[2024-11-13T07:54:29.845+0700][gc,phases   ] GC(0)   Merge Heap Roots: 0.0ms
[2024-11-13T07:54:29.845+0700][gc,phases   ] GC(0)   Evacuate Collection Set: 2.0ms
[2024-11-13T07:54:29.845+0700][gc,phases   ] GC(0)   Post Evacuate Collection Set: 0.4ms
[2024-11-13T07:54:29.845+0700][gc,phases   ] GC(0)   Other: 0.9ms
[2024-11-13T07:54:29.845+0700][gc,heap     ] GC(0) Eden regions: 51->0(44)
[2024-11-13T07:54:29.845+0700][gc,heap     ] GC(0) Survivor regions: 0->7(7)
[2024-11-13T07:54:29.845+0700][gc,heap     ] GC(0) Old regions: 0->1
[2024-11-13T07:54:29.845+0700][gc,heap     ] GC(0) Archive regions: 2->2
[2024-11-13T07:54:29.845+0700][gc,heap     ] GC(0) Humongous regions: 0->0
[2024-11-13T07:54:29.845+0700][gc,metaspace] GC(0) Metaspace: 18069K(18304K)->18069K(18304K) NonClass: 15886K(16000K)->15886K(16000K) Class: 2183K(2304K)->2183K(2304K)
[2024-11-13T07:54:29.845+0700][gc          ] GC(0) Pause Young (Normal) (G1 Evacuation Pause) 51M->8M(1024M) 3.508ms
[2024-11-13T07:54:29.845+0700][gc,cpu      ] GC(0) User=0.02s Sys=0.00s Real=0.00s
[2024-11-13T07:54:30.053+0700][gc,start    ] GC(1) Pause Young (Concurrent Start) (Metadata GC Threshold)
[2024-11-13T07:54:30.053+0700][gc,task     ] GC(1) Using 10 workers of 10 for evacuation
[2024-11-13T07:54:30.055+0700][gc,phases   ] GC(1)   Pre Evacuate Collection Set: 0.1ms
[2024-11-13T07:54:30.056+0700][gc,phases   ] GC(1)   Merge Heap Roots: 0.0ms
[2024-11-13T07:54:30.056+0700][gc,phases   ] GC(1)   Evacuate Collection Set: 2.0ms
[2024-11-13T07:54:30.056+0700][gc,phases   ] GC(1)   Post Evacuate Collection Set: 0.6ms
[2024-11-13T07:54:30.056+0700][gc,phases   ] GC(1)   Other: 0.2ms
[2024-11-13T07:54:30.056+0700][gc,heap     ] GC(1) Eden regions: 14->0(48)
[2024-11-13T07:54:30.056+0700][gc,heap     ] GC(1) Survivor regions: 7->3(7)
[2024-11-13T07:54:30.056+0700][gc,heap     ] GC(1) Old regions: 1->8
[2024-11-13T07:54:30.056+0700][gc,heap     ] GC(1) Archive regions: 2->2
[2024-11-13T07:54:30.056+0700][gc,heap     ] GC(1) Humongous regions: 129->129
[2024-11-13T07:54:30.056+0700][gc,metaspace] GC(1) Metaspace: 21336K(21504K)->21336K(21504K) NonClass: 18759K(18816K)->18759K(18816K) Class: 2576K(2688K)->2576K(2688K)
[2024-11-13T07:54:30.056+0700][gc          ] GC(1) Pause Young (Concurrent Start) (Metadata GC Threshold) 151M->139M(1024M) 3.003ms
[2024-11-13T07:54:30.056+0700][gc,cpu      ] GC(1) User=0.01s Sys=0.00s Real=0.00s
[2024-11-13T07:54:30.056+0700][gc          ] GC(2) Concurrent Mark Cycle
[2024-11-13T07:54:30.056+0700][gc,marking  ] GC(2) Concurrent Clear Claimed Marks
[2024-11-13T07:54:30.056+0700][gc,marking  ] GC(2) Concurrent Clear Claimed Marks 0.047ms
[2024-11-13T07:54:30.056+0700][gc,marking  ] GC(2) Concurrent Scan Root Regions
[2024-11-13T07:54:30.059+0700][gc,marking  ] GC(2) Concurrent Scan Root Regions 3.375ms
[2024-11-13T07:54:30.059+0700][gc,marking  ] GC(2) Concurrent Mark
[2024-11-13T07:54:30.059+0700][gc,marking  ] GC(2) Concurrent Mark From Roots
[2024-11-13T07:54:30.059+0700][gc,task     ] GC(2) Using 3 workers of 3 for marking
[2024-11-13T07:54:30.063+0700][gc,marking  ] GC(2) Concurrent Mark From Roots 4.224ms
[2024-11-13T07:54:30.064+0700][gc,marking  ] GC(2) Concurrent Preclean
[2024-11-13T07:54:30.064+0700][gc,marking  ] GC(2) Concurrent Preclean 0.201ms
[2024-11-13T07:54:30.064+0700][gc,start    ] GC(2) Pause Remark
[2024-11-13T07:54:30.067+0700][gc          ] GC(2) Pause Remark 140M->140M(1024M) 2.163ms
[2024-11-13T07:54:30.067+0700][gc,cpu      ] GC(2) User=0.01s Sys=0.00s Real=0.00s
[2024-11-13T07:54:30.067+0700][gc,marking  ] GC(2) Concurrent Mark 7.513ms
[2024-11-13T07:54:30.067+0700][gc,marking  ] GC(2) Concurrent Rebuild Remembered Sets
[2024-11-13T07:54:30.067+0700][gc,marking  ] GC(2) Concurrent Rebuild Remembered Sets 0.013ms
[2024-11-13T07:54:30.067+0700][gc,start    ] GC(2) Pause Cleanup
[2024-11-13T07:54:30.067+0700][gc          ] GC(2) Pause Cleanup 140M->140M(1024M) 0.023ms
[2024-11-13T07:54:30.067+0700][gc,cpu      ] GC(2) User=0.00s Sys=0.00s Real=0.00s
[2024-11-13T07:54:30.067+0700][gc,marking  ] GC(2) Concurrent Cleanup for Next Mark
[2024-11-13T07:54:30.074+0700][gc,marking  ] GC(2) Concurrent Cleanup for Next Mark 6.796ms
[2024-11-13T07:54:30.074+0700][gc          ] GC(2) Concurrent Mark Cycle 18.171ms
[2024-11-13T07:54:30.610+0700][gc,start    ] GC(3) Pause Young (Normal) (G1 Evacuation Pause)
[2024-11-13T07:54:30.610+0700][gc,task     ] GC(3) Using 10 workers of 10 for evacuation
[2024-11-13T07:54:30.613+0700][gc,phases   ] GC(3)   Pre Evacuate Collection Set: 0.1ms
[2024-11-13T07:54:30.613+0700][gc,phases   ] GC(3)   Merge Heap Roots: 0.0ms
[2024-11-13T07:54:30.613+0700][gc,phases   ] GC(3)   Evacuate Collection Set: 2.3ms
[2024-11-13T07:54:30.613+0700][gc,phases   ] GC(3)   Post Evacuate Collection Set: 0.4ms
[2024-11-13T07:54:30.613+0700][gc,phases   ] GC(3)   Other: 0.1ms
[2024-11-13T07:54:30.613+0700][gc,heap     ] GC(3) Eden regions: 48->0(44)
[2024-11-13T07:54:30.613+0700][gc,heap     ] GC(3) Survivor regions: 3->7(7)
[2024-11-13T07:54:30.613+0700][gc,heap     ] GC(3) Old regions: 8->8
[2024-11-13T07:54:30.613+0700][gc,heap     ] GC(3) Archive regions: 2->2
[2024-11-13T07:54:30.613+0700][gc,heap     ] GC(3) Humongous regions: 129->129
[2024-11-13T07:54:30.613+0700][gc,metaspace] GC(3) Metaspace: 32775K(33024K)->32775K(33024K) NonClass: 29109K(29248K)->29109K(29248K) Class: 3665K(3776K)->3665K(3776K)
[2024-11-13T07:54:30.613+0700][gc          ] GC(3) Pause Young (Normal) (G1 Evacuation Pause) 187M->144M(1024M) 2.878ms
[2024-11-13T07:54:30.613+0700][gc,cpu      ] GC(3) User=0.02s Sys=0.00s Real=0.00s
[2024-11-13T07:55:04.058+0700][gc,start    ] GC(4) Pause Young (Concurrent Start) (Metadata GC Threshold)
[2024-11-13T07:55:04.059+0700][gc,task     ] GC(4) Using 10 workers of 10 for evacuation
[2024-11-13T07:55:04.069+0700][gc,phases   ] GC(4)   Pre Evacuate Collection Set: 0.4ms
[2024-11-13T07:55:04.069+0700][gc,phases   ] GC(4)   Merge Heap Roots: 0.2ms
[2024-11-13T07:55:04.069+0700][gc,phases   ] GC(4)   Evacuate Collection Set: 8.7ms
[2024-11-13T07:55:04.069+0700][gc,phases   ] GC(4)   Post Evacuate Collection Set: 0.9ms
[2024-11-13T07:55:04.069+0700][gc,phases   ] GC(4)   Other: 0.4ms
[2024-11-13T07:55:04.069+0700][gc,heap     ] GC(4) Eden regions: 16->0(49)
[2024-11-13T07:55:04.069+0700][gc,heap     ] GC(4) Survivor regions: 7->2(7)
[2024-11-13T07:55:04.069+0700][gc,heap     ] GC(4) Old regions: 8->14
[2024-11-13T07:55:04.069+0700][gc,heap     ] GC(4) Archive regions: 2->2
[2024-11-13T07:55:04.069+0700][gc,heap     ] GC(4) Humongous regions: 129->129
[2024-11-13T07:55:04.069+0700][gc,metaspace] GC(4) Metaspace: 35858K(36160K)->35858K(36160K) NonClass: 31741K(31872K)->31741K(31872K) Class: 4116K(4288K)->4116K(4288K)
[2024-11-13T07:55:04.069+0700][gc          ] GC(4) Pause Young (Concurrent Start) (Metadata GC Threshold) 159M->145M(1024M) 10.788ms
[2024-11-13T07:55:04.069+0700][gc,cpu      ] GC(4) User=0.08s Sys=0.00s Real=0.02s
[2024-11-13T07:55:04.069+0700][gc          ] GC(5) Concurrent Mark Cycle
[2024-11-13T07:55:04.069+0700][gc,marking  ] GC(5) Concurrent Clear Claimed Marks
[2024-11-13T07:55:04.069+0700][gc,marking  ] GC(5) Concurrent Clear Claimed Marks 0.039ms
[2024-11-13T07:55:04.070+0700][gc,marking  ] GC(5) Concurrent Scan Root Regions
[2024-11-13T07:55:04.075+0700][gc,marking  ] GC(5) Concurrent Scan Root Regions 5.961ms
[2024-11-13T07:55:04.076+0700][gc,marking  ] GC(5) Concurrent Mark
[2024-11-13T07:55:04.076+0700][gc,marking  ] GC(5) Concurrent Mark From Roots
[2024-11-13T07:55:04.076+0700][gc,task     ] GC(5) Using 3 workers of 3 for marking
[2024-11-13T07:55:04.089+0700][gc,marking  ] GC(5) Concurrent Mark From Roots 13.867ms
[2024-11-13T07:55:04.089+0700][gc,marking  ] GC(5) Concurrent Preclean
[2024-11-13T07:55:04.090+0700][gc,marking  ] GC(5) Concurrent Preclean 0.315ms
[2024-11-13T07:55:04.090+0700][gc,start    ] GC(5) Pause Remark
[2024-11-13T07:55:04.093+0700][gc          ] GC(5) Pause Remark 146M->146M(1024M) 2.725ms
[2024-11-13T07:55:04.093+0700][gc,cpu      ] GC(5) User=0.02s Sys=0.00s Real=0.00s
[2024-11-13T07:55:04.093+0700][gc,marking  ] GC(5) Concurrent Mark 17.407ms
[2024-11-13T07:55:04.093+0700][gc,marking  ] GC(5) Concurrent Rebuild Remembered Sets
[2024-11-13T07:55:04.093+0700][gc,marking  ] GC(5) Concurrent Rebuild Remembered Sets 0.016ms
[2024-11-13T07:55:04.093+0700][gc,start    ] GC(5) Pause Cleanup
[2024-11-13T07:55:04.093+0700][gc          ] GC(5) Pause Cleanup 146M->146M(1024M) 0.039ms
[2024-11-13T07:55:04.093+0700][gc,cpu      ] GC(5) User=0.00s Sys=0.00s Real=0.00s
[2024-11-13T07:55:04.093+0700][gc,marking  ] GC(5) Concurrent Cleanup for Next Mark
[2024-11-13T07:55:04.104+0700][gc,marking  ] GC(5) Concurrent Cleanup for Next Mark 10.972ms
[2024-11-13T07:55:04.104+0700][gc          ] GC(5) Concurrent Mark Cycle 34.992ms
[2024-11-13T08:03:05.215+0700][gc,start    ] GC(6) Pause Young (Normal) (G1 Evacuation Pause)
[2024-11-13T08:03:05.215+0700][gc,task     ] GC(6) Using 10 workers of 10 for evacuation
[2024-11-13T08:03:05.218+0700][gc,phases   ] GC(6)   Pre Evacuate Collection Set: 0.1ms
[2024-11-13T08:03:05.218+0700][gc,phases   ] GC(6)   Merge Heap Roots: 0.0ms
[2024-11-13T08:03:05.218+0700][gc,phases   ] GC(6)   Evacuate Collection Set: 2.1ms
[2024-11-13T08:03:05.218+0700][gc,phases   ] GC(6)   Post Evacuate Collection Set: 0.4ms
[2024-11-13T08:03:05.218+0700][gc,phases   ] GC(6)   Other: 0.1ms
[2024-11-13T08:03:05.218+0700][gc,heap     ] GC(6) Eden regions: 49->0(46)
[2024-11-13T08:03:05.218+0700][gc,heap     ] GC(6) Survivor regions: 2->5(7)
[2024-11-13T08:03:05.218+0700][gc,heap     ] GC(6) Old regions: 14->14
[2024-11-13T08:03:05.218+0700][gc,heap     ] GC(6) Archive regions: 2->2
[2024-11-13T08:03:05.218+0700][gc,heap     ] GC(6) Humongous regions: 129->129
[2024-11-13T08:03:05.218+0700][gc,metaspace] GC(6) Metaspace: 41584K(42176K)->41584K(42176K) NonClass: 36518K(36864K)->36518K(36864K) Class: 5065K(5312K)->5065K(5312K)
[2024-11-13T08:03:05.218+0700][gc          ] GC(6) Pause Young (Normal) (G1 Evacuation Pause) 194M->148M(1024M) 2.874ms
[2024-11-13T08:03:05.218+0700][gc,cpu      ] GC(6) User=0.02s Sys=0.00s Real=0.00s
[2024-11-13T08:20:59.998+0700][gc,start    ] GC(7) Pause Young (Normal) (G1 Evacuation Pause)
[2024-11-13T08:20:59.998+0700][gc,task     ] GC(7) Using 10 workers of 10 for evacuation
[2024-11-13T08:21:00.001+0700][gc,phases   ] GC(7)   Pre Evacuate Collection Set: 0.1ms
[2024-11-13T08:21:00.001+0700][gc,phases   ] GC(7)   Merge Heap Roots: 0.0ms
[2024-11-13T08:21:00.001+0700][gc,phases   ] GC(7)   Evacuate Collection Set: 1.7ms
[2024-11-13T08:21:00.001+0700][gc,phases   ] GC(7)   Post Evacuate Collection Set: 0.6ms
[2024-11-13T08:21:00.001+0700][gc,phases   ] GC(7)   Other: 0.1ms
[2024-11-13T08:21:00.001+0700][gc,heap     ] GC(7) Eden regions: 46->0(46)
[2024-11-13T08:21:00.001+0700][gc,heap     ] GC(7) Survivor regions: 5->5(7)
[2024-11-13T08:21:00.001+0700][gc,heap     ] GC(7) Old regions: 14->15
[2024-11-13T08:21:00.001+0700][gc,heap     ] GC(7) Archive regions: 2->2
[2024-11-13T08:21:00.001+0700][gc,heap     ] GC(7) Humongous regions: 129->129
[2024-11-13T08:21:00.001+0700][gc,metaspace] GC(7) Metaspace: 42569K(43136K)->42569K(43136K) NonClass: 37460K(37760K)->37460K(37760K) Class: 5109K(5376K)->5109K(5376K)
[2024-11-13T08:21:00.001+0700][gc          ] GC(7) Pause Young (Normal) (G1 Evacuation Pause) 194M->149M(1024M) 2.678ms
[2024-11-13T08:21:00.001+0700][gc,cpu      ] GC(7) User=0.01s Sys=0.00s Real=0.01s
[2024-11-13T08:52:45.400+0700][gc,start    ] GC(8) Pause Young (Normal) (G1 Evacuation Pause)
[2024-11-13T08:52:45.400+0700][gc,task     ] GC(8) Using 10 workers of 10 for evacuation
[2024-11-13T08:52:45.407+0700][gc,phases   ] GC(8)   Pre Evacuate Collection Set: 0.2ms
[2024-11-13T08:52:45.407+0700][gc,phases   ] GC(8)   Merge Heap Roots: 0.2ms
[2024-11-13T08:52:45.407+0700][gc,phases   ] GC(8)   Evacuate Collection Set: 5.8ms
[2024-11-13T08:52:45.407+0700][gc,phases   ] GC(8)   Post Evacuate Collection Set: 0.9ms
[2024-11-13T08:52:45.407+0700][gc,phases   ] GC(8)   Other: 0.3ms
[2024-11-13T08:52:45.407+0700][gc,heap     ] GC(8) Eden regions: 46->0(62)
[2024-11-13T08:52:45.407+0700][gc,heap     ] GC(8) Survivor regions: 5->2(7)
[2024-11-13T08:52:45.407+0700][gc,heap     ] GC(8) Old regions: 15->18
[2024-11-13T08:52:45.407+0700][gc,heap     ] GC(8) Archive regions: 2->2
[2024-11-13T08:52:45.407+0700][gc,heap     ] GC(8) Humongous regions: 129->129
[2024-11-13T08:52:45.407+0700][gc,metaspace] GC(8) Metaspace: 42743K(43328K)->42743K(43328K) NonClass: 37633K(37952K)->37633K(37952K) Class: 5109K(5376K)->5109K(5376K)
[2024-11-13T08:52:45.407+0700][gc          ] GC(8) Pause Young (Normal) (G1 Evacuation Pause) 195M->149M(1024M) 7.660ms
[2024-11-13T08:52:45.407+0700][gc,cpu      ] GC(8) User=0.06s Sys=0.01s Real=0.00s
[2024-11-13T09:37:12.061+0700][gc,start    ] GC(9) Pause Young (Normal) (G1 Evacuation Pause)
[2024-11-13T09:37:12.061+0700][gc,task     ] GC(9) Using 10 workers of 10 for evacuation
[2024-11-13T09:37:12.063+0700][gc,phases   ] GC(9)   Pre Evacuate Collection Set: 0.2ms
[2024-11-13T09:37:12.063+0700][gc,phases   ] GC(9)   Merge Heap Roots: 0.1ms
[2024-11-13T09:37:12.063+0700][gc,phases   ] GC(9)   Evacuate Collection Set: 1.6ms
[2024-11-13T09:37:12.063+0700][gc,phases   ] GC(9)   Post Evacuate Collection Set: 0.4ms
[2024-11-13T09:37:12.063+0700][gc,phases   ] GC(9)   Other: 0.5ms
[2024-11-13T09:37:12.063+0700][gc,heap     ] GC(9) Eden regions: 62->0(264)
[2024-11-13T09:37:12.063+0700][gc,heap     ] GC(9) Survivor regions: 2->2(8)
[2024-11-13T09:37:12.063+0700][gc,heap     ] GC(9) Old regions: 18->18
[2024-11-13T09:37:12.063+0700][gc,heap     ] GC(9) Archive regions: 2->2
[2024-11-13T09:37:12.063+0700][gc,heap     ] GC(9) Humongous regions: 129->129
[2024-11-13T09:37:12.064+0700][gc,metaspace] GC(9) Metaspace: 42861K(43456K)->42861K(43456K) NonClass: 37749K(38080K)->37749K(38080K) Class: 5112K(5376K)->5112K(5376K)
[2024-11-13T09:37:12.064+0700][gc          ] GC(9) Pause Young (Normal) (G1 Evacuation Pause) 211M->149M(1024M) 2.770ms
[2024-11-13T09:37:12.064+0700][gc,cpu      ] GC(9) User=0.01s Sys=0.00s Real=0.01s
[2024-11-13T12:44:46.086+0700][gc,heap,exit] Heap
[2024-11-13T12:44:46.086+0700][gc,heap,exit]  garbage-first heap   total 1048576K, used 251958K [0x00000000c0000000, 0x0000000100000000)
[2024-11-13T12:44:46.086+0700][gc,heap,exit]   region size 1024K, 99 young (101376K), 2 survivors (2048K)
[2024-11-13T12:44:46.086+0700][gc,heap,exit]  Metaspace       used 43792K, committed 44352K, reserved 1114112K
[2024-11-13T12:44:46.086+0700][gc,heap,exit]   class space    used 5299K, committed 5568K, reserved 1048576K
