[2025-01-10T09:47:52.770+0700][gc] Using G1
[2025-01-10T09:47:52.775+0700][gc,init] Version: 17.0.12+8-LTS-286 (release)
[2025-01-10T09:47:52.775+0700][gc,init] CPUs: 12 total, 12 available
[2025-01-10T09:47:52.775+0700][gc,init] Memory: 15766M
[2025-01-10T09:47:52.775+0700][gc,init] Large Page Support: Disabled
[2025-01-10T09:47:52.775+0700][gc,init] NUMA Support: Disabled
[2025-01-10T09:47:52.775+0700][gc,init] Compressed Oops: Enabled (32-bit)
[2025-01-10T09:47:52.775+0700][gc,init] Heap Region Size: 1M
[2025-01-10T09:47:52.775+0700][gc,init] Heap Min Capacity: 1G
[2025-01-10T09:47:52.775+0700][gc,init] Heap Initial Capacity: 1G
[2025-01-10T09:47:52.775+0700][gc,init] Heap Max Capacity: 1G
[2025-01-10T09:47:52.775+0700][gc,init] Pre-touch: Disabled
[2025-01-10T09:47:52.775+0700][gc,init] Parallel Workers: 10
[2025-01-10T09:47:52.775+0700][gc,init] Concurrent Workers: 3
[2025-01-10T09:47:52.775+0700][gc,init] Concurrent Refinement Workers: 10
[2025-01-10T09:47:52.775+0700][gc,init] Periodic GC: Disabled
[2025-01-10T09:47:52.780+0700][gc,metaspace] CDS archive(s) mapped at: [0x000072659f000000-0x000072659fbee000-0x000072659fbee000), size 12509184, SharedBaseAddress: 0x000072659f000000, ArchiveRelocationMode: 1.
[2025-01-10T09:47:52.780+0700][gc,metaspace] Compressed class space mapped at: 0x00007265a0000000-0x00007265e0000000, reserved size: 1073741824
[2025-01-10T09:47:52.780+0700][gc,metaspace] Narrow klass base: 0x000072659f000000, Narrow klass shift: 0, Narrow klass range: 0x100000000
[2025-01-10T09:47:53.381+0700][gc,start    ] GC(0) Pause Young (Normal) (G1 Evacuation Pause)
[2025-01-10T09:47:53.381+0700][gc,task     ] GC(0) Using 10 workers of 10 for evacuation
[2025-01-10T09:47:53.384+0700][gc,phases   ] GC(0)   Pre Evacuate Collection Set: 0.1ms
[2025-01-10T09:47:53.384+0700][gc,phases   ] GC(0)   Merge Heap Roots: 0.0ms
[2025-01-10T09:47:53.384+0700][gc,phases   ] GC(0)   Evacuate Collection Set: 2.1ms
[2025-01-10T09:47:53.384+0700][gc,phases   ] GC(0)   Post Evacuate Collection Set: 0.4ms
[2025-01-10T09:47:53.384+0700][gc,phases   ] GC(0)   Other: 0.6ms
[2025-01-10T09:47:53.384+0700][gc,heap     ] GC(0) Eden regions: 51->0(44)
[2025-01-10T09:47:53.384+0700][gc,heap     ] GC(0) Survivor regions: 0->7(7)
[2025-01-10T09:47:53.384+0700][gc,heap     ] GC(0) Old regions: 0->1
[2025-01-10T09:47:53.384+0700][gc,heap     ] GC(0) Archive regions: 2->2
[2025-01-10T09:47:53.384+0700][gc,heap     ] GC(0) Humongous regions: 0->0
[2025-01-10T09:47:53.384+0700][gc,metaspace] GC(0) Metaspace: 17972K(18240K)->17972K(18240K) NonClass: 15797K(15936K)->15797K(15936K) Class: 2174K(2304K)->2174K(2304K)
[2025-01-10T09:47:53.384+0700][gc          ] GC(0) Pause Young (Normal) (G1 Evacuation Pause) 51M->8M(1024M) 3.207ms
[2025-01-10T09:47:53.384+0700][gc,cpu      ] GC(0) User=0.02s Sys=0.01s Real=0.00s
[2025-01-10T09:47:53.565+0700][gc,start    ] GC(1) Pause Young (Concurrent Start) (Metadata GC Threshold)
[2025-01-10T09:47:53.565+0700][gc,task     ] GC(1) Using 10 workers of 10 for evacuation
[2025-01-10T09:47:53.568+0700][gc,phases   ] GC(1)   Pre Evacuate Collection Set: 0.1ms
[2025-01-10T09:47:53.568+0700][gc,phases   ] GC(1)   Merge Heap Roots: 0.0ms
[2025-01-10T09:47:53.568+0700][gc,phases   ] GC(1)   Evacuate Collection Set: 2.4ms
[2025-01-10T09:47:53.568+0700][gc,phases   ] GC(1)   Post Evacuate Collection Set: 0.3ms
[2025-01-10T09:47:53.568+0700][gc,phases   ] GC(1)   Other: 0.2ms
[2025-01-10T09:47:53.568+0700][gc,heap     ] GC(1) Eden regions: 14->0(49)
[2025-01-10T09:47:53.568+0700][gc,heap     ] GC(1) Survivor regions: 7->2(7)
[2025-01-10T09:47:53.568+0700][gc,heap     ] GC(1) Old regions: 1->9
[2025-01-10T09:47:53.568+0700][gc,heap     ] GC(1) Archive regions: 2->2
[2025-01-10T09:47:53.568+0700][gc,heap     ] GC(1) Humongous regions: 129->129
[2025-01-10T09:47:53.568+0700][gc,metaspace] GC(1) Metaspace: 21322K(21504K)->21322K(21504K) NonClass: 18731K(18816K)->18731K(18816K) Class: 2591K(2688K)->2591K(2688K)
[2025-01-10T09:47:53.568+0700][gc          ] GC(1) Pause Young (Concurrent Start) (Metadata GC Threshold) 151M->139M(1024M) 3.084ms
[2025-01-10T09:47:53.568+0700][gc,cpu      ] GC(1) User=0.02s Sys=0.00s Real=0.00s
[2025-01-10T09:47:53.568+0700][gc          ] GC(2) Concurrent Mark Cycle
[2025-01-10T09:47:53.568+0700][gc,marking  ] GC(2) Concurrent Clear Claimed Marks
[2025-01-10T09:47:53.568+0700][gc,marking  ] GC(2) Concurrent Clear Claimed Marks 0.015ms
[2025-01-10T09:47:53.568+0700][gc,marking  ] GC(2) Concurrent Scan Root Regions
[2025-01-10T09:47:53.570+0700][gc,marking  ] GC(2) Concurrent Scan Root Regions 1.591ms
[2025-01-10T09:47:53.570+0700][gc,marking  ] GC(2) Concurrent Mark
[2025-01-10T09:47:53.570+0700][gc,marking  ] GC(2) Concurrent Mark From Roots
[2025-01-10T09:47:53.570+0700][gc,task     ] GC(2) Using 3 workers of 3 for marking
[2025-01-10T09:47:53.571+0700][gc,marking  ] GC(2) Concurrent Mark From Roots 1.415ms
[2025-01-10T09:47:53.571+0700][gc,marking  ] GC(2) Concurrent Preclean
[2025-01-10T09:47:53.571+0700][gc,marking  ] GC(2) Concurrent Preclean 0.077ms
[2025-01-10T09:47:53.571+0700][gc,start    ] GC(2) Pause Remark
[2025-01-10T09:47:53.573+0700][gc          ] GC(2) Pause Remark 140M->140M(1024M) 1.282ms
[2025-01-10T09:47:53.573+0700][gc,cpu      ] GC(2) User=0.00s Sys=0.00s Real=0.00s
[2025-01-10T09:47:53.573+0700][gc,marking  ] GC(2) Concurrent Mark 2.977ms
[2025-01-10T09:47:53.573+0700][gc,marking  ] GC(2) Concurrent Rebuild Remembered Sets
[2025-01-10T09:47:53.574+0700][gc,marking  ] GC(2) Concurrent Rebuild Remembered Sets 1.224ms
[2025-01-10T09:47:53.574+0700][gc,start    ] GC(2) Pause Cleanup
[2025-01-10T09:47:53.574+0700][gc          ] GC(2) Pause Cleanup 140M->140M(1024M) 0.143ms
[2025-01-10T09:47:53.574+0700][gc,cpu      ] GC(2) User=0.00s Sys=0.00s Real=0.00s
[2025-01-10T09:47:53.574+0700][gc,marking  ] GC(2) Concurrent Cleanup for Next Mark
[2025-01-10T09:47:53.577+0700][gc,marking  ] GC(2) Concurrent Cleanup for Next Mark 2.463ms
[2025-01-10T09:47:53.577+0700][gc          ] GC(2) Concurrent Mark Cycle 8.672ms
[2025-01-10T09:47:53.950+0700][gc,start    ] GC(3) Pause Young (Normal) (G1 Evacuation Pause)
[2025-01-10T09:47:53.951+0700][gc,task     ] GC(3) Using 10 workers of 10 for evacuation
[2025-01-10T09:47:53.953+0700][gc,phases   ] GC(3)   Pre Evacuate Collection Set: 0.1ms
[2025-01-10T09:47:53.953+0700][gc,phases   ] GC(3)   Merge Heap Roots: 0.0ms
[2025-01-10T09:47:53.953+0700][gc,phases   ] GC(3)   Evacuate Collection Set: 1.9ms
[2025-01-10T09:47:53.953+0700][gc,phases   ] GC(3)   Post Evacuate Collection Set: 0.3ms
[2025-01-10T09:47:53.953+0700][gc,phases   ] GC(3)   Other: 0.1ms
[2025-01-10T09:47:53.953+0700][gc,heap     ] GC(3) Eden regions: 49->0(44)
[2025-01-10T09:47:53.953+0700][gc,heap     ] GC(3) Survivor regions: 2->7(7)
[2025-01-10T09:47:53.953+0700][gc,heap     ] GC(3) Old regions: 9->9
[2025-01-10T09:47:53.953+0700][gc,heap     ] GC(3) Archive regions: 2->2
[2025-01-10T09:47:53.953+0700][gc,heap     ] GC(3) Humongous regions: 129->129
[2025-01-10T09:47:53.953+0700][gc,metaspace] GC(3) Metaspace: 32835K(33088K)->32835K(33088K) NonClass: 29118K(29248K)->29118K(29248K) Class: 3717K(3840K)->3717K(3840K)
[2025-01-10T09:47:53.953+0700][gc          ] GC(3) Pause Young (Normal) (G1 Evacuation Pause) 188M->144M(1024M) 2.474ms
[2025-01-10T09:47:53.953+0700][gc,cpu      ] GC(3) User=0.02s Sys=0.00s Real=0.00s
[2025-01-10T09:49:39.013+0700][gc,start    ] GC(4) Pause Young (Concurrent Start) (Metadata GC Threshold)
[2025-01-10T09:49:39.013+0700][gc,task     ] GC(4) Using 10 workers of 10 for evacuation
[2025-01-10T09:49:39.025+0700][gc,phases   ] GC(4)   Pre Evacuate Collection Set: 0.4ms
[2025-01-10T09:49:39.026+0700][gc,phases   ] GC(4)   Merge Heap Roots: 0.2ms
[2025-01-10T09:49:39.026+0700][gc,phases   ] GC(4)   Evacuate Collection Set: 10.3ms
[2025-01-10T09:49:39.026+0700][gc,phases   ] GC(4)   Post Evacuate Collection Set: 1.1ms
[2025-01-10T09:49:39.026+0700][gc,phases   ] GC(4)   Other: 0.4ms
[2025-01-10T09:49:39.026+0700][gc,heap     ] GC(4) Eden regions: 15->0(49)
[2025-01-10T09:49:39.026+0700][gc,heap     ] GC(4) Survivor regions: 7->2(7)
[2025-01-10T09:49:39.026+0700][gc,heap     ] GC(4) Old regions: 9->14
[2025-01-10T09:49:39.026+0700][gc,heap     ] GC(4) Archive regions: 2->2
[2025-01-10T09:49:39.026+0700][gc,heap     ] GC(4) Humongous regions: 129->129
[2025-01-10T09:49:39.026+0700][gc,metaspace] GC(4) Metaspace: 35677K(35968K)->35677K(35968K) NonClass: 31576K(31680K)->31576K(31680K) Class: 4100K(4288K)->4100K(4288K)
[2025-01-10T09:49:39.026+0700][gc          ] GC(4) Pause Young (Concurrent Start) (Metadata GC Threshold) 158M->144M(1024M) 12.668ms
[2025-01-10T09:49:39.026+0700][gc,cpu      ] GC(4) User=0.09s Sys=0.02s Real=0.01s
[2025-01-10T09:49:39.026+0700][gc          ] GC(5) Concurrent Mark Cycle
[2025-01-10T09:49:39.026+0700][gc,marking  ] GC(5) Concurrent Clear Claimed Marks
[2025-01-10T09:49:39.026+0700][gc,marking  ] GC(5) Concurrent Clear Claimed Marks 0.057ms
[2025-01-10T09:49:39.026+0700][gc,marking  ] GC(5) Concurrent Scan Root Regions
[2025-01-10T09:49:39.033+0700][gc,marking  ] GC(5) Concurrent Scan Root Regions 6.784ms
[2025-01-10T09:49:39.033+0700][gc,marking  ] GC(5) Concurrent Mark
[2025-01-10T09:49:39.033+0700][gc,marking  ] GC(5) Concurrent Mark From Roots
[2025-01-10T09:49:39.033+0700][gc,task     ] GC(5) Using 3 workers of 3 for marking
[2025-01-10T09:49:39.042+0700][gc,marking  ] GC(5) Concurrent Mark From Roots 9.150ms
[2025-01-10T09:49:39.042+0700][gc,marking  ] GC(5) Concurrent Preclean
[2025-01-10T09:49:39.042+0700][gc,marking  ] GC(5) Concurrent Preclean 0.147ms
[2025-01-10T09:49:39.043+0700][gc,start    ] GC(5) Pause Remark
[2025-01-10T09:49:39.044+0700][gc          ] GC(5) Pause Remark 145M->145M(1024M) 1.318ms
[2025-01-10T09:49:39.044+0700][gc,cpu      ] GC(5) User=0.01s Sys=0.00s Real=0.00s
[2025-01-10T09:49:39.044+0700][gc,marking  ] GC(5) Concurrent Mark 10.939ms
[2025-01-10T09:49:39.044+0700][gc,marking  ] GC(5) Concurrent Rebuild Remembered Sets
[2025-01-10T09:49:39.048+0700][gc,marking  ] GC(5) Concurrent Rebuild Remembered Sets 3.831ms
[2025-01-10T09:49:39.048+0700][gc,start    ] GC(5) Pause Cleanup
[2025-01-10T09:49:39.048+0700][gc          ] GC(5) Pause Cleanup 146M->146M(1024M) 0.152ms
[2025-01-10T09:49:39.048+0700][gc,cpu      ] GC(5) User=0.00s Sys=0.00s Real=0.00s
[2025-01-10T09:49:39.048+0700][gc,marking  ] GC(5) Concurrent Cleanup for Next Mark
[2025-01-10T09:49:39.051+0700][gc,marking  ] GC(5) Concurrent Cleanup for Next Mark 3.143ms
[2025-01-10T09:49:39.051+0700][gc          ] GC(5) Concurrent Mark Cycle 25.390ms
[2025-01-10T09:49:40.950+0700][gc,heap,exit] Heap
[2025-01-10T09:49:40.950+0700][gc,heap,exit]  garbage-first heap   total 1048576K, used 161057K [0x00000000c0000000, 0x0000000100000000)
[2025-01-10T09:49:40.950+0700][gc,heap,exit]   region size 1024K, 15 young (15360K), 2 survivors (2048K)
[2025-01-10T09:49:40.950+0700][gc,heap,exit]  Metaspace       used 36717K, committed 37056K, reserved 1114112K
[2025-01-10T09:49:40.950+0700][gc,heap,exit]   class space    used 4295K, committed 4480K, reserved 1048576K
