[2024-10-29T23:56:11.014+0700][gc,init] CardTable entry size: 512
[2024-10-29T23:56:11.014+0700][gc     ] Using G1
[2024-10-29T23:56:11.020+0700][gc,init] Version: 23.0.1+11-39 (release)
[2024-10-29T23:56:11.020+0700][gc,init] CPUs: 12 total, 12 available
[2024-10-29T23:56:11.020+0700][gc,init] Memory: 15766M
[2024-10-29T23:56:11.020+0700][gc,init] Large Page Support: Disabled
[2024-10-29T23:56:11.020+0700][gc,init] NUMA Support: Disabled
[2024-10-29T23:56:11.020+0700][gc,init] Compressed Oops: Enabled (32-bit)
[2024-10-29T23:56:11.020+0700][gc,init] Heap Region Size: 1M
[2024-10-29T23:56:11.020+0700][gc,init] Heap Min Capacity: 1G
[2024-10-29T23:56:11.020+0700][gc,init] Heap Initial Capacity: 1G
[2024-10-29T23:56:11.020+0700][gc,init] Heap Max Capacity: 1G
[2024-10-29T23:56:11.020+0700][gc,init] Pre-touch: Disabled
[2024-10-29T23:56:11.020+0700][gc,init] Parallel Workers: 10
[2024-10-29T23:56:11.020+0700][gc,init] Concurrent Workers: 3
[2024-10-29T23:56:11.020+0700][gc,init] Concurrent Refinement Workers: 10
[2024-10-29T23:56:11.020+0700][gc,init] Periodic GC: Disabled
[2024-10-29T23:56:11.024+0700][gc,metaspace] CDS archive(s) mapped at: [0x000070ddea000000-0x000070ddead91000-0x000070ddead91000), size 14225408, SharedBaseAddress: 0x000070ddea000000, ArchiveRelocationMode: 1.
[2024-10-29T23:56:11.024+0700][gc,metaspace] Compressed class space mapped at: 0x000070ddeb000000-0x000070de2b000000, reserved size: 1073741824
[2024-10-29T23:56:11.024+0700][gc,metaspace] Narrow klass base: 0x000070ddea000000, Narrow klass shift: 0, Narrow klass range: 0x100000000
[2024-10-29T23:56:11.757+0700][gc,start    ] GC(0) Pause Young (Normal) (G1 Evacuation Pause)
[2024-10-29T23:56:11.758+0700][gc,task     ] GC(0) Using 10 workers of 10 for evacuation
[2024-10-29T23:56:11.761+0700][gc,phases   ] GC(0)   Pre Evacuate Collection Set: 0.09ms
[2024-10-29T23:56:11.761+0700][gc,phases   ] GC(0)   Merge Heap Roots: 0.04ms
[2024-10-29T23:56:11.761+0700][gc,phases   ] GC(0)   Evacuate Collection Set: 2.28ms
[2024-10-29T23:56:11.761+0700][gc,phases   ] GC(0)   Post Evacuate Collection Set: 0.40ms
[2024-10-29T23:56:11.761+0700][gc,phases   ] GC(0)   Other: 0.65ms
[2024-10-29T23:56:11.761+0700][gc,heap     ] GC(0) Eden regions: 51->0(44)
[2024-10-29T23:56:11.761+0700][gc,heap     ] GC(0) Survivor regions: 0->7(7)
[2024-10-29T23:56:11.761+0700][gc,heap     ] GC(0) Old regions: 2->3
[2024-10-29T23:56:11.761+0700][gc,heap     ] GC(0) Humongous regions: 0->0
[2024-10-29T23:56:11.761+0700][gc,metaspace] GC(0) Metaspace: 17290K(17536K)->17290K(17536K) NonClass: 15217K(15360K)->15217K(15360K) Class: 2072K(2176K)->2072K(2176K)
[2024-10-29T23:56:11.761+0700][gc          ] GC(0) Pause Young (Normal) (G1 Evacuation Pause) 52M->8M(1024M) 3.588ms
[2024-10-29T23:56:11.761+0700][gc,cpu      ] GC(0) User=0.02s Sys=0.00s Real=0.01s
[2024-10-29T23:56:11.925+0700][gc,start    ] GC(1) Pause Young (Concurrent Start) (Metadata GC Threshold)
[2024-10-29T23:56:11.925+0700][gc,task     ] GC(1) Using 10 workers of 10 for evacuation
[2024-10-29T23:56:11.928+0700][gc,phases   ] GC(1)   Pre Evacuate Collection Set: 0.20ms
[2024-10-29T23:56:11.928+0700][gc,phases   ] GC(1)   Merge Heap Roots: 0.04ms
[2024-10-29T23:56:11.928+0700][gc,phases   ] GC(1)   Evacuate Collection Set: 2.28ms
[2024-10-29T23:56:11.928+0700][gc,phases   ] GC(1)   Post Evacuate Collection Set: 0.24ms
[2024-10-29T23:56:11.928+0700][gc,phases   ] GC(1)   Other: 0.08ms
[2024-10-29T23:56:11.928+0700][gc,heap     ] GC(1) Eden regions: 16->0(49)
[2024-10-29T23:56:11.928+0700][gc,heap     ] GC(1) Survivor regions: 7->2(7)
[2024-10-29T23:56:11.928+0700][gc,heap     ] GC(1) Old regions: 3->10
[2024-10-29T23:56:11.928+0700][gc,heap     ] GC(1) Humongous regions: 0->0
[2024-10-29T23:56:11.928+0700][gc,metaspace] GC(1) Metaspace: 21297K(21504K)->21297K(21504K) NonClass: 18718K(18816K)->18718K(18816K) Class: 2578K(2688K)->2578K(2688K)
[2024-10-29T23:56:11.928+0700][gc          ] GC(1) Pause Young (Concurrent Start) (Metadata GC Threshold) 24M->10M(1024M) 2.939ms
[2024-10-29T23:56:11.928+0700][gc,cpu      ] GC(1) User=0.02s Sys=0.00s Real=0.00s
[2024-10-29T23:56:11.928+0700][gc          ] GC(2) Concurrent Mark Cycle
[2024-10-29T23:56:11.928+0700][gc,marking  ] GC(2) Concurrent Scan Root Regions
[2024-10-29T23:56:11.929+0700][gc,marking  ] GC(2) Concurrent Scan Root Regions 1.306ms
[2024-10-29T23:56:11.929+0700][gc,marking  ] GC(2) Concurrent Mark
[2024-10-29T23:56:11.929+0700][gc,marking  ] GC(2) Concurrent Mark From Roots
[2024-10-29T23:56:11.929+0700][gc,task     ] GC(2) Using 3 workers of 3 for marking
[2024-10-29T23:56:11.931+0700][gc,marking  ] GC(2) Concurrent Mark From Roots 1.333ms
[2024-10-29T23:56:11.931+0700][gc,marking  ] GC(2) Concurrent Preclean
[2024-10-29T23:56:11.931+0700][gc,marking  ] GC(2) Concurrent Preclean 0.008ms
[2024-10-29T23:56:11.931+0700][gc,start    ] GC(2) Pause Remark
[2024-10-29T23:56:11.932+0700][gc          ] GC(2) Pause Remark 11M->11M(1024M) 1.014ms
[2024-10-29T23:56:11.932+0700][gc,cpu      ] GC(2) User=0.00s Sys=0.00s Real=0.00s
[2024-10-29T23:56:11.932+0700][gc,marking  ] GC(2) Concurrent Mark 2.429ms
[2024-10-29T23:56:11.932+0700][gc,marking  ] GC(2) Concurrent Rebuild Remembered Sets and Scrub Regions
[2024-10-29T23:56:11.933+0700][gc,marking  ] GC(2) Concurrent Rebuild Remembered Sets and Scrub Regions 0.922ms
[2024-10-29T23:56:11.933+0700][gc,start    ] GC(2) Pause Cleanup
[2024-10-29T23:56:11.933+0700][gc          ] GC(2) Pause Cleanup 11M->11M(1024M) 0.017ms
[2024-10-29T23:56:11.933+0700][gc,cpu      ] GC(2) User=0.00s Sys=0.00s Real=0.00s
[2024-10-29T23:56:11.933+0700][gc,marking  ] GC(2) Concurrent Clear Claimed Marks
[2024-10-29T23:56:11.933+0700][gc,marking  ] GC(2) Concurrent Clear Claimed Marks 0.007ms
[2024-10-29T23:56:11.933+0700][gc,marking  ] GC(2) Concurrent Cleanup for Next Mark
[2024-10-29T23:56:11.934+0700][gc,marking  ] GC(2) Concurrent Cleanup for Next Mark 1.855ms
[2024-10-29T23:56:11.934+0700][gc          ] GC(2) Concurrent Mark Cycle 6.659ms
[2024-10-29T23:56:12.393+0700][gc,start    ] GC(3) Pause Young (Prepare Mixed) (G1 Evacuation Pause)
[2024-10-29T23:56:12.393+0700][gc,task     ] GC(3) Using 10 workers of 10 for evacuation
[2024-10-29T23:56:12.397+0700][gc,phases   ] GC(3)   Pre Evacuate Collection Set: 0.17ms
[2024-10-29T23:56:12.397+0700][gc,phases   ] GC(3)   Merge Heap Roots: 0.06ms
[2024-10-29T23:56:12.397+0700][gc,phases   ] GC(3)   Evacuate Collection Set: 2.93ms
[2024-10-29T23:56:12.397+0700][gc,phases   ] GC(3)   Post Evacuate Collection Set: 0.38ms
[2024-10-29T23:56:12.397+0700][gc,phases   ] GC(3)   Other: 0.05ms
[2024-10-29T23:56:12.397+0700][gc,heap     ] GC(3) Eden regions: 49->0(44)
[2024-10-29T23:56:12.397+0700][gc,heap     ] GC(3) Survivor regions: 2->7(7)
[2024-10-29T23:56:12.397+0700][gc,heap     ] GC(3) Old regions: 10->10
[2024-10-29T23:56:12.397+0700][gc,heap     ] GC(3) Humongous regions: 129->129
[2024-10-29T23:56:12.397+0700][gc,metaspace] GC(3) Metaspace: 32733K(33024K)->32733K(33024K) NonClass: 29017K(29184K)->29017K(29184K) Class: 3716K(3840K)->3716K(3840K)
[2024-10-29T23:56:12.397+0700][gc          ] GC(3) Pause Young (Prepare Mixed) (G1 Evacuation Pause) 188M->144M(1024M) 3.712ms
[2024-10-29T23:56:12.397+0700][gc,cpu      ] GC(3) User=0.03s Sys=0.00s Real=0.00s
[2024-10-29T23:56:12.622+0700][gc,start    ] GC(4) Pause Young (Mixed) (Metadata GC Threshold)
[2024-10-29T23:56:12.622+0700][gc,task     ] GC(4) Using 10 workers of 10 for evacuation
[2024-10-29T23:56:12.627+0700][gc,phases   ] GC(4)   Pre Evacuate Collection Set: 0.27ms
[2024-10-29T23:56:12.627+0700][gc,phases   ] GC(4)   Merge Heap Roots: 0.10ms
[2024-10-29T23:56:12.627+0700][gc,phases   ] GC(4)   Evacuate Collection Set: 4.08ms
[2024-10-29T23:56:12.627+0700][gc,phases   ] GC(4)   Post Evacuate Collection Set: 0.44ms
[2024-10-29T23:56:12.627+0700][gc,phases   ] GC(4)   Other: 0.08ms
[2024-10-29T23:56:12.627+0700][gc,heap     ] GC(4) Eden regions: 13->0(49)
[2024-10-29T23:56:12.627+0700][gc,heap     ] GC(4) Survivor regions: 7->2(7)
[2024-10-29T23:56:12.627+0700][gc,heap     ] GC(4) Old regions: 10->16
[2024-10-29T23:56:12.627+0700][gc,heap     ] GC(4) Humongous regions: 129->129
[2024-10-29T23:56:12.627+0700][gc,metaspace] GC(4) Metaspace: 35668K(35968K)->35668K(35968K) NonClass: 31572K(31744K)->31572K(31744K) Class: 4096K(4224K)->4096K(4224K)
[2024-10-29T23:56:12.627+0700][gc          ] GC(4) Pause Young (Mixed) (Metadata GC Threshold) 156M->145M(1024M) 5.154ms
[2024-10-29T23:56:12.627+0700][gc,cpu      ] GC(4) User=0.04s Sys=0.01s Real=0.00s
[2024-10-29T23:56:12.644+0700][gc,start    ] GC(5) Pause Young (Concurrent Start) (Metadata GC Threshold)
[2024-10-29T23:56:12.644+0700][gc,task     ] GC(5) Using 10 workers of 10 for evacuation
[2024-10-29T23:56:12.645+0700][gc,phases   ] GC(5)   Pre Evacuate Collection Set: 0.24ms
[2024-10-29T23:56:12.645+0700][gc,phases   ] GC(5)   Merge Heap Roots: 0.04ms
[2024-10-29T23:56:12.645+0700][gc,phases   ] GC(5)   Evacuate Collection Set: 0.72ms
[2024-10-29T23:56:12.645+0700][gc,phases   ] GC(5)   Post Evacuate Collection Set: 0.19ms
[2024-10-29T23:56:12.645+0700][gc,phases   ] GC(5)   Other: 0.06ms
[2024-10-29T23:56:12.645+0700][gc,heap     ] GC(5) Eden regions: 2->0(50)
[2024-10-29T23:56:12.645+0700][gc,heap     ] GC(5) Survivor regions: 2->1(7)
[2024-10-29T23:56:12.645+0700][gc,heap     ] GC(5) Old regions: 16->16
[2024-10-29T23:56:12.645+0700][gc,heap     ] GC(5) Humongous regions: 129->129
[2024-10-29T23:56:12.645+0700][gc,metaspace] GC(5) Metaspace: 35976K(36288K)->35976K(36288K) NonClass: 31828K(32000K)->31828K(32000K) Class: 4148K(4288K)->4148K(4288K)
[2024-10-29T23:56:12.645+0700][gc          ] GC(5) Pause Young (Concurrent Start) (Metadata GC Threshold) 147M->145M(1024M) 1.356ms
[2024-10-29T23:56:12.645+0700][gc,cpu      ] GC(5) User=0.00s Sys=0.00s Real=0.00s
[2024-10-29T23:56:12.645+0700][gc          ] GC(6) Concurrent Mark Cycle
[2024-10-29T23:56:12.645+0700][gc,marking  ] GC(6) Concurrent Scan Root Regions
[2024-10-29T23:56:12.647+0700][gc,marking  ] GC(6) Concurrent Scan Root Regions 1.566ms
[2024-10-29T23:56:12.647+0700][gc,marking  ] GC(6) Concurrent Mark
[2024-10-29T23:56:12.647+0700][gc,marking  ] GC(6) Concurrent Mark From Roots
[2024-10-29T23:56:12.647+0700][gc,task     ] GC(6) Using 3 workers of 3 for marking
[2024-10-29T23:56:12.657+0700][gc,marking  ] GC(6) Concurrent Mark From Roots 10.208ms
[2024-10-29T23:56:12.657+0700][gc,marking  ] GC(6) Concurrent Preclean
[2024-10-29T23:56:12.657+0700][gc,marking  ] GC(6) Concurrent Preclean 0.058ms
[2024-10-29T23:56:12.657+0700][gc,start    ] GC(6) Pause Remark
[2024-10-29T23:56:12.658+0700][gc          ] GC(6) Pause Remark 145M->145M(1024M) 1.240ms
[2024-10-29T23:56:12.658+0700][gc,cpu      ] GC(6) User=0.01s Sys=0.00s Real=0.00s
[2024-10-29T23:56:12.658+0700][gc,marking  ] GC(6) Concurrent Mark 11.666ms
[2024-10-29T23:56:12.658+0700][gc,marking  ] GC(6) Concurrent Rebuild Remembered Sets and Scrub Regions
[2024-10-29T23:56:12.661+0700][gc,marking  ] GC(6) Concurrent Rebuild Remembered Sets and Scrub Regions 2.646ms
[2024-10-29T23:56:12.661+0700][gc,start    ] GC(6) Pause Cleanup
[2024-10-29T23:56:12.661+0700][gc          ] GC(6) Pause Cleanup 145M->145M(1024M) 0.046ms
[2024-10-29T23:56:12.661+0700][gc,cpu      ] GC(6) User=0.00s Sys=0.00s Real=0.00s
[2024-10-29T23:56:12.661+0700][gc,marking  ] GC(6) Concurrent Clear Claimed Marks
[2024-10-29T23:56:12.661+0700][gc,marking  ] GC(6) Concurrent Clear Claimed Marks 0.019ms
[2024-10-29T23:56:12.661+0700][gc,marking  ] GC(6) Concurrent Cleanup for Next Mark
[2024-10-29T23:56:12.662+0700][gc,marking  ] GC(6) Concurrent Cleanup for Next Mark 0.590ms
[2024-10-29T23:56:12.662+0700][gc          ] GC(6) Concurrent Mark Cycle 16.694ms
[2024-10-30T00:03:57.643+0700][gc,start    ] GC(7) Pause Young (Prepare Mixed) (G1 Evacuation Pause)
[2024-10-30T00:03:57.643+0700][gc,task     ] GC(7) Using 10 workers of 10 for evacuation
[2024-10-30T00:03:57.649+0700][gc,phases   ] GC(7)   Pre Evacuate Collection Set: 0.48ms
[2024-10-30T00:03:57.649+0700][gc,phases   ] GC(7)   Merge Heap Roots: 0.22ms
[2024-10-30T00:03:57.649+0700][gc,phases   ] GC(7)   Evacuate Collection Set: 5.11ms
[2024-10-30T00:03:57.649+0700][gc,phases   ] GC(7)   Post Evacuate Collection Set: 0.48ms
[2024-10-30T00:03:57.649+0700][gc,phases   ] GC(7)   Other: 0.09ms
[2024-10-30T00:03:57.649+0700][gc,heap     ] GC(7) Eden regions: 50->0(46)
[2024-10-30T00:03:57.649+0700][gc,heap     ] GC(7) Survivor regions: 1->5(7)
[2024-10-30T00:03:57.649+0700][gc,heap     ] GC(7) Old regions: 16->16
[2024-10-30T00:03:57.649+0700][gc,heap     ] GC(7) Humongous regions: 129->129
[2024-10-30T00:03:57.649+0700][gc,metaspace] GC(7) Metaspace: 42186K(42816K)->42186K(42816K) NonClass: 37015K(37376K)->37015K(37376K) Class: 5170K(5440K)->5170K(5440K)
[2024-10-30T00:03:57.649+0700][gc          ] GC(7) Pause Young (Prepare Mixed) (G1 Evacuation Pause) 195M->148M(1024M) 6.551ms
[2024-10-30T00:03:57.649+0700][gc,cpu      ] GC(7) User=0.05s Sys=0.00s Real=0.01s
[2024-10-30T00:16:57.107+0700][gc,start    ] GC(8) Pause Young (Mixed) (G1 Evacuation Pause)
[2024-10-30T00:16:57.107+0700][gc,task     ] GC(8) Using 10 workers of 10 for evacuation
[2024-10-30T00:16:57.115+0700][gc,phases   ] GC(8)   Pre Evacuate Collection Set: 0.49ms
[2024-10-30T00:16:57.115+0700][gc,phases   ] GC(8)   Merge Heap Roots: 0.22ms
[2024-10-30T00:16:57.115+0700][gc,phases   ] GC(8)   Evacuate Collection Set: 6.40ms
[2024-10-30T00:16:57.115+0700][gc,phases   ] GC(8)   Post Evacuate Collection Set: 0.64ms
[2024-10-30T00:16:57.115+0700][gc,phases   ] GC(8)   Other: 0.11ms
[2024-10-30T00:16:57.115+0700][gc,heap     ] GC(8) Eden regions: 46->0(48)
[2024-10-30T00:16:57.115+0700][gc,heap     ] GC(8) Survivor regions: 5->3(7)
[2024-10-30T00:16:57.115+0700][gc,heap     ] GC(8) Old regions: 16->19
[2024-10-30T00:16:57.115+0700][gc,heap     ] GC(8) Humongous regions: 129->129
[2024-10-30T00:16:57.115+0700][gc,metaspace] GC(8) Metaspace: 42933K(43584K)->42933K(43584K) NonClass: 37743K(38144K)->37743K(38144K) Class: 5190K(5440K)->5190K(5440K)
[2024-10-30T00:16:57.115+0700][gc          ] GC(8) Pause Young (Mixed) (G1 Evacuation Pause) 194M->150M(1024M) 8.048ms
[2024-10-30T00:16:57.115+0700][gc,cpu      ] GC(8) User=0.06s Sys=0.02s Real=0.01s
[2024-10-30T00:31:57.240+0700][gc,start    ] GC(9) Pause Young (Normal) (G1 Evacuation Pause)
[2024-10-30T00:31:57.240+0700][gc,task     ] GC(9) Using 10 workers of 10 for evacuation
[2024-10-30T00:31:57.247+0700][gc,phases   ] GC(9)   Pre Evacuate Collection Set: 0.37ms
[2024-10-30T00:31:57.247+0700][gc,phases   ] GC(9)   Merge Heap Roots: 0.17ms
[2024-10-30T00:31:57.247+0700][gc,phases   ] GC(9)   Evacuate Collection Set: 5.09ms
[2024-10-30T00:31:57.247+0700][gc,phases   ] GC(9)   Post Evacuate Collection Set: 0.79ms
[2024-10-30T00:31:57.247+0700][gc,phases   ] GC(9)   Other: 0.14ms
[2024-10-30T00:31:57.247+0700][gc,heap     ] GC(9) Eden regions: 48->0(47)
[2024-10-30T00:31:57.247+0700][gc,heap     ] GC(9) Survivor regions: 3->4(7)
[2024-10-30T00:31:57.247+0700][gc,heap     ] GC(9) Old regions: 19->19
[2024-10-30T00:31:57.247+0700][gc,heap     ] GC(9) Humongous regions: 129->129
[2024-10-30T00:31:57.247+0700][gc,metaspace] GC(9) Metaspace: 43044K(43648K)->43044K(43648K) NonClass: 37854K(38208K)->37854K(38208K) Class: 5190K(5440K)->5190K(5440K)
[2024-10-30T00:31:57.247+0700][gc          ] GC(9) Pause Young (Normal) (G1 Evacuation Pause) 198M->151M(1024M) 6.887ms
[2024-10-30T00:31:57.247+0700][gc,cpu      ] GC(9) User=0.05s Sys=0.01s Real=0.00s
[2024-10-30T00:47:33.028+0700][gc,start    ] GC(10) Pause Young (Normal) (G1 Evacuation Pause)
[2024-10-30T00:47:33.028+0700][gc,task     ] GC(10) Using 10 workers of 10 for evacuation
[2024-10-30T00:47:33.031+0700][gc,phases   ] GC(10)   Pre Evacuate Collection Set: 0.12ms
[2024-10-30T00:47:33.031+0700][gc,phases   ] GC(10)   Merge Heap Roots: 0.04ms
[2024-10-30T00:47:33.031+0700][gc,phases   ] GC(10)   Evacuate Collection Set: 2.23ms
[2024-10-30T00:47:33.031+0700][gc,phases   ] GC(10)   Post Evacuate Collection Set: 0.20ms
[2024-10-30T00:47:33.031+0700][gc,phases   ] GC(10)   Other: 0.04ms
[2024-10-30T00:47:33.031+0700][gc,heap     ] GC(10) Eden regions: 47->0(46)
[2024-10-30T00:47:33.031+0700][gc,heap     ] GC(10) Survivor regions: 4->5(7)
[2024-10-30T00:47:33.031+0700][gc,heap     ] GC(10) Old regions: 19->19
[2024-10-30T00:47:33.031+0700][gc,heap     ] GC(10) Humongous regions: 129->129
[2024-10-30T00:47:33.031+0700][gc,metaspace] GC(10) Metaspace: 43272K(43904K)->43272K(43904K) NonClass: 38056K(38400K)->38056K(38400K) Class: 5216K(5504K)->5216K(5504K)
[2024-10-30T00:47:33.031+0700][gc          ] GC(10) Pause Young (Normal) (G1 Evacuation Pause) 198M->152M(1024M) 2.733ms
[2024-10-30T00:47:33.031+0700][gc,cpu      ] GC(10) User=0.02s Sys=0.00s Real=0.01s
[2024-10-30T00:47:35.227+0700][gc,heap,exit] Heap
[2024-10-30T00:47:35.227+0700][gc,heap,exit]  garbage-first heap   total reserved 1048576K, committed 1048576K, used 166738K [0x00000000c0000000, 0x0000000100000000)
[2024-10-30T00:47:35.227+0700][gc,heap,exit]   region size 1024K, 15 young (15360K), 5 survivors (5120K)
[2024-10-30T00:47:35.227+0700][gc,heap,exit]  Metaspace       used 44180K, committed 44800K, reserved 1114112K
[2024-10-30T00:47:35.227+0700][gc,heap,exit]   class space    used 5400K, committed 5632K, reserved 1048576K
