[2024-12-16T22:53:28.088+0700][gc,init] CardTable entry size: 512
[2024-12-16T22:53:28.088+0700][gc     ] Using G1
[2024-12-16T22:53:28.093+0700][gc,init] Version: 23.0.1+11-39 (release)
[2024-12-16T22:53:28.093+0700][gc,init] CPUs: 12 total, 12 available
[2024-12-16T22:53:28.093+0700][gc,init] Memory: 15766M
[2024-12-16T22:53:28.093+0700][gc,init] Large Page Support: Disabled
[2024-12-16T22:53:28.093+0700][gc,init] NUMA Support: Disabled
[2024-12-16T22:53:28.093+0700][gc,init] Compressed Oops: Enabled (32-bit)
[2024-12-16T22:53:28.093+0700][gc,init] Heap Region Size: 1M
[2024-12-16T22:53:28.093+0700][gc,init] Heap Min Capacity: 1G
[2024-12-16T22:53:28.093+0700][gc,init] Heap Initial Capacity: 1G
[2024-12-16T22:53:28.093+0700][gc,init] Heap Max Capacity: 1G
[2024-12-16T22:53:28.093+0700][gc,init] Pre-touch: Disabled
[2024-12-16T22:53:28.093+0700][gc,init] Parallel Workers: 10
[2024-12-16T22:53:28.093+0700][gc,init] Concurrent Workers: 3
[2024-12-16T22:53:28.093+0700][gc,init] Concurrent Refinement Workers: 10
[2024-12-16T22:53:28.093+0700][gc,init] Periodic GC: Disabled
[2024-12-16T22:53:28.098+0700][gc,metaspace] CDS archive(s) mapped at: [0x0000732aca000000-0x0000732acad91000-0x0000732acad91000), size 14225408, SharedBaseAddress: 0x0000732aca000000, ArchiveRelocationMode: 1.
[2024-12-16T22:53:28.098+0700][gc,metaspace] Compressed class space mapped at: 0x0000732acb000000-0x0000732b0b000000, reserved size: 1073741824
[2024-12-16T22:53:28.098+0700][gc,metaspace] Narrow klass base: 0x0000732aca000000, Narrow klass shift: 0, Narrow klass range: 0x100000000
[2024-12-16T22:53:29.044+0700][gc,start    ] GC(0) Pause Young (Normal) (G1 Evacuation Pause)
[2024-12-16T22:53:29.045+0700][gc,task     ] GC(0) Using 10 workers of 10 for evacuation
[2024-12-16T22:53:29.048+0700][gc,phases   ] GC(0)   Pre Evacuate Collection Set: 0.11ms
[2024-12-16T22:53:29.048+0700][gc,phases   ] GC(0)   Merge Heap Roots: 0.05ms
[2024-12-16T22:53:29.048+0700][gc,phases   ] GC(0)   Evacuate Collection Set: 2.18ms
[2024-12-16T22:53:29.048+0700][gc,phases   ] GC(0)   Post Evacuate Collection Set: 0.33ms
[2024-12-16T22:53:29.048+0700][gc,phases   ] GC(0)   Other: 0.69ms
[2024-12-16T22:53:29.048+0700][gc,heap     ] GC(0) Eden regions: 51->0(44)
[2024-12-16T22:53:29.048+0700][gc,heap     ] GC(0) Survivor regions: 0->7(7)
[2024-12-16T22:53:29.048+0700][gc,heap     ] GC(0) Old regions: 2->3
[2024-12-16T22:53:29.048+0700][gc,heap     ] GC(0) Humongous regions: 0->0
[2024-12-16T22:53:29.048+0700][gc,metaspace] GC(0) Metaspace: 17301K(17536K)->17301K(17536K) NonClass: 15228K(15360K)->15228K(15360K) Class: 2072K(2176K)->2072K(2176K)
[2024-12-16T22:53:29.048+0700][gc          ] GC(0) Pause Young (Normal) (G1 Evacuation Pause) 52M->9M(1024M) 3.526ms
[2024-12-16T22:53:29.048+0700][gc,cpu      ] GC(0) User=0.01s Sys=0.01s Real=0.01s
[2024-12-16T22:53:29.231+0700][gc,start    ] GC(1) Pause Young (Concurrent Start) (Metadata GC Threshold)
[2024-12-16T22:53:29.231+0700][gc,task     ] GC(1) Using 10 workers of 10 for evacuation
[2024-12-16T22:53:29.233+0700][gc,phases   ] GC(1)   Pre Evacuate Collection Set: 0.16ms
[2024-12-16T22:53:29.233+0700][gc,phases   ] GC(1)   Merge Heap Roots: 0.02ms
[2024-12-16T22:53:29.233+0700][gc,phases   ] GC(1)   Evacuate Collection Set: 1.68ms
[2024-12-16T22:53:29.233+0700][gc,phases   ] GC(1)   Post Evacuate Collection Set: 0.43ms
[2024-12-16T22:53:29.233+0700][gc,phases   ] GC(1)   Other: 0.09ms
[2024-12-16T22:53:29.233+0700][gc,heap     ] GC(1) Eden regions: 16->0(49)
[2024-12-16T22:53:29.233+0700][gc,heap     ] GC(1) Survivor regions: 7->2(7)
[2024-12-16T22:53:29.233+0700][gc,heap     ] GC(1) Old regions: 3->10
[2024-12-16T22:53:29.234+0700][gc,heap     ] GC(1) Humongous regions: 0->0
[2024-12-16T22:53:29.234+0700][gc,metaspace] GC(1) Metaspace: 21335K(21504K)->21335K(21504K) NonClass: 18747K(18816K)->18747K(18816K) Class: 2587K(2688K)->2587K(2688K)
[2024-12-16T22:53:29.234+0700][gc          ] GC(1) Pause Young (Concurrent Start) (Metadata GC Threshold) 24M->10M(1024M) 2.570ms
[2024-12-16T22:53:29.234+0700][gc,cpu      ] GC(1) User=0.02s Sys=0.00s Real=0.00s
[2024-12-16T22:53:29.234+0700][gc          ] GC(2) Concurrent Mark Cycle
[2024-12-16T22:53:29.234+0700][gc,marking  ] GC(2) Concurrent Scan Root Regions
[2024-12-16T22:53:29.235+0700][gc,marking  ] GC(2) Concurrent Scan Root Regions 1.716ms
[2024-12-16T22:53:29.235+0700][gc,marking  ] GC(2) Concurrent Mark
[2024-12-16T22:53:29.235+0700][gc,marking  ] GC(2) Concurrent Mark From Roots
[2024-12-16T22:53:29.235+0700][gc,task     ] GC(2) Using 3 workers of 3 for marking
[2024-12-16T22:53:29.237+0700][gc,marking  ] GC(2) Concurrent Mark From Roots 1.525ms
[2024-12-16T22:53:29.237+0700][gc,marking  ] GC(2) Concurrent Preclean
[2024-12-16T22:53:29.237+0700][gc,marking  ] GC(2) Concurrent Preclean 0.009ms
[2024-12-16T22:53:29.237+0700][gc,start    ] GC(2) Pause Remark
[2024-12-16T22:53:29.238+0700][gc          ] GC(2) Pause Remark 11M->11M(1024M) 1.002ms
[2024-12-16T22:53:29.238+0700][gc,cpu      ] GC(2) User=0.01s Sys=0.00s Real=0.01s
[2024-12-16T22:53:29.238+0700][gc,marking  ] GC(2) Concurrent Mark 2.631ms
[2024-12-16T22:53:29.238+0700][gc,marking  ] GC(2) Concurrent Rebuild Remembered Sets and Scrub Regions
[2024-12-16T22:53:29.239+0700][gc,marking  ] GC(2) Concurrent Rebuild Remembered Sets and Scrub Regions 0.927ms
[2024-12-16T22:53:29.240+0700][gc,start    ] GC(2) Pause Cleanup
[2024-12-16T22:53:29.240+0700][gc          ] GC(2) Pause Cleanup 11M->11M(1024M) 0.030ms
[2024-12-16T22:53:29.240+0700][gc,cpu      ] GC(2) User=0.00s Sys=0.00s Real=0.00s
[2024-12-16T22:53:29.240+0700][gc,marking  ] GC(2) Concurrent Clear Claimed Marks
[2024-12-16T22:53:29.240+0700][gc,marking  ] GC(2) Concurrent Clear Claimed Marks 0.013ms
[2024-12-16T22:53:29.240+0700][gc,marking  ] GC(2) Concurrent Cleanup for Next Mark
[2024-12-16T22:53:29.242+0700][gc,marking  ] GC(2) Concurrent Cleanup for Next Mark 2.367ms
[2024-12-16T22:53:29.242+0700][gc          ] GC(2) Concurrent Mark Cycle 8.551ms
[2024-12-16T22:53:29.769+0700][gc,start    ] GC(3) Pause Young (Prepare Mixed) (G1 Evacuation Pause)
[2024-12-16T22:53:29.769+0700][gc,task     ] GC(3) Using 10 workers of 10 for evacuation
[2024-12-16T22:53:29.773+0700][gc,phases   ] GC(3)   Pre Evacuate Collection Set: 0.21ms
[2024-12-16T22:53:29.773+0700][gc,phases   ] GC(3)   Merge Heap Roots: 0.05ms
[2024-12-16T22:53:29.773+0700][gc,phases   ] GC(3)   Evacuate Collection Set: 3.07ms
[2024-12-16T22:53:29.773+0700][gc,phases   ] GC(3)   Post Evacuate Collection Set: 0.32ms
[2024-12-16T22:53:29.773+0700][gc,phases   ] GC(3)   Other: 0.06ms
[2024-12-16T22:53:29.773+0700][gc,heap     ] GC(3) Eden regions: 49->0(44)
[2024-12-16T22:53:29.773+0700][gc,heap     ] GC(3) Survivor regions: 2->7(7)
[2024-12-16T22:53:29.773+0700][gc,heap     ] GC(3) Old regions: 10->10
[2024-12-16T22:53:29.773+0700][gc,heap     ] GC(3) Humongous regions: 129->129
[2024-12-16T22:53:29.773+0700][gc,metaspace] GC(3) Metaspace: 32769K(33024K)->32769K(33024K) NonClass: 29049K(29184K)->29049K(29184K) Class: 3720K(3840K)->3720K(3840K)
[2024-12-16T22:53:29.773+0700][gc          ] GC(3) Pause Young (Prepare Mixed) (G1 Evacuation Pause) 188M->144M(1024M) 3.837ms
[2024-12-16T22:53:29.773+0700][gc,cpu      ] GC(3) User=0.02s Sys=0.00s Real=0.00s
[2024-12-16T22:53:29.936+0700][gc,start    ] GC(4) Pause Young (Mixed) (Metadata GC Threshold)
[2024-12-16T22:53:29.936+0700][gc,task     ] GC(4) Using 10 workers of 10 for evacuation
[2024-12-16T22:53:29.940+0700][gc,phases   ] GC(4)   Pre Evacuate Collection Set: 0.14ms
[2024-12-16T22:53:29.940+0700][gc,phases   ] GC(4)   Merge Heap Roots: 0.03ms
[2024-12-16T22:53:29.940+0700][gc,phases   ] GC(4)   Evacuate Collection Set: 2.65ms
[2024-12-16T22:53:29.940+0700][gc,phases   ] GC(4)   Post Evacuate Collection Set: 0.44ms
[2024-12-16T22:53:29.940+0700][gc,phases   ] GC(4)   Other: 0.07ms
[2024-12-16T22:53:29.940+0700][gc,heap     ] GC(4) Eden regions: 13->0(49)
[2024-12-16T22:53:29.940+0700][gc,heap     ] GC(4) Survivor regions: 7->2(7)
[2024-12-16T22:53:29.940+0700][gc,heap     ] GC(4) Old regions: 10->16
[2024-12-16T22:53:29.940+0700][gc,heap     ] GC(4) Humongous regions: 129->129
[2024-12-16T22:53:29.940+0700][gc,metaspace] GC(4) Metaspace: 35686K(35968K)->35686K(35968K) NonClass: 31588K(31744K)->31588K(31744K) Class: 4098K(4224K)->4098K(4224K)
[2024-12-16T22:53:29.940+0700][gc          ] GC(4) Pause Young (Mixed) (Metadata GC Threshold) 157M->145M(1024M) 3.532ms
[2024-12-16T22:53:29.940+0700][gc,cpu      ] GC(4) User=0.03s Sys=0.01s Real=0.01s
[2024-12-16T22:53:29.950+0700][gc,start    ] GC(5) Pause Young (Concurrent Start) (Metadata GC Threshold)
[2024-12-16T22:53:29.950+0700][gc,task     ] GC(5) Using 10 workers of 10 for evacuation
[2024-12-16T22:53:29.951+0700][gc,phases   ] GC(5)   Pre Evacuate Collection Set: 0.22ms
[2024-12-16T22:53:29.951+0700][gc,phases   ] GC(5)   Merge Heap Roots: 0.02ms
[2024-12-16T22:53:29.951+0700][gc,phases   ] GC(5)   Evacuate Collection Set: 0.55ms
[2024-12-16T22:53:29.951+0700][gc,phases   ] GC(5)   Post Evacuate Collection Set: 0.14ms
[2024-12-16T22:53:29.951+0700][gc,phases   ] GC(5)   Other: 0.09ms
[2024-12-16T22:53:29.951+0700][gc,heap     ] GC(5) Eden regions: 2->0(50)
[2024-12-16T22:53:29.951+0700][gc,heap     ] GC(5) Survivor regions: 2->1(7)
[2024-12-16T22:53:29.951+0700][gc,heap     ] GC(5) Old regions: 16->16
[2024-12-16T22:53:29.951+0700][gc,heap     ] GC(5) Humongous regions: 129->129
[2024-12-16T22:53:29.951+0700][gc,metaspace] GC(5) Metaspace: 35970K(36288K)->35970K(36288K) NonClass: 31825K(32000K)->31825K(32000K) Class: 4145K(4288K)->4145K(4288K)
[2024-12-16T22:53:29.951+0700][gc          ] GC(5) Pause Young (Concurrent Start) (Metadata GC Threshold) 146M->145M(1024M) 1.131ms
[2024-12-16T22:53:29.951+0700][gc          ] GC(6) Concurrent Mark Cycle
[2024-12-16T22:53:29.951+0700][gc,cpu      ] GC(5) User=0.01s Sys=0.00s Real=0.00s
[2024-12-16T22:53:29.952+0700][gc,marking  ] GC(6) Concurrent Scan Root Regions
[2024-12-16T22:53:29.953+0700][gc,marking  ] GC(6) Concurrent Scan Root Regions 1.214ms
[2024-12-16T22:53:29.953+0700][gc,marking  ] GC(6) Concurrent Mark
[2024-12-16T22:53:29.953+0700][gc,marking  ] GC(6) Concurrent Mark From Roots
[2024-12-16T22:53:29.953+0700][gc,task     ] GC(6) Using 3 workers of 3 for marking
[2024-12-16T22:53:29.962+0700][gc,marking  ] GC(6) Concurrent Mark From Roots 9.333ms
[2024-12-16T22:53:29.962+0700][gc,marking  ] GC(6) Concurrent Preclean
[2024-12-16T22:53:29.962+0700][gc,marking  ] GC(6) Concurrent Preclean 0.061ms
[2024-12-16T22:53:29.962+0700][gc,start    ] GC(6) Pause Remark
[2024-12-16T22:53:29.964+0700][gc          ] GC(6) Pause Remark 146M->146M(1024M) 1.419ms
[2024-12-16T22:53:29.964+0700][gc,cpu      ] GC(6) User=0.00s Sys=0.00s Real=0.00s
[2024-12-16T22:53:29.964+0700][gc,marking  ] GC(6) Concurrent Mark 10.956ms
[2024-12-16T22:53:29.964+0700][gc,marking  ] GC(6) Concurrent Rebuild Remembered Sets and Scrub Regions
[2024-12-16T22:53:29.967+0700][gc,marking  ] GC(6) Concurrent Rebuild Remembered Sets and Scrub Regions 3.158ms
[2024-12-16T22:53:29.967+0700][gc,start    ] GC(6) Pause Cleanup
[2024-12-16T22:53:29.967+0700][gc          ] GC(6) Pause Cleanup 146M->146M(1024M) 0.054ms
[2024-12-16T22:53:29.967+0700][gc,cpu      ] GC(6) User=0.00s Sys=0.00s Real=0.00s
[2024-12-16T22:53:29.967+0700][gc,marking  ] GC(6) Concurrent Clear Claimed Marks
[2024-12-16T22:53:29.967+0700][gc,marking  ] GC(6) Concurrent Clear Claimed Marks 0.035ms
[2024-12-16T22:53:29.967+0700][gc,marking  ] GC(6) Concurrent Cleanup for Next Mark
[2024-12-16T22:53:29.968+0700][gc,marking  ] GC(6) Concurrent Cleanup for Next Mark 1.115ms
[2024-12-16T22:53:29.968+0700][gc          ] GC(6) Concurrent Mark Cycle 16.783ms
[2024-12-16T22:54:56.844+0700][gc,start    ] GC(7) Pause Young (Prepare Mixed) (G1 Evacuation Pause)
[2024-12-16T22:54:56.844+0700][gc,task     ] GC(7) Using 10 workers of 10 for evacuation
[2024-12-16T22:54:56.846+0700][gc,phases   ] GC(7)   Pre Evacuate Collection Set: 0.19ms
[2024-12-16T22:54:56.846+0700][gc,phases   ] GC(7)   Merge Heap Roots: 0.05ms
[2024-12-16T22:54:56.846+0700][gc,phases   ] GC(7)   Evacuate Collection Set: 1.63ms
[2024-12-16T22:54:56.846+0700][gc,phases   ] GC(7)   Post Evacuate Collection Set: 0.55ms
[2024-12-16T22:54:56.846+0700][gc,phases   ] GC(7)   Other: 0.08ms
[2024-12-16T22:54:56.846+0700][gc,heap     ] GC(7) Eden regions: 50->0(47)
[2024-12-16T22:54:56.846+0700][gc,heap     ] GC(7) Survivor regions: 1->4(7)
[2024-12-16T22:54:56.846+0700][gc,heap     ] GC(7) Old regions: 16->16
[2024-12-16T22:54:56.846+0700][gc,heap     ] GC(7) Humongous regions: 129->129
[2024-12-16T22:54:56.846+0700][gc,metaspace] GC(7) Metaspace: 41546K(42112K)->41546K(42112K) NonClass: 36561K(36864K)->36561K(36864K) Class: 4984K(5248K)->4984K(5248K)
[2024-12-16T22:54:56.846+0700][gc          ] GC(7) Pause Young (Prepare Mixed) (G1 Evacuation Pause) 195M->148M(1024M) 2.697ms
[2024-12-16T22:54:56.847+0700][gc,cpu      ] GC(7) User=0.02s Sys=0.00s Real=0.00s
[2024-12-16T22:55:05.011+0700][gc,start    ] GC(8) Pause Young (Mixed) (G1 Evacuation Pause)
[2024-12-16T22:55:05.011+0700][gc,task     ] GC(8) Using 10 workers of 10 for evacuation
[2024-12-16T22:55:05.015+0700][gc,phases   ] GC(8)   Pre Evacuate Collection Set: 0.19ms
[2024-12-16T22:55:05.015+0700][gc,phases   ] GC(8)   Merge Heap Roots: 0.06ms
[2024-12-16T22:55:05.015+0700][gc,phases   ] GC(8)   Evacuate Collection Set: 3.39ms
[2024-12-16T22:55:05.015+0700][gc,phases   ] GC(8)   Post Evacuate Collection Set: 0.79ms
[2024-12-16T22:55:05.015+0700][gc,phases   ] GC(8)   Other: 0.07ms
[2024-12-16T22:55:05.015+0700][gc,heap     ] GC(8) Eden regions: 47->0(46)
[2024-12-16T22:55:05.015+0700][gc,heap     ] GC(8) Survivor regions: 4->5(7)
[2024-12-16T22:55:05.015+0700][gc,heap     ] GC(8) Old regions: 16->17
[2024-12-16T22:55:05.015+0700][gc,heap     ] GC(8) Humongous regions: 129->129
[2024-12-16T22:55:05.015+0700][gc,metaspace] GC(8) Metaspace: 42497K(43072K)->42497K(43072K) NonClass: 37485K(37824K)->37485K(37824K) Class: 5011K(5248K)->5011K(5248K)
[2024-12-16T22:55:05.015+0700][gc          ] GC(8) Pause Young (Mixed) (G1 Evacuation Pause) 195M->149M(1024M) 4.631ms
[2024-12-16T22:55:05.015+0700][gc,cpu      ] GC(8) User=0.02s Sys=0.00s Real=0.00s
[2024-12-16T22:55:12.341+0700][gc,start    ] GC(9) Pause Young (Normal) (G1 Evacuation Pause)
[2024-12-16T22:55:12.341+0700][gc,task     ] GC(9) Using 10 workers of 10 for evacuation
[2024-12-16T22:55:12.344+0700][gc,phases   ] GC(9)   Pre Evacuate Collection Set: 0.12ms
[2024-12-16T22:55:12.344+0700][gc,phases   ] GC(9)   Merge Heap Roots: 0.05ms
[2024-12-16T22:55:12.344+0700][gc,phases   ] GC(9)   Evacuate Collection Set: 1.98ms
[2024-12-16T22:55:12.344+0700][gc,phases   ] GC(9)   Post Evacuate Collection Set: 0.30ms
[2024-12-16T22:55:12.344+0700][gc,phases   ] GC(9)   Other: 0.07ms
[2024-12-16T22:55:12.344+0700][gc,heap     ] GC(9) Eden regions: 46->0(49)
[2024-12-16T22:55:12.344+0700][gc,heap     ] GC(9) Survivor regions: 5->2(7)
[2024-12-16T22:55:12.344+0700][gc,heap     ] GC(9) Old regions: 17->20
[2024-12-16T22:55:12.344+0700][gc,heap     ] GC(9) Humongous regions: 129->129
[2024-12-16T22:55:12.344+0700][gc,metaspace] GC(9) Metaspace: 42707K(43264K)->42707K(43264K) NonClass: 37695K(38016K)->37695K(38016K) Class: 5011K(5248K)->5011K(5248K)
[2024-12-16T22:55:12.344+0700][gc          ] GC(9) Pause Young (Normal) (G1 Evacuation Pause) 195M->149M(1024M) 2.626ms
[2024-12-16T22:55:12.344+0700][gc,cpu      ] GC(9) User=0.01s Sys=0.00s Real=0.00s
[2024-12-16T22:58:58.743+0700][gc,start    ] GC(10) Pause Young (Normal) (G1 Evacuation Pause)
[2024-12-16T22:58:58.743+0700][gc,task     ] GC(10) Using 10 workers of 10 for evacuation
[2024-12-16T22:58:58.745+0700][gc,phases   ] GC(10)   Pre Evacuate Collection Set: 0.21ms
[2024-12-16T22:58:58.745+0700][gc,phases   ] GC(10)   Merge Heap Roots: 0.06ms
[2024-12-16T22:58:58.745+0700][gc,phases   ] GC(10)   Evacuate Collection Set: 0.86ms
[2024-12-16T22:58:58.745+0700][gc,phases   ] GC(10)   Post Evacuate Collection Set: 0.46ms
[2024-12-16T22:58:58.745+0700][gc,phases   ] GC(10)   Other: 0.07ms
[2024-12-16T22:58:58.745+0700][gc,heap     ] GC(10) Eden regions: 49->0(48)
[2024-12-16T22:58:58.745+0700][gc,heap     ] GC(10) Survivor regions: 2->3(7)
[2024-12-16T22:58:58.745+0700][gc,heap     ] GC(10) Old regions: 20->20
[2024-12-16T22:58:58.745+0700][gc,heap     ] GC(10) Humongous regions: 129->129
[2024-12-16T22:58:58.745+0700][gc,metaspace] GC(10) Metaspace: 42978K(43648K)->42978K(43648K) NonClass: 37960K(38336K)->37960K(38336K) Class: 5018K(5312K)->5018K(5312K)
[2024-12-16T22:58:58.745+0700][gc          ] GC(10) Pause Young (Normal) (G1 Evacuation Pause) 198M->150M(1024M) 1.754ms
[2024-12-16T22:58:58.745+0700][gc,cpu      ] GC(10) User=0.01s Sys=0.00s Real=0.00s
[2024-12-16T23:32:18.744+0700][gc,start    ] GC(11) Pause Young (Normal) (G1 Evacuation Pause)
[2024-12-16T23:32:18.744+0700][gc,task     ] GC(11) Using 10 workers of 10 for evacuation
[2024-12-16T23:32:18.750+0700][gc,phases   ] GC(11)   Pre Evacuate Collection Set: 0.73ms
[2024-12-16T23:32:18.750+0700][gc,phases   ] GC(11)   Merge Heap Roots: 0.22ms
[2024-12-16T23:32:18.750+0700][gc,phases   ] GC(11)   Evacuate Collection Set: 3.94ms
[2024-12-16T23:32:18.750+0700][gc,phases   ] GC(11)   Post Evacuate Collection Set: 0.90ms
[2024-12-16T23:32:18.750+0700][gc,phases   ] GC(11)   Other: 0.23ms
[2024-12-16T23:32:18.750+0700][gc,heap     ] GC(11) Eden regions: 48->0(56)
[2024-12-16T23:32:18.750+0700][gc,heap     ] GC(11) Survivor regions: 3->3(7)
[2024-12-16T23:32:18.750+0700][gc,heap     ] GC(11) Old regions: 20->20
[2024-12-16T23:32:18.751+0700][gc,heap     ] GC(11) Humongous regions: 129->129
[2024-12-16T23:32:18.751+0700][gc,metaspace] GC(11) Metaspace: 43147K(43776K)->43147K(43776K) NonClass: 38122K(38464K)->38122K(38464K) Class: 5025K(5312K)->5025K(5312K)
[2024-12-16T23:32:18.751+0700][gc          ] GC(11) Pause Young (Normal) (G1 Evacuation Pause) 198M->150M(1024M) 6.748ms
[2024-12-16T23:32:18.751+0700][gc,cpu      ] GC(11) User=0.04s Sys=0.00s Real=0.01s
[2024-12-17T00:14:44.657+0700][gc,start    ] GC(12) Pause Young (Normal) (G1 Evacuation Pause)
[2024-12-17T00:14:44.657+0700][gc,task     ] GC(12) Using 10 workers of 10 for evacuation
[2024-12-17T00:14:44.663+0700][gc,phases   ] GC(12)   Pre Evacuate Collection Set: 0.47ms
[2024-12-17T00:14:44.663+0700][gc,phases   ] GC(12)   Merge Heap Roots: 0.19ms
[2024-12-17T00:14:44.663+0700][gc,phases   ] GC(12)   Evacuate Collection Set: 4.60ms
[2024-12-17T00:14:44.663+0700][gc,phases   ] GC(12)   Post Evacuate Collection Set: 0.61ms
[2024-12-17T00:14:44.663+0700][gc,phases   ] GC(12)   Other: 0.16ms
[2024-12-17T00:14:44.663+0700][gc,heap     ] GC(12) Eden regions: 56->0(55)
[2024-12-17T00:14:44.663+0700][gc,heap     ] GC(12) Survivor regions: 3->3(8)
[2024-12-17T00:14:44.663+0700][gc,heap     ] GC(12) Old regions: 20->20
[2024-12-17T00:14:44.663+0700][gc,heap     ] GC(12) Humongous regions: 129->129
[2024-12-17T00:14:44.663+0700][gc,metaspace] GC(12) Metaspace: 43308K(43968K)->43308K(43968K) NonClass: 38275K(38656K)->38275K(38656K) Class: 5033K(5312K)->5033K(5312K)
[2024-12-17T00:14:44.663+0700][gc          ] GC(12) Pause Young (Normal) (G1 Evacuation Pause) 206M->150M(1024M) 6.211ms
[2024-12-17T00:14:44.663+0700][gc,cpu      ] GC(12) User=0.04s Sys=0.00s Real=0.01s
[2024-12-17T00:55:58.743+0700][gc,start    ] GC(13) Pause Young (Normal) (G1 Evacuation Pause)
[2024-12-17T00:55:58.744+0700][gc,task     ] GC(13) Using 10 workers of 10 for evacuation
[2024-12-17T00:55:58.749+0700][gc,phases   ] GC(13)   Pre Evacuate Collection Set: 0.44ms
[2024-12-17T00:55:58.749+0700][gc,phases   ] GC(13)   Merge Heap Roots: 0.24ms
[2024-12-17T00:55:58.749+0700][gc,phases   ] GC(13)   Evacuate Collection Set: 4.00ms
[2024-12-17T00:55:58.749+0700][gc,phases   ] GC(13)   Post Evacuate Collection Set: 0.96ms
[2024-12-17T00:55:58.749+0700][gc,phases   ] GC(13)   Other: 0.15ms
[2024-12-17T00:55:58.749+0700][gc,heap     ] GC(13) Eden regions: 55->0(63)
[2024-12-17T00:55:58.749+0700][gc,heap     ] GC(13) Survivor regions: 3->3(8)
[2024-12-17T00:55:58.750+0700][gc,heap     ] GC(13) Old regions: 20->20
[2024-12-17T00:55:58.750+0700][gc,heap     ] GC(13) Humongous regions: 129->129
[2024-12-17T00:55:58.750+0700][gc,metaspace] GC(13) Metaspace: 43332K(43968K)->43332K(43968K) NonClass: 38298K(38656K)->38298K(38656K) Class: 5033K(5312K)->5033K(5312K)
[2024-12-17T00:55:58.750+0700][gc          ] GC(13) Pause Young (Normal) (G1 Evacuation Pause) 205M->150M(1024M) 6.243ms
[2024-12-17T00:55:58.750+0700][gc,cpu      ] GC(13) User=0.04s Sys=0.00s Real=0.01s
[2024-12-17T09:41:24.812+0700][gc,start    ] GC(14) Pause Young (Normal) (G1 Evacuation Pause)
[2024-12-17T09:41:24.812+0700][gc,task     ] GC(14) Using 10 workers of 10 for evacuation
[2024-12-17T09:41:24.813+0700][gc,phases   ] GC(14)   Pre Evacuate Collection Set: 0.15ms
[2024-12-17T09:41:24.813+0700][gc,phases   ] GC(14)   Merge Heap Roots: 0.03ms
[2024-12-17T09:41:24.813+0700][gc,phases   ] GC(14)   Evacuate Collection Set: 0.79ms
[2024-12-17T09:41:24.813+0700][gc,phases   ] GC(14)   Post Evacuate Collection Set: 0.18ms
[2024-12-17T09:41:24.813+0700][gc,phases   ] GC(14)   Other: 0.04ms
[2024-12-17T09:41:24.813+0700][gc,heap     ] GC(14) Eden regions: 63->0(67)
[2024-12-17T09:41:24.813+0700][gc,heap     ] GC(14) Survivor regions: 3->3(9)
[2024-12-17T09:41:24.813+0700][gc,heap     ] GC(14) Old regions: 20->20
[2024-12-17T09:41:24.813+0700][gc,heap     ] GC(14) Humongous regions: 129->129
[2024-12-17T09:41:24.813+0700][gc,metaspace] GC(14) Metaspace: 43343K(43968K)->43343K(43968K) NonClass: 38310K(38656K)->38310K(38656K) Class: 5033K(5312K)->5033K(5312K)
[2024-12-17T09:41:24.813+0700][gc          ] GC(14) Pause Young (Normal) (G1 Evacuation Pause) 213M->150M(1024M) 1.280ms
[2024-12-17T09:41:24.813+0700][gc,cpu      ] GC(14) User=0.01s Sys=0.00s Real=0.00s
[2024-12-17T09:56:35.272+0700][gc,heap,exit] Heap
[2024-12-17T09:56:35.272+0700][gc,heap,exit]  garbage-first heap   total reserved 1048576K, committed 1048576K, used 185552K [0x00000000c0000000, 0x0000000100000000)
[2024-12-17T09:56:35.272+0700][gc,heap,exit]   region size 1024K, 34 young (34816K), 3 survivors (3072K)
[2024-12-17T09:56:35.272+0700][gc,heap,exit]  Metaspace       used 44304K, committed 44928K, reserved 1114112K
[2024-12-17T09:56:35.272+0700][gc,heap,exit]   class space    used 5227K, committed 5504K, reserved 1048576K
