[2025-01-10T10:00:23.760+0700][gc,init] CardTable entry size: 512
[2025-01-10T10:00:23.760+0700][gc     ] Using G1
[2025-01-10T10:00:23.765+0700][gc,init] Version: 23.0.1+11-39 (release)
[2025-01-10T10:00:23.765+0700][gc,init] CPUs: 12 total, 12 available
[2025-01-10T10:00:23.765+0700][gc,init] Memory: 15766M
[2025-01-10T10:00:23.765+0700][gc,init] Large Page Support: Disabled
[2025-01-10T10:00:23.765+0700][gc,init] NUMA Support: Disabled
[2025-01-10T10:00:23.765+0700][gc,init] Compressed Oops: Enabled (32-bit)
[2025-01-10T10:00:23.765+0700][gc,init] Heap Region Size: 1M
[2025-01-10T10:00:23.765+0700][gc,init] Heap Min Capacity: 1G
[2025-01-10T10:00:23.765+0700][gc,init] Heap Initial Capacity: 1G
[2025-01-10T10:00:23.765+0700][gc,init] Heap Max Capacity: 1G
[2025-01-10T10:00:23.765+0700][gc,init] Pre-touch: Disabled
[2025-01-10T10:00:23.765+0700][gc,init] Parallel Workers: 10
[2025-01-10T10:00:23.765+0700][gc,init] Concurrent Workers: 3
[2025-01-10T10:00:23.765+0700][gc,init] Concurrent Refinement Workers: 10
[2025-01-10T10:00:23.765+0700][gc,init] Periodic GC: Disabled
[2025-01-10T10:00:23.769+0700][gc,metaspace] CDS archive(s) mapped at: [0x00007eab76000000-0x00007eab76d91000-0x00007eab76d91000), size 14225408, SharedBaseAddress: 0x00007eab76000000, ArchiveRelocationMode: 1.
[2025-01-10T10:00:23.770+0700][gc,metaspace] Compressed class space mapped at: 0x00007eab77000000-0x00007eabb7000000, reserved size: 1073741824
[2025-01-10T10:00:23.770+0700][gc,metaspace] Narrow klass base: 0x00007eab76000000, Narrow klass shift: 0, Narrow klass range: 0x100000000
[2025-01-10T10:00:24.503+0700][gc,start    ] GC(0) Pause Young (Normal) (G1 Evacuation Pause)
[2025-01-10T10:00:24.504+0700][gc,task     ] GC(0) Using 10 workers of 10 for evacuation
[2025-01-10T10:00:24.507+0700][gc,phases   ] GC(0)   Pre Evacuate Collection Set: 0.09ms
[2025-01-10T10:00:24.507+0700][gc,phases   ] GC(0)   Merge Heap Roots: 0.04ms
[2025-01-10T10:00:24.507+0700][gc,phases   ] GC(0)   Evacuate Collection Set: 2.20ms
[2025-01-10T10:00:24.507+0700][gc,phases   ] GC(0)   Post Evacuate Collection Set: 0.50ms
[2025-01-10T10:00:24.507+0700][gc,phases   ] GC(0)   Other: 0.73ms
[2025-01-10T10:00:24.507+0700][gc,heap     ] GC(0) Eden regions: 51->0(44)
[2025-01-10T10:00:24.507+0700][gc,heap     ] GC(0) Survivor regions: 0->7(7)
[2025-01-10T10:00:24.507+0700][gc,heap     ] GC(0) Old regions: 2->4
[2025-01-10T10:00:24.507+0700][gc,heap     ] GC(0) Humongous regions: 0->0
[2025-01-10T10:00:24.507+0700][gc,metaspace] GC(0) Metaspace: 17285K(17536K)->17285K(17536K) NonClass: 15212K(15360K)->15212K(15360K) Class: 2072K(2176K)->2072K(2176K)
[2025-01-10T10:00:24.507+0700][gc          ] GC(0) Pause Young (Normal) (G1 Evacuation Pause) 52M->9M(1024M) 3.703ms
[2025-01-10T10:00:24.507+0700][gc,cpu      ] GC(0) User=0.02s Sys=0.01s Real=0.00s
[2025-01-10T10:00:24.679+0700][gc,start    ] GC(1) Pause Young (Concurrent Start) (Metadata GC Threshold)
[2025-01-10T10:00:24.679+0700][gc,task     ] GC(1) Using 10 workers of 10 for evacuation
[2025-01-10T10:00:24.682+0700][gc,phases   ] GC(1)   Pre Evacuate Collection Set: 0.16ms
[2025-01-10T10:00:24.682+0700][gc,phases   ] GC(1)   Merge Heap Roots: 0.03ms
[2025-01-10T10:00:24.682+0700][gc,phases   ] GC(1)   Evacuate Collection Set: 2.56ms
[2025-01-10T10:00:24.682+0700][gc,phases   ] GC(1)   Post Evacuate Collection Set: 0.25ms
[2025-01-10T10:00:24.682+0700][gc,phases   ] GC(1)   Other: 0.05ms
[2025-01-10T10:00:24.682+0700][gc,heap     ] GC(1) Eden regions: 16->0(49)
[2025-01-10T10:00:24.682+0700][gc,heap     ] GC(1) Survivor regions: 7->2(7)
[2025-01-10T10:00:24.682+0700][gc,heap     ] GC(1) Old regions: 4->11
[2025-01-10T10:00:24.682+0700][gc,heap     ] GC(1) Humongous regions: 0->0
[2025-01-10T10:00:24.682+0700][gc,metaspace] GC(1) Metaspace: 21259K(21504K)->21259K(21504K) NonClass: 18687K(18816K)->18687K(18816K) Class: 2571K(2688K)->2571K(2688K)
[2025-01-10T10:00:24.682+0700][gc          ] GC(1) Pause Young (Concurrent Start) (Metadata GC Threshold) 24M->10M(1024M) 3.198ms
[2025-01-10T10:00:24.682+0700][gc          ] GC(2) Concurrent Mark Cycle
[2025-01-10T10:00:24.682+0700][gc,marking  ] GC(2) Concurrent Scan Root Regions
[2025-01-10T10:00:24.682+0700][gc,cpu      ] GC(1) User=0.02s Sys=0.00s Real=0.00s
[2025-01-10T10:00:24.683+0700][gc,marking  ] GC(2) Concurrent Scan Root Regions 1.147ms
[2025-01-10T10:00:24.683+0700][gc,marking  ] GC(2) Concurrent Mark
[2025-01-10T10:00:24.683+0700][gc,marking  ] GC(2) Concurrent Mark From Roots
[2025-01-10T10:00:24.683+0700][gc,task     ] GC(2) Using 3 workers of 3 for marking
[2025-01-10T10:00:24.685+0700][gc,marking  ] GC(2) Concurrent Mark From Roots 1.252ms
[2025-01-10T10:00:24.685+0700][gc,marking  ] GC(2) Concurrent Preclean
[2025-01-10T10:00:24.685+0700][gc,marking  ] GC(2) Concurrent Preclean 0.005ms
[2025-01-10T10:00:24.685+0700][gc,start    ] GC(2) Pause Remark
[2025-01-10T10:00:24.686+0700][gc          ] GC(2) Pause Remark 11M->11M(1024M) 1.000ms
[2025-01-10T10:00:24.686+0700][gc,cpu      ] GC(2) User=0.00s Sys=0.00s Real=0.00s
[2025-01-10T10:00:24.686+0700][gc,marking  ] GC(2) Concurrent Mark 2.391ms
[2025-01-10T10:00:24.686+0700][gc,marking  ] GC(2) Concurrent Rebuild Remembered Sets and Scrub Regions
[2025-01-10T10:00:24.687+0700][gc,marking  ] GC(2) Concurrent Rebuild Remembered Sets and Scrub Regions 1.030ms
[2025-01-10T10:00:24.687+0700][gc,start    ] GC(2) Pause Cleanup
[2025-01-10T10:00:24.687+0700][gc          ] GC(2) Pause Cleanup 11M->11M(1024M) 0.024ms
[2025-01-10T10:00:24.687+0700][gc,cpu      ] GC(2) User=0.00s Sys=0.00s Real=0.00s
[2025-01-10T10:00:24.687+0700][gc,marking  ] GC(2) Concurrent Clear Claimed Marks
[2025-01-10T10:00:24.687+0700][gc,marking  ] GC(2) Concurrent Clear Claimed Marks 0.008ms
[2025-01-10T10:00:24.687+0700][gc,marking  ] GC(2) Concurrent Cleanup for Next Mark
[2025-01-10T10:00:24.689+0700][gc,marking  ] GC(2) Concurrent Cleanup for Next Mark 1.775ms
[2025-01-10T10:00:24.689+0700][gc          ] GC(2) Concurrent Mark Cycle 6.501ms
[2025-01-10T10:00:25.175+0700][gc,start    ] GC(3) Pause Young (Prepare Mixed) (G1 Evacuation Pause)
[2025-01-10T10:00:25.175+0700][gc,task     ] GC(3) Using 10 workers of 10 for evacuation
[2025-01-10T10:00:25.179+0700][gc,phases   ] GC(3)   Pre Evacuate Collection Set: 0.15ms
[2025-01-10T10:00:25.179+0700][gc,phases   ] GC(3)   Merge Heap Roots: 0.03ms
[2025-01-10T10:00:25.179+0700][gc,phases   ] GC(3)   Evacuate Collection Set: 2.64ms
[2025-01-10T10:00:25.179+0700][gc,phases   ] GC(3)   Post Evacuate Collection Set: 0.31ms
[2025-01-10T10:00:25.179+0700][gc,phases   ] GC(3)   Other: 0.06ms
[2025-01-10T10:00:25.179+0700][gc,heap     ] GC(3) Eden regions: 49->0(44)
[2025-01-10T10:00:25.179+0700][gc,heap     ] GC(3) Survivor regions: 2->7(7)
[2025-01-10T10:00:25.179+0700][gc,heap     ] GC(3) Old regions: 11->11
[2025-01-10T10:00:25.179+0700][gc,heap     ] GC(3) Humongous regions: 129->129
[2025-01-10T10:00:25.179+0700][gc,metaspace] GC(3) Metaspace: 32659K(32960K)->32659K(32960K) NonClass: 28957K(29120K)->28957K(29120K) Class: 3702K(3840K)->3702K(3840K)
[2025-01-10T10:00:25.179+0700][gc          ] GC(3) Pause Young (Prepare Mixed) (G1 Evacuation Pause) 188M->144M(1024M) 3.317ms
[2025-01-10T10:00:25.179+0700][gc,cpu      ] GC(3) User=0.03s Sys=0.00s Real=0.01s
[2025-01-10T10:00:25.353+0700][gc,start    ] GC(4) Pause Young (Mixed) (Metadata GC Threshold)
[2025-01-10T10:00:25.353+0700][gc,task     ] GC(4) Using 10 workers of 10 for evacuation
[2025-01-10T10:00:25.356+0700][gc,phases   ] GC(4)   Pre Evacuate Collection Set: 0.14ms
[2025-01-10T10:00:25.356+0700][gc,phases   ] GC(4)   Merge Heap Roots: 0.03ms
[2025-01-10T10:00:25.356+0700][gc,phases   ] GC(4)   Evacuate Collection Set: 2.63ms
[2025-01-10T10:00:25.356+0700][gc,phases   ] GC(4)   Post Evacuate Collection Set: 0.22ms
[2025-01-10T10:00:25.356+0700][gc,phases   ] GC(4)   Other: 0.04ms
[2025-01-10T10:00:25.356+0700][gc,heap     ] GC(4) Eden regions: 13->0(49)
[2025-01-10T10:00:25.356+0700][gc,heap     ] GC(4) Survivor regions: 7->2(7)
[2025-01-10T10:00:25.356+0700][gc,heap     ] GC(4) Old regions: 11->16
[2025-01-10T10:00:25.356+0700][gc,heap     ] GC(4) Humongous regions: 129->129
[2025-01-10T10:00:25.356+0700][gc,metaspace] GC(4) Metaspace: 35691K(35968K)->35691K(35968K) NonClass: 31599K(31744K)->31599K(31744K) Class: 4092K(4224K)->4092K(4224K)
[2025-01-10T10:00:25.356+0700][gc          ] GC(4) Pause Young (Mixed) (Metadata GC Threshold) 157M->145M(1024M) 3.179ms
[2025-01-10T10:00:25.356+0700][gc,cpu      ] GC(4) User=0.03s Sys=0.00s Real=0.00s
[2025-01-10T10:00:25.368+0700][gc,start    ] GC(5) Pause Young (Concurrent Start) (Metadata GC Threshold)
[2025-01-10T10:00:25.369+0700][gc,task     ] GC(5) Using 10 workers of 10 for evacuation
[2025-01-10T10:00:25.370+0700][gc,phases   ] GC(5)   Pre Evacuate Collection Set: 0.30ms
[2025-01-10T10:00:25.370+0700][gc,phases   ] GC(5)   Merge Heap Roots: 0.02ms
[2025-01-10T10:00:25.370+0700][gc,phases   ] GC(5)   Evacuate Collection Set: 0.68ms
[2025-01-10T10:00:25.370+0700][gc,phases   ] GC(5)   Post Evacuate Collection Set: 0.16ms
[2025-01-10T10:00:25.370+0700][gc,phases   ] GC(5)   Other: 0.08ms
[2025-01-10T10:00:25.370+0700][gc,heap     ] GC(5) Eden regions: 2->0(50)
[2025-01-10T10:00:25.370+0700][gc,heap     ] GC(5) Survivor regions: 2->1(7)
[2025-01-10T10:00:25.370+0700][gc,heap     ] GC(5) Old regions: 16->16
[2025-01-10T10:00:25.370+0700][gc,heap     ] GC(5) Humongous regions: 129->129
[2025-01-10T10:00:25.370+0700][gc,metaspace] GC(5) Metaspace: 36008K(36288K)->36008K(36288K) NonClass: 31861K(32000K)->31861K(32000K) Class: 4146K(4288K)->4146K(4288K)
[2025-01-10T10:00:25.370+0700][gc          ] GC(5) Pause Young (Concurrent Start) (Metadata GC Threshold) 147M->145M(1024M) 1.350ms
[2025-01-10T10:00:25.370+0700][gc,cpu      ] GC(5) User=0.01s Sys=0.00s Real=0.00s
[2025-01-10T10:00:25.370+0700][gc          ] GC(6) Concurrent Mark Cycle
[2025-01-10T10:00:25.370+0700][gc,marking  ] GC(6) Concurrent Scan Root Regions
[2025-01-10T10:00:25.371+0700][gc,marking  ] GC(6) Concurrent Scan Root Regions 1.292ms
[2025-01-10T10:00:25.371+0700][gc,marking  ] GC(6) Concurrent Mark
[2025-01-10T10:00:25.371+0700][gc,marking  ] GC(6) Concurrent Mark From Roots
[2025-01-10T10:00:25.371+0700][gc,task     ] GC(6) Using 3 workers of 3 for marking
[2025-01-10T10:00:25.380+0700][gc,marking  ] GC(6) Concurrent Mark From Roots 9.187ms
[2025-01-10T10:00:25.380+0700][gc,marking  ] GC(6) Concurrent Preclean
[2025-01-10T10:00:25.380+0700][gc,marking  ] GC(6) Concurrent Preclean 0.062ms
[2025-01-10T10:00:25.381+0700][gc,start    ] GC(6) Pause Remark
[2025-01-10T10:00:25.382+0700][gc          ] GC(6) Pause Remark 146M->146M(1024M) 1.301ms
[2025-01-10T10:00:25.382+0700][gc,cpu      ] GC(6) User=0.01s Sys=0.00s Real=0.00s
[2025-01-10T10:00:25.382+0700][gc,marking  ] GC(6) Concurrent Mark 10.704ms
[2025-01-10T10:00:25.382+0700][gc,marking  ] GC(6) Concurrent Rebuild Remembered Sets and Scrub Regions
[2025-01-10T10:00:25.385+0700][gc,marking  ] GC(6) Concurrent Rebuild Remembered Sets and Scrub Regions 2.990ms
[2025-01-10T10:00:25.385+0700][gc,start    ] GC(6) Pause Cleanup
[2025-01-10T10:00:25.385+0700][gc          ] GC(6) Pause Cleanup 146M->146M(1024M) 0.030ms
[2025-01-10T10:00:25.385+0700][gc,cpu      ] GC(6) User=0.00s Sys=0.00s Real=0.00s
[2025-01-10T10:00:25.385+0700][gc,marking  ] GC(6) Concurrent Clear Claimed Marks
[2025-01-10T10:00:25.385+0700][gc,marking  ] GC(6) Concurrent Clear Claimed Marks 0.015ms
[2025-01-10T10:00:25.385+0700][gc,marking  ] GC(6) Concurrent Cleanup for Next Mark
[2025-01-10T10:00:25.386+0700][gc,marking  ] GC(6) Concurrent Cleanup for Next Mark 0.592ms
[2025-01-10T10:00:25.386+0700][gc          ] GC(6) Concurrent Mark Cycle 15.794ms
[2025-01-10T11:56:38.164+0700][gc,start    ] GC(7) Pause Young (Prepare Mixed) (G1 Evacuation Pause)
[2025-01-10T11:56:38.174+0700][gc,task     ] GC(7) Using 10 workers of 10 for evacuation
[2025-01-10T11:56:38.179+0700][gc,phases   ] GC(7)   Pre Evacuate Collection Set: 0.73ms
[2025-01-10T11:56:38.179+0700][gc,phases   ] GC(7)   Merge Heap Roots: 0.25ms
[2025-01-10T11:56:38.179+0700][gc,phases   ] GC(7)   Evacuate Collection Set: 2.42ms
[2025-01-10T11:56:38.179+0700][gc,phases   ] GC(7)   Post Evacuate Collection Set: 0.89ms
[2025-01-10T11:56:38.179+0700][gc,phases   ] GC(7)   Other: 0.22ms
[2025-01-10T11:56:38.179+0700][gc,heap     ] GC(7) Eden regions: 50->0(50)
[2025-01-10T11:56:38.179+0700][gc,heap     ] GC(7) Survivor regions: 1->1(7)
[2025-01-10T11:56:38.179+0700][gc,heap     ] GC(7) Old regions: 16->16
[2025-01-10T11:56:38.179+0700][gc,heap     ] GC(7) Humongous regions: 129->129
[2025-01-10T11:56:38.179+0700][gc,metaspace] GC(7) Metaspace: 37167K(37504K)->37167K(37504K) NonClass: 32904K(33088K)->32904K(33088K) Class: 4262K(4416K)->4262K(4416K)
[2025-01-10T11:56:38.179+0700][gc          ] GC(7) Pause Young (Prepare Mixed) (G1 Evacuation Pause) 195M->145M(1024M) 14.988ms
[2025-01-10T11:56:38.179+0700][gc,cpu      ] GC(7) User=0.03s Sys=0.00s Real=0.02s
[2025-01-11T13:06:25.851+0700][gc,heap,exit] Heap
[2025-01-11T13:06:25.851+0700][gc,heap,exit]  garbage-first heap   total reserved 1048576K, committed 1048576K, used 172630K [0x00000000c0000000, 0x0000000100000000)
[2025-01-11T13:06:25.851+0700][gc,heap,exit]   region size 1024K, 24 young (24576K), 1 survivors (1024K)
[2025-01-11T13:06:25.851+0700][gc,heap,exit]  Metaspace       used 38274K, committed 38592K, reserved 1114112K
[2025-01-11T13:06:25.851+0700][gc,heap,exit]   class space    used 4448K, committed 4544K, reserved 1048576K
