[2024-11-26T22:53:24.865+0700][gc] Using G1
[2024-11-26T22:53:24.871+0700][gc,init] Version: 17.0.12+8-LTS-286 (release)
[2024-11-26T22:53:24.871+0700][gc,init] CPUs: 12 total, 12 available
[2024-11-26T22:53:24.871+0700][gc,init] Memory: 15766M
[2024-11-26T22:53:24.871+0700][gc,init] Large Page Support: Disabled
[2024-11-26T22:53:24.871+0700][gc,init] NUMA Support: Disabled
[2024-11-26T22:53:24.871+0700][gc,init] Compressed Oops: Enabled (32-bit)
[2024-11-26T22:53:24.871+0700][gc,init] Heap Region Size: 1M
[2024-11-26T22:53:24.871+0700][gc,init] Heap Min Capacity: 1G
[2024-11-26T22:53:24.871+0700][gc,init] Heap Initial Capacity: 1G
[2024-11-26T22:53:24.871+0700][gc,init] Heap Max Capacity: 1G
[2024-11-26T22:53:24.871+0700][gc,init] Pre-touch: Disabled
[2024-11-26T22:53:24.871+0700][gc,init] Parallel Workers: 10
[2024-11-26T22:53:24.871+0700][gc,init] Concurrent Workers: 3
[2024-11-26T22:53:24.871+0700][gc,init] Concurrent Refinement Workers: 10
[2024-11-26T22:53:24.871+0700][gc,init] Periodic GC: Disabled
[2024-11-26T22:53:24.875+0700][gc,metaspace] CDS archive(s) mapped at: [0x000072b823000000-0x000072b823bee000-0x000072b823bee000), size 12509184, SharedBaseAddress: 0x000072b823000000, ArchiveRelocationMode: 1.
[2024-11-26T22:53:24.875+0700][gc,metaspace] Compressed class space mapped at: 0x000072b824000000-0x000072b864000000, reserved size: 1073741824
[2024-11-26T22:53:24.876+0700][gc,metaspace] Narrow klass base: 0x000072b823000000, Narrow klass shift: 0, Narrow klass range: 0x100000000
[2024-11-26T22:53:26.200+0700][gc,start    ] GC(0) Pause Young (Normal) (G1 Evacuation Pause)
[2024-11-26T22:53:26.201+0700][gc,task     ] GC(0) Using 10 workers of 10 for evacuation
[2024-11-26T22:53:26.203+0700][gc,phases   ] GC(0)   Pre Evacuate Collection Set: 0.1ms
[2024-11-26T22:53:26.203+0700][gc,phases   ] GC(0)   Merge Heap Roots: 0.0ms
[2024-11-26T22:53:26.203+0700][gc,phases   ] GC(0)   Evacuate Collection Set: 1.7ms
[2024-11-26T22:53:26.203+0700][gc,phases   ] GC(0)   Post Evacuate Collection Set: 0.4ms
[2024-11-26T22:53:26.203+0700][gc,phases   ] GC(0)   Other: 0.9ms
[2024-11-26T22:53:26.203+0700][gc,heap     ] GC(0) Eden regions: 51->0(44)
[2024-11-26T22:53:26.203+0700][gc,heap     ] GC(0) Survivor regions: 0->7(7)
[2024-11-26T22:53:26.203+0700][gc,heap     ] GC(0) Old regions: 0->1
[2024-11-26T22:53:26.203+0700][gc,heap     ] GC(0) Archive regions: 2->2
[2024-11-26T22:53:26.203+0700][gc,heap     ] GC(0) Humongous regions: 0->0
[2024-11-26T22:53:26.203+0700][gc,metaspace] GC(0) Metaspace: 17966K(18176K)->17966K(18176K) NonClass: 15794K(15872K)->15794K(15872K) Class: 2172K(2304K)->2172K(2304K)
[2024-11-26T22:53:26.203+0700][gc          ] GC(0) Pause Young (Normal) (G1 Evacuation Pause) 51M->8M(1024M) 3.169ms
[2024-11-26T22:53:26.203+0700][gc,cpu      ] GC(0) User=0.02s Sys=0.01s Real=0.00s
[2024-11-26T22:53:26.393+0700][gc,start    ] GC(1) Pause Young (Concurrent Start) (Metadata GC Threshold)
[2024-11-26T22:53:26.393+0700][gc,task     ] GC(1) Using 10 workers of 10 for evacuation
[2024-11-26T22:53:26.396+0700][gc,phases   ] GC(1)   Pre Evacuate Collection Set: 0.1ms
[2024-11-26T22:53:26.396+0700][gc,phases   ] GC(1)   Merge Heap Roots: 0.0ms
[2024-11-26T22:53:26.396+0700][gc,phases   ] GC(1)   Evacuate Collection Set: 1.9ms
[2024-11-26T22:53:26.396+0700][gc,phases   ] GC(1)   Post Evacuate Collection Set: 0.4ms
[2024-11-26T22:53:26.396+0700][gc,phases   ] GC(1)   Other: 0.2ms
[2024-11-26T22:53:26.396+0700][gc,heap     ] GC(1) Eden regions: 14->0(49)
[2024-11-26T22:53:26.396+0700][gc,heap     ] GC(1) Survivor regions: 7->2(7)
[2024-11-26T22:53:26.396+0700][gc,heap     ] GC(1) Old regions: 1->9
[2024-11-26T22:53:26.396+0700][gc,heap     ] GC(1) Archive regions: 2->2
[2024-11-26T22:53:26.396+0700][gc,heap     ] GC(1) Humongous regions: 129->129
[2024-11-26T22:53:26.396+0700][gc,metaspace] GC(1) Metaspace: 21329K(21504K)->21329K(21504K) NonClass: 18753K(18816K)->18753K(18816K) Class: 2576K(2688K)->2576K(2688K)
[2024-11-26T22:53:26.396+0700][gc          ] GC(1) Pause Young (Concurrent Start) (Metadata GC Threshold) 151M->140M(1024M) 2.628ms
[2024-11-26T22:53:26.396+0700][gc,cpu      ] GC(1) User=0.01s Sys=0.00s Real=0.00s
[2024-11-26T22:53:26.396+0700][gc          ] GC(2) Concurrent Mark Cycle
[2024-11-26T22:53:26.396+0700][gc,marking  ] GC(2) Concurrent Clear Claimed Marks
[2024-11-26T22:53:26.396+0700][gc,marking  ] GC(2) Concurrent Clear Claimed Marks 0.010ms
[2024-11-26T22:53:26.396+0700][gc,marking  ] GC(2) Concurrent Scan Root Regions
[2024-11-26T22:53:26.397+0700][gc,marking  ] GC(2) Concurrent Scan Root Regions 1.366ms
[2024-11-26T22:53:26.398+0700][gc,marking  ] GC(2) Concurrent Mark
[2024-11-26T22:53:26.398+0700][gc,marking  ] GC(2) Concurrent Mark From Roots
[2024-11-26T22:53:26.398+0700][gc,task     ] GC(2) Using 3 workers of 3 for marking
[2024-11-26T22:53:26.399+0700][gc,marking  ] GC(2) Concurrent Mark From Roots 1.718ms
[2024-11-26T22:53:26.399+0700][gc,marking  ] GC(2) Concurrent Preclean
[2024-11-26T22:53:26.399+0700][gc,marking  ] GC(2) Concurrent Preclean 0.047ms
[2024-11-26T22:53:26.399+0700][gc,start    ] GC(2) Pause Remark
[2024-11-26T22:53:26.400+0700][gc          ] GC(2) Pause Remark 140M->140M(1024M) 1.074ms
[2024-11-26T22:53:26.401+0700][gc,cpu      ] GC(2) User=0.01s Sys=0.00s Real=0.00s
[2024-11-26T22:53:26.401+0700][gc,marking  ] GC(2) Concurrent Mark 3.022ms
[2024-11-26T22:53:26.401+0700][gc,marking  ] GC(2) Concurrent Rebuild Remembered Sets
[2024-11-26T22:53:26.402+0700][gc,marking  ] GC(2) Concurrent Rebuild Remembered Sets 1.183ms
[2024-11-26T22:53:26.402+0700][gc,start    ] GC(2) Pause Cleanup
[2024-11-26T22:53:26.402+0700][gc          ] GC(2) Pause Cleanup 140M->140M(1024M) 0.099ms
[2024-11-26T22:53:26.402+0700][gc,cpu      ] GC(2) User=0.00s Sys=0.00s Real=0.00s
[2024-11-26T22:53:26.402+0700][gc,marking  ] GC(2) Concurrent Cleanup for Next Mark
[2024-11-26T22:53:26.404+0700][gc,marking  ] GC(2) Concurrent Cleanup for Next Mark 2.142ms
[2024-11-26T22:53:26.404+0700][gc          ] GC(2) Concurrent Mark Cycle 8.071ms
[2024-11-26T22:53:26.795+0700][gc,start    ] GC(3) Pause Young (Normal) (G1 Evacuation Pause)
[2024-11-26T22:53:26.795+0700][gc,task     ] GC(3) Using 10 workers of 10 for evacuation
[2024-11-26T22:53:26.797+0700][gc,phases   ] GC(3)   Pre Evacuate Collection Set: 0.1ms
[2024-11-26T22:53:26.797+0700][gc,phases   ] GC(3)   Merge Heap Roots: 0.0ms
[2024-11-26T22:53:26.797+0700][gc,phases   ] GC(3)   Evacuate Collection Set: 2.1ms
[2024-11-26T22:53:26.797+0700][gc,phases   ] GC(3)   Post Evacuate Collection Set: 0.2ms
[2024-11-26T22:53:26.797+0700][gc,phases   ] GC(3)   Other: 0.1ms
[2024-11-26T22:53:26.797+0700][gc,heap     ] GC(3) Eden regions: 49->0(44)
[2024-11-26T22:53:26.797+0700][gc,heap     ] GC(3) Survivor regions: 2->7(7)
[2024-11-26T22:53:26.797+0700][gc,heap     ] GC(3) Old regions: 9->9
[2024-11-26T22:53:26.797+0700][gc,heap     ] GC(3) Archive regions: 2->2
[2024-11-26T22:53:26.797+0700][gc,heap     ] GC(3) Humongous regions: 129->129
[2024-11-26T22:53:26.797+0700][gc,metaspace] GC(3) Metaspace: 32906K(33152K)->32906K(33152K) NonClass: 29215K(29376K)->29215K(29376K) Class: 3691K(3776K)->3691K(3776K)
[2024-11-26T22:53:26.797+0700][gc          ] GC(3) Pause Young (Normal) (G1 Evacuation Pause) 189M->144M(1024M) 2.597ms
[2024-11-26T22:53:26.797+0700][gc,cpu      ] GC(3) User=0.03s Sys=0.00s Real=0.01s
[2024-11-26T22:54:36.299+0700][gc,start    ] GC(4) Pause Young (Concurrent Start) (Metadata GC Threshold)
[2024-11-26T22:54:36.299+0700][gc,task     ] GC(4) Using 10 workers of 10 for evacuation
[2024-11-26T22:54:36.302+0700][gc,phases   ] GC(4)   Pre Evacuate Collection Set: 0.1ms
[2024-11-26T22:54:36.302+0700][gc,phases   ] GC(4)   Merge Heap Roots: 0.1ms
[2024-11-26T22:54:36.302+0700][gc,phases   ] GC(4)   Evacuate Collection Set: 2.4ms
[2024-11-26T22:54:36.302+0700][gc,phases   ] GC(4)   Post Evacuate Collection Set: 0.2ms
[2024-11-26T22:54:36.302+0700][gc,phases   ] GC(4)   Other: 0.1ms
[2024-11-26T22:54:36.302+0700][gc,heap     ] GC(4) Eden regions: 15->0(49)
[2024-11-26T22:54:36.302+0700][gc,heap     ] GC(4) Survivor regions: 7->2(7)
[2024-11-26T22:54:36.302+0700][gc,heap     ] GC(4) Old regions: 9->15
[2024-11-26T22:54:36.302+0700][gc,heap     ] GC(4) Archive regions: 2->2
[2024-11-26T22:54:36.302+0700][gc,heap     ] GC(4) Humongous regions: 129->129
[2024-11-26T22:54:36.302+0700][gc,metaspace] GC(4) Metaspace: 35870K(36160K)->35870K(36160K) NonClass: 31752K(31872K)->31752K(31872K) Class: 4118K(4288K)->4118K(4288K)
[2024-11-26T22:54:36.302+0700][gc          ] GC(4) Pause Young (Concurrent Start) (Metadata GC Threshold) 158M->145M(1024M) 2.982ms
[2024-11-26T22:54:36.302+0700][gc,cpu      ] GC(4) User=0.02s Sys=0.01s Real=0.00s
[2024-11-26T22:54:36.302+0700][gc          ] GC(5) Concurrent Mark Cycle
[2024-11-26T22:54:36.302+0700][gc,marking  ] GC(5) Concurrent Clear Claimed Marks
[2024-11-26T22:54:36.302+0700][gc,marking  ] GC(5) Concurrent Clear Claimed Marks 0.017ms
[2024-11-26T22:54:36.302+0700][gc,marking  ] GC(5) Concurrent Scan Root Regions
[2024-11-26T22:54:36.304+0700][gc,marking  ] GC(5) Concurrent Scan Root Regions 1.514ms
[2024-11-26T22:54:36.304+0700][gc,marking  ] GC(5) Concurrent Mark
[2024-11-26T22:54:36.304+0700][gc,marking  ] GC(5) Concurrent Mark From Roots
[2024-11-26T22:54:36.304+0700][gc,task     ] GC(5) Using 3 workers of 3 for marking
[2024-11-26T22:54:36.307+0700][gc,marking  ] GC(5) Concurrent Mark From Roots 3.362ms
[2024-11-26T22:54:36.307+0700][gc,marking  ] GC(5) Concurrent Preclean
[2024-11-26T22:54:36.307+0700][gc,marking  ] GC(5) Concurrent Preclean 0.109ms
[2024-11-26T22:54:36.307+0700][gc,start    ] GC(5) Pause Remark
[2024-11-26T22:54:36.308+0700][gc          ] GC(5) Pause Remark 145M->145M(1024M) 0.753ms
[2024-11-26T22:54:36.308+0700][gc,cpu      ] GC(5) User=0.01s Sys=0.00s Real=0.00s
[2024-11-26T22:54:36.308+0700][gc,marking  ] GC(5) Concurrent Mark 4.347ms
[2024-11-26T22:54:36.308+0700][gc,marking  ] GC(5) Concurrent Rebuild Remembered Sets
[2024-11-26T22:54:36.311+0700][gc,marking  ] GC(5) Concurrent Rebuild Remembered Sets 2.916ms
[2024-11-26T22:54:36.311+0700][gc,start    ] GC(5) Pause Cleanup
[2024-11-26T22:54:36.311+0700][gc          ] GC(5) Pause Cleanup 145M->145M(1024M) 0.137ms
[2024-11-26T22:54:36.311+0700][gc,cpu      ] GC(5) User=0.00s Sys=0.00s Real=0.00s
[2024-11-26T22:54:36.311+0700][gc,marking  ] GC(5) Concurrent Cleanup for Next Mark
[2024-11-26T22:54:36.313+0700][gc,marking  ] GC(5) Concurrent Cleanup for Next Mark 2.074ms
[2024-11-26T22:54:36.313+0700][gc          ] GC(5) Concurrent Mark Cycle 11.262ms
[2024-11-26T23:35:37.493+0700][gc,start    ] GC(6) Pause Young (Prepare Mixed) (G1 Evacuation Pause)
[2024-11-26T23:35:37.493+0700][gc,task     ] GC(6) Using 10 workers of 10 for evacuation
[2024-11-26T23:35:37.495+0700][gc,phases   ] GC(6)   Pre Evacuate Collection Set: 0.1ms
[2024-11-26T23:35:37.495+0700][gc,phases   ] GC(6)   Merge Heap Roots: 0.1ms
[2024-11-26T23:35:37.495+0700][gc,phases   ] GC(6)   Evacuate Collection Set: 1.3ms
[2024-11-26T23:35:37.495+0700][gc,phases   ] GC(6)   Post Evacuate Collection Set: 0.3ms
[2024-11-26T23:35:37.495+0700][gc,phases   ] GC(6)   Other: 0.2ms
[2024-11-26T23:35:37.495+0700][gc,heap     ] GC(6) Eden regions: 49->0(48)
[2024-11-26T23:35:37.495+0700][gc,heap     ] GC(6) Survivor regions: 2->3(7)
[2024-11-26T23:35:37.495+0700][gc,heap     ] GC(6) Old regions: 15->15
[2024-11-26T23:35:37.495+0700][gc,heap     ] GC(6) Archive regions: 2->2
[2024-11-26T23:35:37.495+0700][gc,heap     ] GC(6) Humongous regions: 129->129
[2024-11-26T23:35:37.495+0700][gc,metaspace] GC(6) Metaspace: 39951K(40384K)->39951K(40384K) NonClass: 35128K(35392K)->35128K(35392K) Class: 4822K(4992K)->4822K(4992K)
[2024-11-26T23:35:37.495+0700][gc          ] GC(6) Pause Young (Prepare Mixed) (G1 Evacuation Pause) 194M->146M(1024M) 2.072ms
[2024-11-26T23:35:37.495+0700][gc,cpu      ] GC(6) User=0.01s Sys=0.00s Real=0.00s
[2024-11-26T23:42:12.680+0700][gc,start    ] GC(7) Pause Young (Mixed) (G1 Evacuation Pause)
[2024-11-26T23:42:12.680+0700][gc,task     ] GC(7) Using 10 workers of 10 for evacuation
[2024-11-26T23:42:12.686+0700][gc,phases   ] GC(7)   Pre Evacuate Collection Set: 0.3ms
[2024-11-26T23:42:12.686+0700][gc,phases   ] GC(7)   Merge Heap Roots: 0.1ms
[2024-11-26T23:42:12.686+0700][gc,phases   ] GC(7)   Evacuate Collection Set: 4.8ms
[2024-11-26T23:42:12.686+0700][gc,phases   ] GC(7)   Post Evacuate Collection Set: 0.8ms
[2024-11-26T23:42:12.686+0700][gc,phases   ] GC(7)   Other: 0.2ms
[2024-11-26T23:42:12.686+0700][gc,heap     ] GC(7) Eden regions: 48->0(45)
[2024-11-26T23:42:12.686+0700][gc,heap     ] GC(7) Survivor regions: 3->6(7)
[2024-11-26T23:42:12.686+0700][gc,heap     ] GC(7) Old regions: 15->15
[2024-11-26T23:42:12.686+0700][gc,heap     ] GC(7) Archive regions: 2->2
[2024-11-26T23:42:12.686+0700][gc,heap     ] GC(7) Humongous regions: 129->129
[2024-11-26T23:42:12.686+0700][gc,metaspace] GC(7) Metaspace: 42957K(43520K)->42957K(43520K) NonClass: 37796K(38080K)->37796K(38080K) Class: 5161K(5440K)->5161K(5440K)
[2024-11-26T23:42:12.686+0700][gc          ] GC(7) Pause Young (Mixed) (G1 Evacuation Pause) 194M->149M(1024M) 6.316ms
[2024-11-26T23:42:12.686+0700][gc,cpu      ] GC(7) User=0.05s Sys=0.00s Real=0.00s
[2024-11-26T23:50:53.291+0700][gc,heap,exit] Heap
[2024-11-26T23:50:53.291+0700][gc,heap,exit]  garbage-first heap   total 1048576K, used 195774K [0x00000000c0000000, 0x0000000100000000)
[2024-11-26T23:50:53.291+0700][gc,heap,exit]   region size 1024K, 48 young (49152K), 6 survivors (6144K)
[2024-11-26T23:50:53.291+0700][gc,heap,exit]  Metaspace       used 44005K, committed 44672K, reserved 1114112K
[2024-11-26T23:50:53.291+0700][gc,heap,exit]   class space    used 5369K, committed 5632K, reserved 1048576K
