[2025-01-15T23:42:25.146+0700][gc,init] CardTable entry size: 512
[2025-01-15T23:42:25.147+0700][gc     ] Using G1
[2025-01-15T23:42:25.152+0700][gc,init] Version: 23.0.1+11-39 (release)
[2025-01-15T23:42:25.152+0700][gc,init] CPUs: 12 total, 12 available
[2025-01-15T23:42:25.152+0700][gc,init] Memory: 15766M
[2025-01-15T23:42:25.152+0700][gc,init] Large Page Support: Disabled
[2025-01-15T23:42:25.152+0700][gc,init] NUMA Support: Disabled
[2025-01-15T23:42:25.152+0700][gc,init] Compressed Oops: Enabled (32-bit)
[2025-01-15T23:42:25.152+0700][gc,init] Heap Region Size: 1M
[2025-01-15T23:42:25.152+0700][gc,init] Heap Min Capacity: 1G
[2025-01-15T23:42:25.152+0700][gc,init] Heap Initial Capacity: 1G
[2025-01-15T23:42:25.152+0700][gc,init] Heap Max Capacity: 1G
[2025-01-15T23:42:25.152+0700][gc,init] Pre-touch: Disabled
[2025-01-15T23:42:25.152+0700][gc,init] Parallel Workers: 10
[2025-01-15T23:42:25.152+0700][gc,init] Concurrent Workers: 3
[2025-01-15T23:42:25.152+0700][gc,init] Concurrent Refinement Workers: 10
[2025-01-15T23:42:25.152+0700][gc,init] Periodic GC: Disabled
[2025-01-15T23:42:25.157+0700][gc,metaspace] CDS archive(s) mapped at: [0x000070e5ea000000-0x000070e5ead91000-0x000070e5ead91000), size 14225408, SharedBaseAddress: 0x000070e5ea000000, ArchiveRelocationMode: 1.
[2025-01-15T23:42:25.157+0700][gc,metaspace] Compressed class space mapped at: 0x000070e5eb000000-0x000070e62b000000, reserved size: 1073741824
[2025-01-15T23:42:25.157+0700][gc,metaspace] Narrow klass base: 0x000070e5ea000000, Narrow klass shift: 0, Narrow klass range: 0x100000000
[2025-01-15T23:42:25.907+0700][gc,start    ] GC(0) Pause Young (Normal) (G1 Evacuation Pause)
[2025-01-15T23:42:25.907+0700][gc,task     ] GC(0) Using 10 workers of 10 for evacuation
[2025-01-15T23:42:25.910+0700][gc,phases   ] GC(0)   Pre Evacuate Collection Set: 0.13ms
[2025-01-15T23:42:25.910+0700][gc,phases   ] GC(0)   Merge Heap Roots: 0.05ms
[2025-01-15T23:42:25.910+0700][gc,phases   ] GC(0)   Evacuate Collection Set: 2.41ms
[2025-01-15T23:42:25.910+0700][gc,phases   ] GC(0)   Post Evacuate Collection Set: 0.39ms
[2025-01-15T23:42:25.910+0700][gc,phases   ] GC(0)   Other: 0.69ms
[2025-01-15T23:42:25.910+0700][gc,heap     ] GC(0) Eden regions: 51->0(44)
[2025-01-15T23:42:25.910+0700][gc,heap     ] GC(0) Survivor regions: 0->7(7)
[2025-01-15T23:42:25.910+0700][gc,heap     ] GC(0) Old regions: 2->3
[2025-01-15T23:42:25.910+0700][gc,heap     ] GC(0) Humongous regions: 0->0
[2025-01-15T23:42:25.910+0700][gc,metaspace] GC(0) Metaspace: 17291K(17536K)->17291K(17536K) NonClass: 15219K(15360K)->15219K(15360K) Class: 2072K(2176K)->2072K(2176K)
[2025-01-15T23:42:25.910+0700][gc          ] GC(0) Pause Young (Normal) (G1 Evacuation Pause) 52M->9M(1024M) 3.866ms
[2025-01-15T23:42:25.910+0700][gc,cpu      ] GC(0) User=0.02s Sys=0.01s Real=0.00s
[2025-01-15T23:42:26.085+0700][gc,start    ] GC(1) Pause Young (Concurrent Start) (Metadata GC Threshold)
[2025-01-15T23:42:26.085+0700][gc,task     ] GC(1) Using 10 workers of 10 for evacuation
[2025-01-15T23:42:26.088+0700][gc,phases   ] GC(1)   Pre Evacuate Collection Set: 0.18ms
[2025-01-15T23:42:26.088+0700][gc,phases   ] GC(1)   Merge Heap Roots: 0.03ms
[2025-01-15T23:42:26.088+0700][gc,phases   ] GC(1)   Evacuate Collection Set: 2.07ms
[2025-01-15T23:42:26.088+0700][gc,phases   ] GC(1)   Post Evacuate Collection Set: 0.25ms
[2025-01-15T23:42:26.088+0700][gc,phases   ] GC(1)   Other: 0.06ms
[2025-01-15T23:42:26.088+0700][gc,heap     ] GC(1) Eden regions: 16->0(49)
[2025-01-15T23:42:26.088+0700][gc,heap     ] GC(1) Survivor regions: 7->2(7)
[2025-01-15T23:42:26.088+0700][gc,heap     ] GC(1) Old regions: 3->11
[2025-01-15T23:42:26.088+0700][gc,heap     ] GC(1) Humongous regions: 0->0
[2025-01-15T23:42:26.088+0700][gc,metaspace] GC(1) Metaspace: 21258K(21504K)->21258K(21504K) NonClass: 18687K(18816K)->18687K(18816K) Class: 2571K(2688K)->2571K(2688K)
[2025-01-15T23:42:26.088+0700][gc          ] GC(1) Pause Young (Concurrent Start) (Metadata GC Threshold) 24M->11M(1024M) 2.718ms
[2025-01-15T23:42:26.088+0700][gc,cpu      ] GC(1) User=0.01s Sys=0.01s Real=0.00s
[2025-01-15T23:42:26.088+0700][gc          ] GC(2) Concurrent Mark Cycle
[2025-01-15T23:42:26.088+0700][gc,marking  ] GC(2) Concurrent Scan Root Regions
[2025-01-15T23:42:26.089+0700][gc,marking  ] GC(2) Concurrent Scan Root Regions 1.400ms
[2025-01-15T23:42:26.089+0700][gc,marking  ] GC(2) Concurrent Mark
[2025-01-15T23:42:26.089+0700][gc,marking  ] GC(2) Concurrent Mark From Roots
[2025-01-15T23:42:26.089+0700][gc,task     ] GC(2) Using 3 workers of 3 for marking
[2025-01-15T23:42:26.091+0700][gc,marking  ] GC(2) Concurrent Mark From Roots 1.518ms
[2025-01-15T23:42:26.091+0700][gc,marking  ] GC(2) Concurrent Preclean
[2025-01-15T23:42:26.091+0700][gc,marking  ] GC(2) Concurrent Preclean 0.007ms
[2025-01-15T23:42:26.091+0700][gc,start    ] GC(2) Pause Remark
[2025-01-15T23:42:26.092+0700][gc          ] GC(2) Pause Remark 12M->12M(1024M) 1.079ms
[2025-01-15T23:42:26.092+0700][gc,cpu      ] GC(2) User=0.01s Sys=0.00s Real=0.00s
[2025-01-15T23:42:26.092+0700][gc,marking  ] GC(2) Concurrent Mark 2.748ms
[2025-01-15T23:42:26.092+0700][gc,marking  ] GC(2) Concurrent Rebuild Remembered Sets and Scrub Regions
[2025-01-15T23:42:26.094+0700][gc,marking  ] GC(2) Concurrent Rebuild Remembered Sets and Scrub Regions 1.297ms
[2025-01-15T23:42:26.094+0700][gc,start    ] GC(2) Pause Cleanup
[2025-01-15T23:42:26.094+0700][gc          ] GC(2) Pause Cleanup 12M->12M(1024M) 0.027ms
[2025-01-15T23:42:26.094+0700][gc,cpu      ] GC(2) User=0.00s Sys=0.00s Real=0.00s
[2025-01-15T23:42:26.094+0700][gc,marking  ] GC(2) Concurrent Clear Claimed Marks
[2025-01-15T23:42:26.094+0700][gc,marking  ] GC(2) Concurrent Clear Claimed Marks 0.014ms
[2025-01-15T23:42:26.094+0700][gc,marking  ] GC(2) Concurrent Cleanup for Next Mark
[2025-01-15T23:42:26.096+0700][gc,marking  ] GC(2) Concurrent Cleanup for Next Mark 2.454ms
[2025-01-15T23:42:26.096+0700][gc          ] GC(2) Concurrent Mark Cycle 8.096ms
[2025-01-15T23:42:26.634+0700][gc,start    ] GC(3) Pause Young (Prepare Mixed) (G1 Evacuation Pause)
[2025-01-15T23:42:26.634+0700][gc,task     ] GC(3) Using 10 workers of 10 for evacuation
[2025-01-15T23:42:26.639+0700][gc,phases   ] GC(3)   Pre Evacuate Collection Set: 0.24ms
[2025-01-15T23:42:26.639+0700][gc,phases   ] GC(3)   Merge Heap Roots: 0.06ms
[2025-01-15T23:42:26.639+0700][gc,phases   ] GC(3)   Evacuate Collection Set: 3.55ms
[2025-01-15T23:42:26.639+0700][gc,phases   ] GC(3)   Post Evacuate Collection Set: 0.73ms
[2025-01-15T23:42:26.639+0700][gc,phases   ] GC(3)   Other: 0.06ms
[2025-01-15T23:42:26.639+0700][gc,heap     ] GC(3) Eden regions: 49->0(44)
[2025-01-15T23:42:26.639+0700][gc,heap     ] GC(3) Survivor regions: 2->7(7)
[2025-01-15T23:42:26.639+0700][gc,heap     ] GC(3) Old regions: 11->11
[2025-01-15T23:42:26.639+0700][gc,heap     ] GC(3) Humongous regions: 129->129
[2025-01-15T23:42:26.639+0700][gc,metaspace] GC(3) Metaspace: 32599K(32896K)->32599K(32896K) NonClass: 28903K(29056K)->28903K(29056K) Class: 3696K(3840K)->3696K(3840K)
[2025-01-15T23:42:26.639+0700][gc          ] GC(3) Pause Young (Prepare Mixed) (G1 Evacuation Pause) 189M->145M(1024M) 4.813ms
[2025-01-15T23:42:26.639+0700][gc,cpu      ] GC(3) User=0.03s Sys=0.00s Real=0.01s
[2025-01-15T23:42:26.823+0700][gc,start    ] GC(4) Pause Young (Mixed) (Metadata GC Threshold)
[2025-01-15T23:42:26.823+0700][gc,task     ] GC(4) Using 10 workers of 10 for evacuation
[2025-01-15T23:42:26.826+0700][gc,phases   ] GC(4)   Pre Evacuate Collection Set: 0.15ms
[2025-01-15T23:42:26.826+0700][gc,phases   ] GC(4)   Merge Heap Roots: 0.03ms
[2025-01-15T23:42:26.826+0700][gc,phases   ] GC(4)   Evacuate Collection Set: 2.38ms
[2025-01-15T23:42:26.826+0700][gc,phases   ] GC(4)   Post Evacuate Collection Set: 0.25ms
[2025-01-15T23:42:26.826+0700][gc,phases   ] GC(4)   Other: 0.04ms
[2025-01-15T23:42:26.826+0700][gc,heap     ] GC(4) Eden regions: 13->0(49)
[2025-01-15T23:42:26.826+0700][gc,heap     ] GC(4) Survivor regions: 7->2(7)
[2025-01-15T23:42:26.826+0700][gc,heap     ] GC(4) Old regions: 11->16
[2025-01-15T23:42:26.826+0700][gc,heap     ] GC(4) Humongous regions: 129->129
[2025-01-15T23:42:26.826+0700][gc,metaspace] GC(4) Metaspace: 35666K(35968K)->35666K(35968K) NonClass: 31574K(31744K)->31574K(31744K) Class: 4092K(4224K)->4092K(4224K)
[2025-01-15T23:42:26.826+0700][gc          ] GC(4) Pause Young (Mixed) (Metadata GC Threshold) 158M->146M(1024M) 2.985ms
[2025-01-15T23:42:26.826+0700][gc,cpu      ] GC(4) User=0.02s Sys=0.00s Real=0.01s
[2025-01-15T23:42:26.837+0700][gc,start    ] GC(5) Pause Young (Concurrent Start) (Metadata GC Threshold)
[2025-01-15T23:42:26.838+0700][gc,task     ] GC(5) Using 10 workers of 10 for evacuation
[2025-01-15T23:42:26.839+0700][gc,phases   ] GC(5)   Pre Evacuate Collection Set: 0.17ms
[2025-01-15T23:42:26.839+0700][gc,phases   ] GC(5)   Merge Heap Roots: 0.02ms
[2025-01-15T23:42:26.839+0700][gc,phases   ] GC(5)   Evacuate Collection Set: 0.68ms
[2025-01-15T23:42:26.839+0700][gc,phases   ] GC(5)   Post Evacuate Collection Set: 0.17ms
[2025-01-15T23:42:26.839+0700][gc,phases   ] GC(5)   Other: 0.05ms
[2025-01-15T23:42:26.839+0700][gc,heap     ] GC(5) Eden regions: 2->0(50)
[2025-01-15T23:42:26.839+0700][gc,heap     ] GC(5) Survivor regions: 2->1(7)
[2025-01-15T23:42:26.839+0700][gc,heap     ] GC(5) Old regions: 16->16
[2025-01-15T23:42:26.839+0700][gc,heap     ] GC(5) Humongous regions: 129->129
[2025-01-15T23:42:26.839+0700][gc,metaspace] GC(5) Metaspace: 35978K(36288K)->35978K(36288K) NonClass: 31832K(32000K)->31832K(32000K) Class: 4145K(4288K)->4145K(4288K)
[2025-01-15T23:42:26.839+0700][gc          ] GC(5) Pause Young (Concurrent Start) (Metadata GC Threshold) 147M->145M(1024M) 1.224ms
[2025-01-15T23:42:26.839+0700][gc,cpu      ] GC(5) User=0.01s Sys=0.00s Real=0.00s
[2025-01-15T23:42:26.839+0700][gc          ] GC(6) Concurrent Mark Cycle
[2025-01-15T23:42:26.839+0700][gc,marking  ] GC(6) Concurrent Scan Root Regions
[2025-01-15T23:42:26.840+0700][gc,marking  ] GC(6) Concurrent Scan Root Regions 1.374ms
[2025-01-15T23:42:26.840+0700][gc,marking  ] GC(6) Concurrent Mark
[2025-01-15T23:42:26.840+0700][gc,marking  ] GC(6) Concurrent Mark From Roots
[2025-01-15T23:42:26.840+0700][gc,task     ] GC(6) Using 3 workers of 3 for marking
[2025-01-15T23:42:26.849+0700][gc,marking  ] GC(6) Concurrent Mark From Roots 8.689ms
[2025-01-15T23:42:26.849+0700][gc,marking  ] GC(6) Concurrent Preclean
[2025-01-15T23:42:26.849+0700][gc,marking  ] GC(6) Concurrent Preclean 0.048ms
[2025-01-15T23:42:26.849+0700][gc,start    ] GC(6) Pause Remark
[2025-01-15T23:42:26.850+0700][gc          ] GC(6) Pause Remark 146M->146M(1024M) 1.347ms
[2025-01-15T23:42:26.850+0700][gc,cpu      ] GC(6) User=0.01s Sys=0.00s Real=0.00s
[2025-01-15T23:42:26.850+0700][gc,marking  ] GC(6) Concurrent Mark 10.213ms
[2025-01-15T23:42:26.850+0700][gc,marking  ] GC(6) Concurrent Rebuild Remembered Sets and Scrub Regions
[2025-01-15T23:42:26.853+0700][gc,marking  ] GC(6) Concurrent Rebuild Remembered Sets and Scrub Regions 2.903ms
[2025-01-15T23:42:26.853+0700][gc,start    ] GC(6) Pause Cleanup
[2025-01-15T23:42:26.853+0700][gc          ] GC(6) Pause Cleanup 146M->146M(1024M) 0.040ms
[2025-01-15T23:42:26.853+0700][gc,cpu      ] GC(6) User=0.00s Sys=0.00s Real=0.00s
[2025-01-15T23:42:26.853+0700][gc,marking  ] GC(6) Concurrent Clear Claimed Marks
[2025-01-15T23:42:26.853+0700][gc,marking  ] GC(6) Concurrent Clear Claimed Marks 0.022ms
[2025-01-15T23:42:26.853+0700][gc,marking  ] GC(6) Concurrent Cleanup for Next Mark
[2025-01-15T23:42:26.854+0700][gc,marking  ] GC(6) Concurrent Cleanup for Next Mark 0.638ms
[2025-01-15T23:42:26.854+0700][gc          ] GC(6) Concurrent Mark Cycle 15.363ms
[2025-01-15T23:43:22.597+0700][gc,start    ] GC(7) Pause Young (Prepare Mixed) (G1 Evacuation Pause)
[2025-01-15T23:43:22.597+0700][gc,task     ] GC(7) Using 10 workers of 10 for evacuation
[2025-01-15T23:43:22.602+0700][gc,phases   ] GC(7)   Pre Evacuate Collection Set: 0.40ms
[2025-01-15T23:43:22.602+0700][gc,phases   ] GC(7)   Merge Heap Roots: 0.12ms
[2025-01-15T23:43:22.602+0700][gc,phases   ] GC(7)   Evacuate Collection Set: 4.20ms
[2025-01-15T23:43:22.602+0700][gc,phases   ] GC(7)   Post Evacuate Collection Set: 0.68ms
[2025-01-15T23:43:22.602+0700][gc,phases   ] GC(7)   Other: 0.07ms
[2025-01-15T23:43:22.602+0700][gc,heap     ] GC(7) Eden regions: 50->0(47)
[2025-01-15T23:43:22.602+0700][gc,heap     ] GC(7) Survivor regions: 1->4(7)
[2025-01-15T23:43:22.602+0700][gc,heap     ] GC(7) Old regions: 16->16
[2025-01-15T23:43:22.602+0700][gc,heap     ] GC(7) Humongous regions: 129->129
[2025-01-15T23:43:22.602+0700][gc,metaspace] GC(7) Metaspace: 41491K(42112K)->41491K(42112K) NonClass: 36505K(36864K)->36505K(36864K) Class: 4985K(5248K)->4985K(5248K)
[2025-01-15T23:43:22.602+0700][gc          ] GC(7) Pause Young (Prepare Mixed) (G1 Evacuation Pause) 195M->148M(1024M) 5.615ms
[2025-01-15T23:43:22.602+0700][gc,cpu      ] GC(7) User=0.02s Sys=0.00s Real=0.00s
[2025-01-15T23:47:41.767+0700][gc,start    ] GC(8) Pause Young (Mixed) (G1 Evacuation Pause)
[2025-01-15T23:47:41.767+0700][gc,task     ] GC(8) Using 10 workers of 10 for evacuation
[2025-01-15T23:47:41.769+0700][gc,phases   ] GC(8)   Pre Evacuate Collection Set: 0.15ms
[2025-01-15T23:47:41.769+0700][gc,phases   ] GC(8)   Merge Heap Roots: 0.04ms
[2025-01-15T23:47:41.769+0700][gc,phases   ] GC(8)   Evacuate Collection Set: 1.88ms
[2025-01-15T23:47:41.769+0700][gc,phases   ] GC(8)   Post Evacuate Collection Set: 0.28ms
[2025-01-15T23:47:41.769+0700][gc,phases   ] GC(8)   Other: 0.05ms
[2025-01-15T23:47:41.769+0700][gc,heap     ] GC(8) Eden regions: 47->0(46)
[2025-01-15T23:47:41.769+0700][gc,heap     ] GC(8) Survivor regions: 4->5(7)
[2025-01-15T23:47:41.769+0700][gc,heap     ] GC(8) Old regions: 16->17
[2025-01-15T23:47:41.769+0700][gc,heap     ] GC(8) Humongous regions: 129->129
[2025-01-15T23:47:41.769+0700][gc,metaspace] GC(8) Metaspace: 42691K(43328K)->42691K(43328K) NonClass: 37668K(38016K)->37668K(38016K) Class: 5023K(5312K)->5023K(5312K)
[2025-01-15T23:47:41.769+0700][gc          ] GC(8) Pause Young (Mixed) (G1 Evacuation Pause) 195M->149M(1024M) 2.497ms
[2025-01-15T23:47:41.769+0700][gc,cpu      ] GC(8) User=0.02s Sys=0.00s Real=0.00s
[2025-01-15T23:49:41.155+0700][gc,heap,exit] Heap
[2025-01-15T23:49:41.155+0700][gc,heap,exit]  garbage-first heap   total reserved 1048576K, committed 1048576K, used 188253K [0x00000000c0000000, 0x0000000100000000)
[2025-01-15T23:49:41.155+0700][gc,heap,exit]   region size 1024K, 39 young (39936K), 5 survivors (5120K)
[2025-01-15T23:49:41.155+0700][gc,heap,exit]  Metaspace       used 45197K, committed 45952K, reserved 1114112K
[2025-01-15T23:49:41.155+0700][gc,heap,exit]   class space    used 5504K, committed 5824K, reserved 1048576K
