[2024-11-23T18:01:09.025+0700][gc] Using G1
[2024-11-23T18:01:09.031+0700][gc,init] Version: 17.0.12+8-LTS-286 (release)
[2024-11-23T18:01:09.031+0700][gc,init] CPUs: 12 total, 12 available
[2024-11-23T18:01:09.031+0700][gc,init] Memory: 15766M
[2024-11-23T18:01:09.031+0700][gc,init] Large Page Support: Disabled
[2024-11-23T18:01:09.031+0700][gc,init] NUMA Support: Disabled
[2024-11-23T18:01:09.031+0700][gc,init] Compressed Oops: Enabled (32-bit)
[2024-11-23T18:01:09.031+0700][gc,init] Heap Region Size: 1M
[2024-11-23T18:01:09.031+0700][gc,init] Heap Min Capacity: 1G
[2024-11-23T18:01:09.031+0700][gc,init] Heap Initial Capacity: 1G
[2024-11-23T18:01:09.031+0700][gc,init] Heap Max Capacity: 1G
[2024-11-23T18:01:09.031+0700][gc,init] Pre-touch: Disabled
[2024-11-23T18:01:09.031+0700][gc,init] Parallel Workers: 10
[2024-11-23T18:01:09.031+0700][gc,init] Concurrent Workers: 3
[2024-11-23T18:01:09.031+0700][gc,init] Concurrent Refinement Workers: 10
[2024-11-23T18:01:09.031+0700][gc,init] Periodic GC: Disabled
[2024-11-23T18:01:09.036+0700][gc,metaspace] CDS archive(s) mapped at: [0x00007e849f000000-0x00007e849fbee000-0x00007e849fbee000), size 12509184, SharedBaseAddress: 0x00007e849f000000, ArchiveRelocationMode: 1.
[2024-11-23T18:01:09.036+0700][gc,metaspace] Compressed class space mapped at: 0x00007e84a0000000-0x00007e84e0000000, reserved size: 1073741824
[2024-11-23T18:01:09.036+0700][gc,metaspace] Narrow klass base: 0x00007e849f000000, Narrow klass shift: 0, Narrow klass range: 0x100000000
[2024-11-23T18:01:09.590+0700][gc,heap,exit] Heap
[2024-11-23T18:01:09.590+0700][gc,heap,exit]  garbage-first heap   total 1048576K, used 24558K [0x00000000c0000000, 0x0000000100000000)
[2024-11-23T18:01:09.590+0700][gc,heap,exit]   region size 1024K, 24 young (24576K), 0 survivors (0K)
[2024-11-23T18:01:09.590+0700][gc,heap,exit]  Metaspace       used 9264K, committed 9408K, reserved 1114112K
[2024-11-23T18:01:09.590+0700][gc,heap,exit]   class space    used 1121K, committed 1216K, reserved 1048576K
