[2025-01-10T10:00:21.308+0700][gc,init] CardTable entry size: 512
[2025-01-10T10:00:21.308+0700][gc     ] Using G1
[2025-01-10T10:00:21.311+0700][gc,init] Version: 23.0.1+11-39 (release)
[2025-01-10T10:00:21.311+0700][gc,init] CPUs: 12 total, 12 available
[2025-01-10T10:00:21.311+0700][gc,init] Memory: 15766M
[2025-01-10T10:00:21.311+0700][gc,init] Large Page Support: Disabled
[2025-01-10T10:00:21.311+0700][gc,init] NUMA Support: Disabled
[2025-01-10T10:00:21.311+0700][gc,init] Compressed Oops: Enabled (32-bit)
[2025-01-10T10:00:21.311+0700][gc,init] Heap Region Size: 1M
[2025-01-10T10:00:21.311+0700][gc,init] Heap Min Capacity: 512M
[2025-01-10T10:00:21.311+0700][gc,init] Heap Initial Capacity: 512M
[2025-01-10T10:00:21.311+0700][gc,init] Heap Max Capacity: 512M
[2025-01-10T10:00:21.311+0700][gc,init] Pre-touch: Disabled
[2025-01-10T10:00:21.311+0700][gc,init] Parallel Workers: 10
[2025-01-10T10:00:21.311+0700][gc,init] Concurrent Workers: 3
[2025-01-10T10:00:21.311+0700][gc,init] Concurrent Refinement Workers: 10
[2025-01-10T10:00:21.311+0700][gc,init] Periodic GC: Disabled
[2025-01-10T10:00:21.315+0700][gc,metaspace] CDS archive(s) mapped at: [0x0000791eb2000000-0x0000791eb2d91000-0x0000791eb2d91000), size 14225408, SharedBaseAddress: 0x0000791eb2000000, ArchiveRelocationMode: 1.
[2025-01-10T10:00:21.315+0700][gc,metaspace] Compressed class space mapped at: 0x0000791eb3000000-0x0000791ef3000000, reserved size: 1073741824
[2025-01-10T10:00:21.315+0700][gc,metaspace] Narrow klass base: 0x0000791eb2000000, Narrow klass shift: 0, Narrow klass range: 0x100000000
[2025-01-10T10:00:21.859+0700][gc,start    ] GC(0) Pause Young (Normal) (G1 Evacuation Pause)
[2025-01-10T10:00:21.859+0700][gc,task     ] GC(0) Using 10 workers of 10 for evacuation
[2025-01-10T10:00:21.862+0700][gc,phases   ] GC(0)   Pre Evacuate Collection Set: 0.09ms
[2025-01-10T10:00:21.862+0700][gc,phases   ] GC(0)   Merge Heap Roots: 0.04ms
[2025-01-10T10:00:21.862+0700][gc,phases   ] GC(0)   Evacuate Collection Set: 2.07ms
[2025-01-10T10:00:21.862+0700][gc,phases   ] GC(0)   Post Evacuate Collection Set: 0.30ms
[2025-01-10T10:00:21.862+0700][gc,phases   ] GC(0)   Other: 0.68ms
[2025-01-10T10:00:21.862+0700][gc,heap     ] GC(0) Eden regions: 25->0(21)
[2025-01-10T10:00:21.862+0700][gc,heap     ] GC(0) Survivor regions: 0->4(4)
[2025-01-10T10:00:21.862+0700][gc,heap     ] GC(0) Old regions: 2->7
[2025-01-10T10:00:21.862+0700][gc,heap     ] GC(0) Humongous regions: 0->0
[2025-01-10T10:00:21.862+0700][gc,metaspace] GC(0) Metaspace: 8131K(8256K)->8131K(8256K) NonClass: 7236K(7296K)->7236K(7296K) Class: 895K(960K)->895K(960K)
[2025-01-10T10:00:21.862+0700][gc          ] GC(0) Pause Young (Normal) (G1 Evacuation Pause) 26M->9M(512M) 3.330ms
[2025-01-10T10:00:21.862+0700][gc,cpu      ] GC(0) User=0.02s Sys=0.01s Real=0.00s
[2025-01-11T13:06:24.088+0700][gc,heap,exit] Heap
[2025-01-11T13:06:24.088+0700][gc,heap,exit]  garbage-first heap   total reserved 524288K, committed 524288K, used 24924K [0x00000000e0000000, 0x0000000100000000)
[2025-01-11T13:06:24.088+0700][gc,heap,exit]   region size 1024K, 20 young (20480K), 4 survivors (4096K)
[2025-01-11T13:06:24.088+0700][gc,heap,exit]  Metaspace       used 9610K, committed 9856K, reserved 1114112K
[2025-01-11T13:06:24.088+0700][gc,heap,exit]   class space    used 1021K, committed 1152K, reserved 1048576K
