[2024-10-29T23:55:36.269+0700][gc,init] CardTable entry size: 512
[2024-10-29T23:55:36.269+0700][gc     ] Using G1
[2024-10-29T23:55:36.272+0700][gc,init] Version: 23.0.1+11-39 (release)
[2024-10-29T23:55:36.272+0700][gc,init] CPUs: 12 total, 12 available
[2024-10-29T23:55:36.272+0700][gc,init] Memory: 15766M
[2024-10-29T23:55:36.272+0700][gc,init] Large Page Support: Disabled
[2024-10-29T23:55:36.272+0700][gc,init] NUMA Support: Disabled
[2024-10-29T23:55:36.272+0700][gc,init] Compressed Oops: Enabled (32-bit)
[2024-10-29T23:55:36.272+0700][gc,init] Heap Region Size: 1M
[2024-10-29T23:55:36.272+0700][gc,init] Heap Min Capacity: 512M
[2024-10-29T23:55:36.272+0700][gc,init] Heap Initial Capacity: 512M
[2024-10-29T23:55:36.272+0700][gc,init] Heap Max Capacity: 512M
[2024-10-29T23:55:36.272+0700][gc,init] Pre-touch: Disabled
[2024-10-29T23:55:36.272+0700][gc,init] Parallel Workers: 10
[2024-10-29T23:55:36.272+0700][gc,init] Concurrent Workers: 3
[2024-10-29T23:55:36.272+0700][gc,init] Concurrent Refinement Workers: 10
[2024-10-29T23:55:36.272+0700][gc,init] Periodic GC: Disabled
[2024-10-29T23:55:36.276+0700][gc,metaspace] CDS archive(s) mapped at: [0x00007a90a2000000-0x00007a90a2d91000-0x00007a90a2d91000), size 14225408, SharedBaseAddress: 0x00007a90a2000000, ArchiveRelocationMode: 1.
[2024-10-29T23:55:36.276+0700][gc,metaspace] Compressed class space mapped at: 0x00007a90a3000000-0x00007a90e3000000, reserved size: 1073741824
[2024-10-29T23:55:36.276+0700][gc,metaspace] Narrow klass base: 0x00007a90a2000000, Narrow klass shift: 0, Narrow klass range: 0x100000000
[2024-10-29T23:55:36.642+0700][gc,start    ] GC(0) Pause Young (Normal) (G1 Evacuation Pause)
[2024-10-29T23:55:36.642+0700][gc,task     ] GC(0) Using 10 workers of 10 for evacuation
[2024-10-29T23:55:36.645+0700][gc,phases   ] GC(0)   Pre Evacuate Collection Set: 0.08ms
[2024-10-29T23:55:36.645+0700][gc,phases   ] GC(0)   Merge Heap Roots: 0.04ms
[2024-10-29T23:55:36.645+0700][gc,phases   ] GC(0)   Evacuate Collection Set: 2.49ms
[2024-10-29T23:55:36.645+0700][gc,phases   ] GC(0)   Post Evacuate Collection Set: 0.28ms
[2024-10-29T23:55:36.645+0700][gc,phases   ] GC(0)   Other: 0.63ms
[2024-10-29T23:55:36.645+0700][gc,heap     ] GC(0) Eden regions: 25->0(21)
[2024-10-29T23:55:36.645+0700][gc,heap     ] GC(0) Survivor regions: 0->4(4)
[2024-10-29T23:55:36.645+0700][gc,heap     ] GC(0) Old regions: 2->7
[2024-10-29T23:55:36.645+0700][gc,heap     ] GC(0) Humongous regions: 0->0
[2024-10-29T23:55:36.645+0700][gc,metaspace] GC(0) Metaspace: 8106K(8256K)->8106K(8256K) NonClass: 7213K(7296K)->7213K(7296K) Class: 892K(960K)->892K(960K)
[2024-10-29T23:55:36.645+0700][gc          ] GC(0) Pause Young (Normal) (G1 Evacuation Pause) 26M->9M(512M) 3.657ms
[2024-10-29T23:55:36.645+0700][gc,cpu      ] GC(0) User=0.03s Sys=0.00s Real=0.00s
[2024-10-30T00:47:23.228+0700][gc,heap,exit] Heap
[2024-10-30T00:47:23.228+0700][gc,heap,exit]  garbage-first heap   total reserved 524288K, committed 524288K, used 22249K [0x00000000e0000000, 0x0000000100000000)
[2024-10-30T00:47:23.228+0700][gc,heap,exit]   region size 1024K, 17 young (17408K), 4 survivors (4096K)
[2024-10-30T00:47:23.228+0700][gc,heap,exit]  Metaspace       used 9640K, committed 9856K, reserved 1114112K
[2024-10-30T00:47:23.228+0700][gc,heap,exit]   class space    used 1022K, committed 1152K, reserved 1048576K
