[2025-01-10T09:47:46.142+0700][gc] Using G1
[2025-01-10T09:47:46.157+0700][gc,init] Version: 17.0.12+8-LTS-286 (release)
[2025-01-10T09:47:46.157+0700][gc,init] CPUs: 12 total, 12 available
[2025-01-10T09:47:46.157+0700][gc,init] Memory: 15766M
[2025-01-10T09:47:46.157+0700][gc,init] Large Page Support: Disabled
[2025-01-10T09:47:46.157+0700][gc,init] NUMA Support: Disabled
[2025-01-10T09:47:46.157+0700][gc,init] Compressed Oops: Enabled (32-bit)
[2025-01-10T09:47:46.157+0700][gc,init] Heap Region Size: 1M
[2025-01-10T09:47:46.157+0700][gc,init] Heap Min Capacity: 512M
[2025-01-10T09:47:46.157+0700][gc,init] Heap Initial Capacity: 512M
[2025-01-10T09:47:46.157+0700][gc,init] Heap Max Capacity: 512M
[2025-01-10T09:47:46.157+0700][gc,init] Pre-touch: Disabled
[2025-01-10T09:47:46.157+0700][gc,init] Parallel Workers: 10
[2025-01-10T09:47:46.157+0700][gc,init] Concurrent Workers: 3
[2025-01-10T09:47:46.157+0700][gc,init] Concurrent Refinement Workers: 10
[2025-01-10T09:47:46.157+0700][gc,init] Periodic GC: Disabled
[2025-01-10T09:47:46.169+0700][gc,metaspace] CDS archive(s) mapped at: [0x000079ec53000000-0x000079ec53bee000-0x000079ec53bee000), size 12509184, SharedBaseAddress: 0x000079ec53000000, ArchiveRelocationMode: 1.
[2025-01-10T09:47:46.169+0700][gc,metaspace] Compressed class space mapped at: 0x000079ec54000000-0x000079ec94000000, reserved size: 1073741824
[2025-01-10T09:47:46.169+0700][gc,metaspace] Narrow klass base: 0x000079ec53000000, Narrow klass shift: 0, Narrow klass range: 0x100000000
[2025-01-10T09:47:53.297+0700][gc,start    ] GC(0) Pause Young (Normal) (G1 Evacuation Pause)
[2025-01-10T09:47:53.297+0700][gc,task     ] GC(0) Using 10 workers of 10 for evacuation
[2025-01-10T09:47:53.300+0700][gc,phases   ] GC(0)   Pre Evacuate Collection Set: 0.0ms
[2025-01-10T09:47:53.300+0700][gc,phases   ] GC(0)   Merge Heap Roots: 0.0ms
[2025-01-10T09:47:53.300+0700][gc,phases   ] GC(0)   Evacuate Collection Set: 1.8ms
[2025-01-10T09:47:53.300+0700][gc,phases   ] GC(0)   Post Evacuate Collection Set: 0.3ms
[2025-01-10T09:47:53.300+0700][gc,phases   ] GC(0)   Other: 0.9ms
[2025-01-10T09:47:53.300+0700][gc,heap     ] GC(0) Eden regions: 25->0(21)
[2025-01-10T09:47:53.300+0700][gc,heap     ] GC(0) Survivor regions: 0->4(4)
[2025-01-10T09:47:53.300+0700][gc,heap     ] GC(0) Old regions: 0->5
[2025-01-10T09:47:53.300+0700][gc,heap     ] GC(0) Archive regions: 2->2
[2025-01-10T09:47:53.300+0700][gc,heap     ] GC(0) Humongous regions: 0->0
[2025-01-10T09:47:53.300+0700][gc,metaspace] GC(0) Metaspace: 8121K(8320K)->8121K(8320K) NonClass: 7209K(7296K)->7209K(7296K) Class: 912K(1024K)->912K(1024K)
[2025-01-10T09:47:53.300+0700][gc          ] GC(0) Pause Young (Normal) (G1 Evacuation Pause) 25M->9M(512M) 3.076ms
[2025-01-10T09:47:53.300+0700][gc,cpu      ] GC(0) User=0.01s Sys=0.01s Real=0.01s
[2025-01-10T09:49:37.291+0700][gc,heap,exit] Heap
[2025-01-10T09:49:37.291+0700][gc,heap,exit]  garbage-first heap   total 524288K, used 14459K [0x00000000e0000000, 0x0000000100000000)
[2025-01-10T09:49:37.291+0700][gc,heap,exit]   region size 1024K, 10 young (10240K), 4 survivors (4096K)
[2025-01-10T09:49:37.291+0700][gc,heap,exit]  Metaspace       used 8407K, committed 8640K, reserved 1114112K
[2025-01-10T09:49:37.292+0700][gc,heap,exit]   class space    used 935K, committed 1024K, reserved 1048576K
