[2024-12-15T22:48:24.662+0700][gc,init] CardTable entry size: 512
[2024-12-15T22:48:24.662+0700][gc     ] Using G1
[2024-12-15T22:48:24.665+0700][gc,init] Version: 23.0.1+11-39 (release)
[2024-12-15T22:48:24.665+0700][gc,init] CPUs: 12 total, 12 available
[2024-12-15T22:48:24.665+0700][gc,init] Memory: 15766M
[2024-12-15T22:48:24.665+0700][gc,init] Large Page Support: Disabled
[2024-12-15T22:48:24.665+0700][gc,init] NUMA Support: Disabled
[2024-12-15T22:48:24.665+0700][gc,init] Compressed Oops: Enabled (32-bit)
[2024-12-15T22:48:24.665+0700][gc,init] Heap Region Size: 1M
[2024-12-15T22:48:24.665+0700][gc,init] Heap Min Capacity: 512M
[2024-12-15T22:48:24.665+0700][gc,init] Heap Initial Capacity: 512M
[2024-12-15T22:48:24.665+0700][gc,init] Heap Max Capacity: 512M
[2024-12-15T22:48:24.665+0700][gc,init] Pre-touch: Disabled
[2024-12-15T22:48:24.665+0700][gc,init] Parallel Workers: 10
[2024-12-15T22:48:24.665+0700][gc,init] Concurrent Workers: 3
[2024-12-15T22:48:24.665+0700][gc,init] Concurrent Refinement Workers: 10
[2024-12-15T22:48:24.665+0700][gc,init] Periodic GC: Disabled
[2024-12-15T22:48:24.670+0700][gc,metaspace] CDS archive(s) mapped at: [0x00007edbfa000000-0x00007edbfad91000-0x00007edbfad91000), size 14225408, SharedBaseAddress: 0x00007edbfa000000, ArchiveRelocationMode: 1.
[2024-12-15T22:48:24.670+0700][gc,metaspace] Compressed class space mapped at: 0x00007edbfb000000-0x00007edc3b000000, reserved size: 1073741824
[2024-12-15T22:48:24.670+0700][gc,metaspace] Narrow klass base: 0x00007edbfa000000, Narrow klass shift: 0, Narrow klass range: 0x100000000
[2024-12-15T22:48:25.177+0700][gc,start    ] GC(0) Pause Young (Normal) (G1 Evacuation Pause)
[2024-12-15T22:48:25.177+0700][gc,task     ] GC(0) Using 10 workers of 10 for evacuation
[2024-12-15T22:48:25.180+0700][gc,phases   ] GC(0)   Pre Evacuate Collection Set: 0.07ms
[2024-12-15T22:48:25.180+0700][gc,phases   ] GC(0)   Merge Heap Roots: 0.04ms
[2024-12-15T22:48:25.180+0700][gc,phases   ] GC(0)   Evacuate Collection Set: 2.30ms
[2024-12-15T22:48:25.180+0700][gc,phases   ] GC(0)   Post Evacuate Collection Set: 0.21ms
[2024-12-15T22:48:25.180+0700][gc,phases   ] GC(0)   Other: 0.56ms
[2024-12-15T22:48:25.180+0700][gc,heap     ] GC(0) Eden regions: 25->0(21)
[2024-12-15T22:48:25.180+0700][gc,heap     ] GC(0) Survivor regions: 0->4(4)
[2024-12-15T22:48:25.180+0700][gc,heap     ] GC(0) Old regions: 2->7
[2024-12-15T22:48:25.180+0700][gc,heap     ] GC(0) Humongous regions: 0->0
[2024-12-15T22:48:25.180+0700][gc,metaspace] GC(0) Metaspace: 8130K(8256K)->8130K(8256K) NonClass: 7235K(7296K)->7235K(7296K) Class: 894K(960K)->894K(960K)
[2024-12-15T22:48:25.180+0700][gc          ] GC(0) Pause Young (Normal) (G1 Evacuation Pause) 26M->9M(512M) 3.322ms
[2024-12-15T22:48:25.180+0700][gc,cpu      ] GC(0) User=0.01s Sys=0.01s Real=0.01s
[2024-12-15T23:55:51.175+0700][gc,heap,exit] Heap
[2024-12-15T23:55:51.176+0700][gc,heap,exit]  garbage-first heap   total reserved 524288K, committed 524288K, used 24935K [0x00000000e0000000, 0x0000000100000000)
[2024-12-15T23:55:51.176+0700][gc,heap,exit]   region size 1024K, 20 young (20480K), 4 survivors (4096K)
[2024-12-15T23:55:51.176+0700][gc,heap,exit]  Metaspace       used 9735K, committed 9984K, reserved 1114112K
[2024-12-15T23:55:51.176+0700][gc,heap,exit]   class space    used 1022K, committed 1152K, reserved 1048576K
