[2024-11-13T07:47:55.024+0700][gc,init] CardTable entry size: 512
[2024-11-13T07:47:55.024+0700][gc     ] Using G1
[2024-11-13T07:47:55.027+0700][gc,init] Version: 23.0.1+11-39 (release)
[2024-11-13T07:47:55.027+0700][gc,init] CPUs: 12 total, 12 available
[2024-11-13T07:47:55.027+0700][gc,init] Memory: 15766M
[2024-11-13T07:47:55.027+0700][gc,init] Large Page Support: Disabled
[2024-11-13T07:47:55.027+0700][gc,init] NUMA Support: Disabled
[2024-11-13T07:47:55.027+0700][gc,init] Compressed Oops: Enabled (32-bit)
[2024-11-13T07:47:55.027+0700][gc,init] Heap Region Size: 1M
[2024-11-13T07:47:55.027+0700][gc,init] Heap Min Capacity: 512M
[2024-11-13T07:47:55.027+0700][gc,init] Heap Initial Capacity: 512M
[2024-11-13T07:47:55.027+0700][gc,init] Heap Max Capacity: 512M
[2024-11-13T07:47:55.027+0700][gc,init] Pre-touch: Disabled
[2024-11-13T07:47:55.027+0700][gc,init] Parallel Workers: 10
[2024-11-13T07:47:55.027+0700][gc,init] Concurrent Workers: 3
[2024-11-13T07:47:55.027+0700][gc,init] Concurrent Refinement Workers: 10
[2024-11-13T07:47:55.027+0700][gc,init] Periodic GC: Disabled
[2024-11-13T07:47:55.032+0700][gc,metaspace] CDS archive(s) mapped at: [0x00007c25de000000-0x00007c25ded91000-0x00007c25ded91000), size 14225408, SharedBaseAddress: 0x00007c25de000000, ArchiveRelocationMode: 1.
[2024-11-13T07:47:55.032+0700][gc,metaspace] Compressed class space mapped at: 0x00007c25df000000-0x00007c261f000000, reserved size: 1073741824
[2024-11-13T07:47:55.032+0700][gc,metaspace] Narrow klass base: 0x00007c25de000000, Narrow klass shift: 0, Narrow klass range: 0x100000000
[2024-11-13T07:47:55.529+0700][gc,heap,exit] Heap
[2024-11-13T07:47:55.529+0700][gc,heap,exit]  garbage-first heap   total reserved 524288K, committed 524288K, used 20603K [0x00000000e0000000, 0x0000000100000000)
[2024-11-13T07:47:55.529+0700][gc,heap,exit]   region size 1024K, 19 young (19456K), 0 survivors (0K)
[2024-11-13T07:47:55.529+0700][gc,heap,exit]  Metaspace       used 6869K, committed 7104K, reserved 1114112K
[2024-11-13T07:47:55.529+0700][gc,heap,exit]   class space    used 756K, committed 896K, reserved 1048576K
